Archive member included to satisfy reference by file (symbol)

/Applications/SEGGER Embedded Studio 3.10i/lib/libc_v6m_t_le_eabi.a(libc_asm.o)
                              Output/ble_app_hrs_c_pca10028_s130 nrf51422_xxac/Obj/bsp.o (__aeabi_uidiv)
/Applications/SEGGER Embedded Studio 3.10i/lib/libc_v6m_t_le_eabi.a(libc2.o)
                              Output/ble_app_hrs_c_pca10028_s130 nrf51422_xxac/Obj/nrf_log_backend_serial.o (isprint)
/Applications/SEGGER Embedded Studio 3.10i/lib/libc_v6m_t_le_eabi.a(libc2_asm.o)
                              Output/ble_app_hrs_c_pca10028_s130 nrf51422_xxac/Obj/wble.o (memcpy)
/Applications/SEGGER Embedded Studio 3.10i/lib/libm_v6m_t_le_eabi.a(libm_asm.o)
                              /Applications/SEGGER Embedded Studio 3.10i/lib/libc_v6m_t_le_eabi.a(libc2.o) (__aeabi_i2f)
/Applications/SEGGER Embedded Studio 3.10i/lib/libm_v6m_t_le_eabi.a(libm2.o)
                              /Applications/SEGGER Embedded Studio 3.10i/lib/libvfprintf_v6m_t_le_eabi.o (frexp)
/Applications/SEGGER Embedded Studio 3.10i/lib/libm_v6m_t_le_eabi.a(libm2_asm.o)
                              /Applications/SEGGER Embedded Studio 3.10i/lib/libm_v6m_t_le_eabi.a(libm2.o) (fabs)

Discarded input sections

 .text          0x00000000        0x0 Output/ble_app_hrs_c_pca10028_s130 nrf51422_xxac/Obj/thumb_crt0.o
 .data          0x00000000        0x0 Output/ble_app_hrs_c_pca10028_s130 nrf51422_xxac/Obj/thumb_crt0.o
 .bss           0x00000000        0x0 Output/ble_app_hrs_c_pca10028_s130 nrf51422_xxac/Obj/thumb_crt0.o
 .text.__aeabi_read_tp
                0x00000000        0x8 Output/ble_app_hrs_c_pca10028_s130 nrf51422_xxac/Obj/thumb_crt0.o
 .text.__heap_lock
                0x00000000        0x2 Output/ble_app_hrs_c_pca10028_s130 nrf51422_xxac/Obj/thumb_crt0.o
 .text.__heap_unlock
                0x00000000        0x2 Output/ble_app_hrs_c_pca10028_s130 nrf51422_xxac/Obj/thumb_crt0.o
 .text.__printf_lock
                0x00000000        0x2 Output/ble_app_hrs_c_pca10028_s130 nrf51422_xxac/Obj/thumb_crt0.o
 .text.__printf_unlock
                0x00000000        0x2 Output/ble_app_hrs_c_pca10028_s130 nrf51422_xxac/Obj/thumb_crt0.o
 .text.__scanf_lock
                0x00000000        0x2 Output/ble_app_hrs_c_pca10028_s130 nrf51422_xxac/Obj/thumb_crt0.o
 .text.__scanf_unlock
                0x00000000        0x2 Output/ble_app_hrs_c_pca10028_s130 nrf51422_xxac/Obj/thumb_crt0.o
 .text.__debug_io_lock
                0x00000000        0x2 Output/ble_app_hrs_c_pca10028_s130 nrf51422_xxac/Obj/thumb_crt0.o
 .text.__debug_io_unlock
                0x00000000        0x2 Output/ble_app_hrs_c_pca10028_s130 nrf51422_xxac/Obj/thumb_crt0.o
 .text.abort    0x00000000        0x2 Output/ble_app_hrs_c_pca10028_s130 nrf51422_xxac/Obj/thumb_crt0.o
 .text.__assert
                0x00000000        0x2 Output/ble_app_hrs_c_pca10028_s130 nrf51422_xxac/Obj/thumb_crt0.o
 .text.__aeabi_assert
                0x00000000        0x2 Output/ble_app_hrs_c_pca10028_s130 nrf51422_xxac/Obj/thumb_crt0.o
 .text.__cxa_pure_virtual
                0x00000000        0x2 Output/ble_app_hrs_c_pca10028_s130 nrf51422_xxac/Obj/thumb_crt0.o
 .text.__cxa_guard_acquire
                0x00000000       0x10 Output/ble_app_hrs_c_pca10028_s130 nrf51422_xxac/Obj/thumb_crt0.o
 .text.__cxa_guard_release
                0x00000000        0x6 Output/ble_app_hrs_c_pca10028_s130 nrf51422_xxac/Obj/thumb_crt0.o
 .text.__cxa_guard_abort
                0x00000000        0x2 Output/ble_app_hrs_c_pca10028_s130 nrf51422_xxac/Obj/thumb_crt0.o
 .text.__getchar
                0x00000000        0x8 Output/ble_app_hrs_c_pca10028_s130 nrf51422_xxac/Obj/thumb_crt0.o
 .text.__putchar
                0x00000000        0x8 Output/ble_app_hrs_c_pca10028_s130 nrf51422_xxac/Obj/thumb_crt0.o
 .bss.__user_locale_name_buffer
                0x00000000        0x4 Output/ble_app_hrs_c_pca10028_s130 nrf51422_xxac/Obj/thumb_crt0.o
 .stack         0x00000000        0x0 Output/ble_app_hrs_c_pca10028_s130 nrf51422_xxac/Obj/thumb_crt0.o
 .stack_process
                0x00000000        0x0 Output/ble_app_hrs_c_pca10028_s130 nrf51422_xxac/Obj/thumb_crt0.o
 .heap          0x00000000        0x0 Output/ble_app_hrs_c_pca10028_s130 nrf51422_xxac/Obj/thumb_crt0.o
 .text          0x00000000        0x0 Output/ble_app_hrs_c_pca10028_s130 nrf51422_xxac/Obj/system_nrf51.o
 .data          0x00000000        0x0 Output/ble_app_hrs_c_pca10028_s130 nrf51422_xxac/Obj/system_nrf51.o
 .bss           0x00000000        0x0 Output/ble_app_hrs_c_pca10028_s130 nrf51422_xxac/Obj/system_nrf51.o
 .text.SystemCoreClockUpdate
                0x00000000       0x18 Output/ble_app_hrs_c_pca10028_s130 nrf51422_xxac/Obj/system_nrf51.o
 .text          0x00000000        0x0 Output/ble_app_hrs_c_pca10028_s130 nrf51422_xxac/Obj/ses_nrf51_startup.o
 .data          0x00000000        0x0 Output/ble_app_hrs_c_pca10028_s130 nrf51422_xxac/Obj/ses_nrf51_startup.o
[...]
Memory Configuration

Name             Origin             Length             Attributes
UNPLACED_SECTIONS 0xffffffff         0x00000000         xw
SRAM             0x20000000         0x00008000         xw
FLASH            0x00000000         0x00040000         xr
*default*        0x00000000         0xffffffff

Linker script and memory map

                0x0002badc                __vfprintf = __vfprintf_int_nwp
                0x00000000                __vfscanf = __vfscanf_int
                0x20000000                __SRAM_segment_start__ = 0x20000000
                0x20008000                __SRAM_segment_end__ = 0x20008000
                0x00008000                __SRAM_segment_size__ = 0x8000
                0x00000000                __FLASH_segment_start__ = 0x0
                0x00040000                __FLASH_segment_end__ = 0x40000
                0x00040000                __FLASH_segment_size__ = 0x40000
                0x00000400                __HEAPSIZE__ = 0x400
                0x00000000                __STACKSIZE_ABT__ = 0x0
                0x00000000                __STACKSIZE_FIQ__ = 0x0
                0x00000000                __STACKSIZE_IRQ__ = 0x0
                0x00000000                __STACKSIZE_PROCESS__ = 0x0
                0x00000000                __STACKSIZE_SVC__ = 0x0
                0x00000000                __STACKSIZE_UND__ = 0x0
                0x00000400                __STACKSIZE__ = 0x400
                0x20001eb0                __vectors_ram_load_start__ = 0x20001eb0

.vectors_ram    0x20001eb0        0x0
                0x20001eb0                __vectors_ram_start__ = .
 *(.vectors_ram .vectors_ram.*)
                0x20001eb0                __vectors_ram_end__ = (__vectors_ram_start__ + SIZEOF (.vectors_ram))
                0x00000000                __vectors_ram_size__ = SIZEOF (.vectors_ram)
                0x20001eb0                __vectors_ram_load_end__ = __vectors_ram_end__
                0x00000001                . = ASSERT (((__vectors_ram_start__ == __vectors_ram_end__) || ((__vectors_ram_end__ >= __SRAM_segment_start__) && (__vectors_ram_end__ <= __SRAM_segment_end__))), error: .vectors_ram is too large to fit in SRAM memory segment)
                0x0001b000                __vectors_load_start__ = 0x1b000

.vectors        0x0001b000       0xc0
                0x0001b000                __vectors_start__ = .
 *(.vectors .vectors.*)
 .vectors       0x0001b000       0xc0 Output/ble_app_hrs_c_pca10028_s130 nrf51422_xxac/Obj/ses_nrf51_startup.o
                0x0001b000                _vectors
                0x0001b0c0                __vectors_end__ = (__vectors_start__ + SIZEOF (.vectors))
                0x000000c0                __vectors_size__ = SIZEOF (.vectors)
                0x0001b0c0                __vectors_load_end__ = __vectors_end__
                0x00000001                . = ASSERT (((__vectors_start__ == __vectors_end__) || ((__vectors_end__ >= __FLASH_segment_start__) && (__vectors_end__ <= __FLASH_segment_end__))), error: .vectors is too large to fit in FLASH memory segment)
                0x0001b0c0                __init_load_start__ = ALIGN (__vectors_end__, 0x4)

.init           0x0001b0c0      0x1d4
                0x0001b0c0                __init_start__ = .
 *(.init .init.*)
 .init          0x0001b0c0      0x16c Output/ble_app_hrs_c_pca10028_s130 nrf51422_xxac/Obj/thumb_crt0.o
                0x0001b0c0                _start
                0x0001b17c                exit
 .init          0x0001b22c       0x68 Output/ble_app_hrs_c_pca10028_s130 nrf51422_xxac/Obj/ses_nrf51_startup.o
                0x0001b22c                NMI_Handler
                0x0001b22e                HardFault_Handler
                0x0001b230                SVC_Handler
                0x0001b232                PendSV_Handler
                0x0001b234                SysTick_Handler
                0x0001b238                RADIO_IRQHandler
                0x0001b23c                SPI0_TWI0_IRQHandler
                0x0001b23e                SPI1_TWI1_IRQHandler
                0x0001b242                ADC_IRQHandler
                0x0001b244                TIMER0_IRQHandler
                0x0001b246                TIMER1_IRQHandler
                0x0001b248                TIMER2_IRQHandler
                0x0001b24a                RTC0_IRQHandler
                0x0001b24c                TEMP_IRQHandler
                0x0001b24e                RNG_IRQHandler
                0x0001b250                ECB_IRQHandler
                0x0001b252                CCM_AAR_IRQHandler
                0x0001b254                WDT_IRQHandler
                0x0001b258                QDEC_IRQHandler
                0x0001b25a                LPCOMP_IRQHandler
                0x0001b25e                SWI1_IRQHandler
                0x0001b262                SWI3_IRQHandler
                0x0001b264                SWI4_IRQHandler
                0x0001b266                SWI5_IRQHandler
                0x0001b268                reset_handler
                0x0001b294                __init_end__ = (__init_start__ + SIZEOF (.init))
                0x000001d4                __init_size__ = SIZEOF (.init)
                0x0001b294                __init_load_end__ = __init_end__
                0x00000001                . = ASSERT (((__init_start__ == __init_end__) || ((__init_end__ >= __FLASH_segment_start__) && (__init_end__ <= __FLASH_segment_end__))), error: .init is too large to fit in FLASH memory segment)
                0x0001b294                __init_rodata_load_start__ = ALIGN (__init_end__, 0x4)

.init_rodata    0x0001b294        0x0
                0x0001b294                __init_rodata_start__ = .
 *(.init_rodata .init_rodata.*)
                0x0001b294                __init_rodata_end__ = (__init_rodata_start__ + SIZEOF (.init_rodata))
                0x00000000                __init_rodata_size__ = SIZEOF (.init_rodata)
                0x0001b294                __init_rodata_load_end__ = __init_rodata_end__
                0x00000001                . = ASSERT (((__init_rodata_start__ == __init_rodata_end__) || ((__init_rodata_end__ >= __FLASH_segment_start__) && (__init_rodata_end__ <= __FLASH_segment_end__))), error: .init_rodata is too large to fit in FLASH memory segment)
                0x0001b294                __text_load_start__ = ALIGN (__init_rodata_end__, 0x4)

.text           0x0001b294    0x10b84
                0x0001b294                __text_start__ = .
 *(.text .text.* .glue_7t .glue_7 .gnu.linkonce.t.* .gcc_except_table .ARM.extab* .gnu.linkonce.armextab.*)
 .glue_7        0x0001b294        0x0 linker stubs
 .glue_7t       0x0001b294        0x0 linker stubs
 .text.SystemInit
                0x0001b294       0x74 Output/ble_app_hrs_c_pca10028_s130 nrf51422_xxac/Obj/system_nrf51.o
                0x0001b294                SystemInit
 .text.is_manual_peripheral_setup_needed
                0x0001b308       0x80 Output/ble_app_hrs_c_pca10028_s130 nrf51422_xxac/Obj/system_nrf51.o
 .text.is_disabled_in_debug_needed
                0x0001b388       0x4c Output/ble_app_hrs_c_pca10028_s130 nrf51422_xxac/Obj/system_nrf51.o
 .text.is_peripheral_domain_setup_needed
                0x0001b3d4       0x68 Output/ble_app_hrs_c_pca10028_s130 nrf51422_xxac/Obj/system_nrf51.o
 .text.sd_app_evt_wait
                0x0001b43c        0x8 Output/ble_app_hrs_c_pca10028_s130 nrf51422_xxac/Obj/main.o
 .text.log_init
                0x0001b444       0x2c Output/ble_app_hrs_c_pca10028_s130 nrf51422_xxac/Obj/main.o
 .text.power_manage
                0x0001b470       0x28 Output/ble_app_hrs_c_pca10028_s130 nrf51422_xxac/Obj/main.o
 .text.main     0x0001b498       0x68 Output/ble_app_hrs_c_pca10028_s130 nrf51422_xxac/Obj/main.o
                0x0001b498                main
 .text.sd_power_system_off
                0x0001b500        0x8 Output/ble_app_hrs_c_pca10028_s130 nrf51422_xxac/Obj/wble.o
 .text.sd_ble_gap_conn_param_update
                0x0001b508        0x8 Output/ble_app_hrs_c_pca10028_s130 nrf51422_xxac/Obj/wble.o
 .text.sd_ble_gap_disconnect
                0x0001b510        0x8 Output/ble_app_hrs_c_pca10028_s130 nrf51422_xxac/Obj/wble.o
 .text.sd_ble_gap_scan_start
                0x0001b518        0x8 Output/ble_app_hrs_c_pca10028_s130 nrf51422_xxac/Obj/wble.o
 .text.sd_ble_gap_scan_stop
                0x0001b520        0x8 Output/ble_app_hrs_c_pca10028_s130 nrf51422_xxac/Obj/wble.o
 .text.sd_ble_gap_connect
                0x0001b528        0x8 Output/ble_app_hrs_c_pca10028_s130 nrf51422_xxac/Obj/wble.o
 .text.db_disc_handler
                0x0001b530       0x30 Output/ble_app_hrs_c_pca10028_s130 nrf51422_xxac/Obj/wble.o
 .text.pm_evt_handler
                0x0001b560      0x120 Output/ble_app_hrs_c_pca10028_s130 nrf51422_xxac/Obj/wble.o
 .text.adv_report_parse
                0x0001b680       0x90 Output/ble_app_hrs_c_pca10028_s130 nrf51422_xxac/Obj/wble.o
 .text.sleep_mode_enter
                0x0001b710       0x60 Output/ble_app_hrs_c_pca10028_s130 nrf51422_xxac/Obj/wble.o
 .text.find_adv_name
                0x0001b770       0xac Output/ble_app_hrs_c_pca10028_s130 nrf51422_xxac/Obj/wble.o
 .text.find_peer_addr
                0x0001b81c       0x38 Output/ble_app_hrs_c_pca10028_s130 nrf51422_xxac/Obj/wble.o
 .text.find_adv_uuid
                0x0001b854       0xe8 Output/ble_app_hrs_c_pca10028_s130 nrf51422_xxac/Obj/wble.o
 .text.on_ble_evt
                0x0001b93c      0x2c4 Output/ble_app_hrs_c_pca10028_s130 nrf51422_xxac/Obj/wble.o
 .text.on_sys_evt
                0x0001bc00       0x38 Output/ble_app_hrs_c_pca10028_s130 nrf51422_xxac/Obj/wble.o
 .text.ble_evt_dispatch
                0x0001bc38       0x70 Output/ble_app_hrs_c_pca10028_s130 nrf51422_xxac/Obj/wble.o
 .text.sys_evt_dispatch
                0x0001bca8       0x20 Output/ble_app_hrs_c_pca10028_s130 nrf51422_xxac/Obj/wble.o
 .text.ble_stack_init
                0x0001bcc8       0xd0 Output/ble_app_hrs_c_pca10028_s130 nrf51422_xxac/Obj/wble.o
 .text.peer_manager_init
                0x0001bd98      0x130 Output/ble_app_hrs_c_pca10028_s130 nrf51422_xxac/Obj/wble.o
 .text.whitelist_disable
                0x0001bec8       0x38 Output/ble_app_hrs_c_pca10028_s130 nrf51422_xxac/Obj/wble.o
 .text.bsp_event_handler
                0x0001bf00       0x64 Output/ble_app_hrs_c_pca10028_s130 nrf51422_xxac/Obj/wble.o
                0x0001bf00                bsp_event_handler
 .text.hrs_c_evt_handler
                0x0001bf64       0xc0 Output/ble_app_hrs_c_pca10028_s130 nrf51422_xxac/Obj/wble.o
 .text.bas_c_evt_handler
                0x0001c024       0xe0 Output/ble_app_hrs_c_pca10028_s130 nrf51422_xxac/Obj/wble.o
 .text.hrs_c_init
                0x0001c104       0x3c Output/ble_app_hrs_c_pca10028_s130 nrf51422_xxac/Obj/wble.o
 .text.bas_c_init
                0x0001c140       0x3c Output/ble_app_hrs_c_pca10028_s130 nrf51422_xxac/Obj/wble.o
 .text.db_discovery_init
                0x0001c17c       0x30 Output/ble_app_hrs_c_pca10028_s130 nrf51422_xxac/Obj/wble.o
 .text.peer_list_get
                0x0001c1ac       0x7c Output/ble_app_hrs_c_pca10028_s130 nrf51422_xxac/Obj/wble.o
 .text.whitelist_load
                0x0001c228       0x78 Output/ble_app_hrs_c_pca10028_s130 nrf51422_xxac/Obj/wble.o
 .text.scan_start
                0x0001c2a0      0x238 Output/ble_app_hrs_c_pca10028_s130 nrf51422_xxac/Obj/wble.o
 .text.buttons_leds_init
                0x0001c4d8       0x70 Output/ble_app_hrs_c_pca10028_s130 nrf51422_xxac/Obj/wble.o
 .text.gatt_evt_handler
                0x0001c548       0x74 Output/ble_app_hrs_c_pca10028_s130 nrf51422_xxac/Obj/wble.o
                0x0001c548                gatt_evt_handler
 .text.gatt_init
                0x0001c5bc       0x38 Output/ble_app_hrs_c_pca10028_s130 nrf51422_xxac/Obj/wble.o
                0x0001c5bc                gatt_init
 .text.wble_init
                0x0001c5f4       0x60 Output/ble_app_hrs_c_pca10028_s130 nrf51422_xxac/Obj/wble.o
                0x0001c5f4                wble_init
 .text.nrf_gpio_pin_port_decode
                0x0001c654       0x14 Output/ble_app_hrs_c_pca10028_s130 nrf51422_xxac/Obj/boards.o
 .text.nrf_gpio_cfg
                0x0001c668       0x68 Output/ble_app_hrs_c_pca10028_s130 nrf51422_xxac/Obj/boards.o
 .text.nrf_gpio_cfg_output
                0x0001c6d0       0x24 Output/ble_app_hrs_c_pca10028_s130 nrf51422_xxac/Obj/boards.o
 .text.nrf_gpio_pin_set
                0x0001c6f4       0x2c Output/ble_app_hrs_c_pca10028_s130 nrf51422_xxac/Obj/boards.o
 .text.nrf_gpio_pin_clear
                0x0001c720       0x2c Output/ble_app_hrs_c_pca10028_s130 nrf51422_xxac/Obj/boards.o
 .text.nrf_gpio_pin_toggle
                0x0001c74c       0x58 Output/ble_app_hrs_c_pca10028_s130 nrf51422_xxac/Obj/boards.o
 .text.nrf_gpio_pin_write
                0x0001c7a4       0x2c Output/ble_app_hrs_c_pca10028_s130 nrf51422_xxac/Obj/boards.o
 .text.nrf_gpio_pin_read
                0x0001c7d0       0x30 Output/ble_app_hrs_c_pca10028_s130 nrf51422_xxac/Obj/boards.o
 .text.nrf_gpio_pin_out_read
                0x0001c800       0x30 Output/ble_app_hrs_c_pca10028_s130 nrf51422_xxac/Obj/boards.o
 .text.nrf_gpio_port_in_read
                0x0001c830       0x18 Output/ble_app_hrs_c_pca10028_s130 nrf51422_xxac/Obj/boards.o
 .text.nrf_gpio_port_out_read
                0x0001c848       0x1c Output/ble_app_hrs_c_pca10028_s130 nrf51422_xxac/Obj/boards.o
 .text.nrf_gpio_port_out_set
                0x0001c864       0x1c Output/ble_app_hrs_c_pca10028_s130 nrf51422_xxac/Obj/boards.o
 .text.nrf_gpio_port_out_clear
                0x0001c880       0x20 Output/ble_app_hrs_c_pca10028_s130 nrf51422_xxac/Obj/boards.o
 .text.bsp_board_led_state_get
                0x0001c8a0       0x48 Output/ble_app_hrs_c_pca10028_s130 nrf51422_xxac/Obj/boards.o
                0x0001c8a0                bsp_board_led_state_get
 .text.bsp_board_led_on
                0x0001c8e8       0x24 Output/ble_app_hrs_c_pca10028_s130 nrf51422_xxac/Obj/boards.o
                0x0001c8e8                bsp_board_led_on
 .text.bsp_board_led_off
                0x0001c90c       0x24 Output/ble_app_hrs_c_pca10028_s130 nrf51422_xxac/Obj/boards.o
                0x0001c90c                bsp_board_led_off
 .text.bsp_board_leds_off
                0x0001c930       0x28 Output/ble_app_hrs_c_pca10028_s130 nrf51422_xxac/Obj/boards.o
                0x0001c930                bsp_board_leds_off
 .text.bsp_board_leds_on
                0x0001c958       0x28 Output/ble_app_hrs_c_pca10028_s130 nrf51422_xxac/Obj/boards.o
                0x0001c958                bsp_board_leds_on
 .text.bsp_board_led_invert
                0x0001c980       0x24 Output/ble_app_hrs_c_pca10028_s130 nrf51422_xxac/Obj/boards.o
                0x0001c980                bsp_board_led_invert
 .text.bsp_board_leds_init
                0x0001c9a4       0x38 Output/ble_app_hrs_c_pca10028_s130 nrf51422_xxac/Obj/boards.o
                0x0001c9a4                bsp_board_leds_init
 .text.bsp_board_button_state_get
                0x0001c9dc       0x48 Output/ble_app_hrs_c_pca10028_s130 nrf51422_xxac/Obj/boards.o
                0x0001c9dc                bsp_board_button_state_get
 .text.bsp_board_pin_to_button_idx
                0x0001ca24       0x44 Output/ble_app_hrs_c_pca10028_s130 nrf51422_xxac/Obj/boards.o
                0x0001ca24                bsp_board_pin_to_button_idx
 .text.bsp_board_button_idx_to_pin
                0x0001ca68       0x1c Output/ble_app_hrs_c_pca10028_s130 nrf51422_xxac/Obj/boards.o
                0x0001ca68                bsp_board_button_idx_to_pin
 .text.connection_buttons_configure
                0x0001ca84       0x6c Output/ble_app_hrs_c_pca10028_s130 nrf51422_xxac/Obj/bsp_btn_ble.o
 .text.advertising_buttons_configure
                0x0001caf0       0x6c Output/ble_app_hrs_c_pca10028_s130 nrf51422_xxac/Obj/bsp_btn_ble.o
 .text.startup_event_extract
                0x0001cb5c       0x3c Output/ble_app_hrs_c_pca10028_s130 nrf51422_xxac/Obj/bsp_btn_ble.o
 .text.bsp_btn_ble_sleep_mode_prepare
                0x0001cb98       0x44 Output/ble_app_hrs_c_pca10028_s130 nrf51422_xxac/Obj/bsp_btn_ble.o
                0x0001cb98                bsp_btn_ble_sleep_mode_prepare
 .text.bsp_btn_ble_on_ble_evt
                0x0001cbdc       0x90 Output/ble_app_hrs_c_pca10028_s130 nrf51422_xxac/Obj/bsp_btn_ble.o
                0x0001cbdc                bsp_btn_ble_on_ble_evt
 .text.bsp_btn_ble_init
                0x0001cc6c       0x44 Output/ble_app_hrs_c_pca10028_s130 nrf51422_xxac/Obj/bsp_btn_ble.o
                0x0001cc6c                bsp_btn_ble_init
 .text.nrf_gpio_pin_port_decode
                0x0001ccb0       0x14 Output/ble_app_hrs_c_pca10028_s130 nrf51422_xxac/Obj/bsp.o
 .text.nrf_gpio_cfg_sense_set
                0x0001ccc4       0x64 Output/ble_app_hrs_c_pca10028_s130 nrf51422_xxac/Obj/bsp.o
 .text.bsp_button_is_pressed
                0x0001cd28       0x1c Output/ble_app_hrs_c_pca10028_s130 nrf51422_xxac/Obj/bsp.o
                0x0001cd28                bsp_button_is_pressed
 .text.bsp_button_event_handler
                0x0001cd44      0x148 Output/ble_app_hrs_c_pca10028_s130 nrf51422_xxac/Obj/bsp.o
 .text.button_timer_handler
                0x0001ce8c       0x1c Output/ble_app_hrs_c_pca10028_s130 nrf51422_xxac/Obj/bsp.o
 .text.bsp_led_indication
                0x0001cea8      0x38c Output/ble_app_hrs_c_pca10028_s130 nrf51422_xxac/Obj/bsp.o
 .text.leds_timer_handler
                0x0001d234       0x2c Output/ble_app_hrs_c_pca10028_s130 nrf51422_xxac/Obj/bsp.o
 .text.alert_timer_handler
                0x0001d260       0x18 Output/ble_app_hrs_c_pca10028_s130 nrf51422_xxac/Obj/bsp.o
 .text.bsp_indication_set
                0x0001d278       0x38 Output/ble_app_hrs_c_pca10028_s130 nrf51422_xxac/Obj/bsp.o
                0x0001d278                bsp_indication_set
 .text.bsp_init
                0x0001d2b0       0xf8 Output/ble_app_hrs_c_pca10028_s130 nrf51422_xxac/Obj/bsp.o
                0x0001d2b0                bsp_init
 .text.bsp_event_to_button_action_assign
                0x0001d3a8       0xac Output/ble_app_hrs_c_pca10028_s130 nrf51422_xxac/Obj/bsp.o
                0x0001d3a8                bsp_event_to_button_action_assign
 .text.bsp_wakeup_button_enable
                0x0001d454       0x24 Output/ble_app_hrs_c_pca10028_s130 nrf51422_xxac/Obj/bsp.o
                0x0001d454                bsp_wakeup_button_enable
 .text.sd_ble_gattc_primary_services_discover
                0x0001d478        0x8 Output/ble_app_hrs_c_pca10028_s130 nrf51422_xxac/Obj/ble_db_discovery.o
 .text.sd_ble_gattc_characteristics_discover
                0x0001d480        0x8 Output/ble_app_hrs_c_pca10028_s130 nrf51422_xxac/Obj/ble_db_discovery.o
 .text.sd_ble_gattc_descriptors_discover
                0x0001d488        0x8 Output/ble_app_hrs_c_pca10028_s130 nrf51422_xxac/Obj/ble_db_discovery.o
 .text.registered_handler_get
                0x0001d490       0x60 Output/ble_app_hrs_c_pca10028_s130 nrf51422_xxac/Obj/ble_db_discovery.o
 .text.registered_handler_set
                0x0001d4f0       0x58 Output/ble_app_hrs_c_pca10028_s130 nrf51422_xxac/Obj/ble_db_discovery.o
 .text.pending_user_evts_send
                0x0001d548       0x58 Output/ble_app_hrs_c_pca10028_s130 nrf51422_xxac/Obj/ble_db_discovery.o
 .text.discovery_error_evt_trigger
                0x0001d5a0       0x64 Output/ble_app_hrs_c_pca10028_s130 nrf51422_xxac/Obj/ble_db_discovery.o
 .text.discovery_complete_evt_trigger
                0x0001d604       0xe0 Output/ble_app_hrs_c_pca10028_s130 nrf51422_xxac/Obj/ble_db_discovery.o
 .text.on_srv_disc_completion
                0x0001d6e4      0x104 Output/ble_app_hrs_c_pca10028_s130 nrf51422_xxac/Obj/ble_db_discovery.o
 .text.is_char_discovery_reqd
                0x0001d7e8       0x38 Output/ble_app_hrs_c_pca10028_s130 nrf51422_xxac/Obj/ble_db_discovery.o
 .text.is_desc_discovery_reqd
                0x0001d820       0x94 Output/ble_app_hrs_c_pca10028_s130 nrf51422_xxac/Obj/ble_db_discovery.o
 .text.characteristics_discover
                0x0001d8b4       0xa8 Output/ble_app_hrs_c_pca10028_s130 nrf51422_xxac/Obj/ble_db_discovery.o
 .text.descriptors_discover
                0x0001d95c      0x138 Output/ble_app_hrs_c_pca10028_s130 nrf51422_xxac/Obj/ble_db_discovery.o
 .text.on_primary_srv_discovery_rsp
                0x0001da94       0xfc Output/ble_app_hrs_c_pca10028_s130 nrf51422_xxac/Obj/ble_db_discovery.o
 .text.on_characteristic_discovery_rsp
                0x0001db90      0x26c Output/ble_app_hrs_c_pca10028_s130 nrf51422_xxac/Obj/ble_db_discovery.o
 .text.on_descriptor_discovery_rsp
                0x0001ddfc      0x200 Output/ble_app_hrs_c_pca10028_s130 nrf51422_xxac/Obj/ble_db_discovery.o
 .text.ble_db_discovery_init
                0x0001dffc       0x48 Output/ble_app_hrs_c_pca10028_s130 nrf51422_xxac/Obj/ble_db_discovery.o
                0x0001dffc                ble_db_discovery_init
 .text.ble_db_discovery_evt_register
                0x0001e044       0x44 Output/ble_app_hrs_c_pca10028_s130 nrf51422_xxac/Obj/ble_db_discovery.o
                0x0001e044                ble_db_discovery_evt_register
 .text.ble_db_discovery_start
                0x0001e088       0xfc Output/ble_app_hrs_c_pca10028_s130 nrf51422_xxac/Obj/ble_db_discovery.o
                0x0001e088                ble_db_discovery_start
 .text.on_disconnected
                0x0001e184       0x30 Output/ble_app_hrs_c_pca10028_s130 nrf51422_xxac/Obj/ble_db_discovery.o
 .text.ble_db_discovery_on_ble_evt
                0x0001e1b4       0x94 Output/ble_app_hrs_c_pca10028_s130 nrf51422_xxac/Obj/ble_db_discovery.o
                0x0001e1b4                ble_db_discovery_on_ble_evt
 .text.record_activate
                0x0001e248       0x80 Output/ble_app_hrs_c_pca10028_s130 nrf51422_xxac/Obj/ble_conn_state.o
 .text.record_invalidate
                0x0001e2c8       0x30 Output/ble_app_hrs_c_pca10028_s130 nrf51422_xxac/Obj/ble_conn_state.o
 .text.record_set_disconnected
                0x0001e2f8       0x2c Output/ble_app_hrs_c_pca10028_s130 nrf51422_xxac/Obj/ble_conn_state.o
 .text.record_purge_disconnected
                0x0001e324       0x74 Output/ble_app_hrs_c_pca10028_s130 nrf51422_xxac/Obj/ble_conn_state.o
 .text.user_flag_is_acquired
                0x0001e398       0x30 Output/ble_app_hrs_c_pca10028_s130 nrf51422_xxac/Obj/ble_conn_state.o
 .text.user_flag_acquire
                0x0001e3c8       0x2c Output/ble_app_hrs_c_pca10028_s130 nrf51422_xxac/Obj/ble_conn_state.o
 .text.ble_conn_state_on_ble_evt
                0x0001e3f4       0xcc Output/ble_app_hrs_c_pca10028_s130 nrf51422_xxac/Obj/ble_conn_state.o
                0x0001e3f4                ble_conn_state_on_ble_evt
 .text.ble_conn_state_role
                0x0001e4c0       0x6c Output/ble_app_hrs_c_pca10028_s130 nrf51422_xxac/Obj/ble_conn_state.o
                0x0001e4c0                ble_conn_state_role
 .text.ble_conn_state_encrypted
                0x0001e52c       0x30 Output/ble_app_hrs_c_pca10028_s130 nrf51422_xxac/Obj/ble_conn_state.o
                0x0001e52c                ble_conn_state_encrypted
 .text.ble_conn_state_mitm_protected
                0x0001e55c       0x30 Output/ble_app_hrs_c_pca10028_s130 nrf51422_xxac/Obj/ble_conn_state.o
                0x0001e55c                ble_conn_state_mitm_protected
 .text.ble_conn_state_n_centrals
                0x0001e58c       0x24 Output/ble_app_hrs_c_pca10028_s130 nrf51422_xxac/Obj/ble_conn_state.o
                0x0001e58c                ble_conn_state_n_centrals
 .text.ble_conn_state_conn_handles
                0x0001e5b0       0x28 Output/ble_app_hrs_c_pca10028_s130 nrf51422_xxac/Obj/ble_conn_state.o
                0x0001e5b0                ble_conn_state_conn_handles
 .text.ble_conn_state_user_flag_acquire
                0x0001e5d8       0x54 Output/ble_app_hrs_c_pca10028_s130 nrf51422_xxac/Obj/ble_conn_state.o
                0x0001e5d8                ble_conn_state_user_flag_acquire
 .text.ble_conn_state_user_flag_get
                0x0001e62c       0x4c Output/ble_app_hrs_c_pca10028_s130 nrf51422_xxac/Obj/ble_conn_state.o
                0x0001e62c                ble_conn_state_user_flag_get
 .text.ble_conn_state_user_flag_set
                0x0001e678       0x5c Output/ble_app_hrs_c_pca10028_s130 nrf51422_xxac/Obj/ble_conn_state.o
                0x0001e678                ble_conn_state_user_flag_set
 .text.ble_conn_state_user_flag_collection
                0x0001e6d4       0x34 Output/ble_app_hrs_c_pca10028_s130 nrf51422_xxac/Obj/ble_conn_state.o
                0x0001e6d4                ble_conn_state_user_flag_collection
 .text.sdk_mapped_flags_any_set
                0x0001e708       0x20 Output/ble_app_hrs_c_pca10028_s130 nrf51422_xxac/Obj/gatt_cache_manager.o
 .text.internal_state_reset
                0x0001e728       0x14 Output/ble_app_hrs_c_pca10028_s130 nrf51422_xxac/Obj/gatt_cache_manager.o
 .text.evt_send
                0x0001e73c       0x34 Output/ble_app_hrs_c_pca10028_s130 nrf51422_xxac/Obj/gatt_cache_manager.o
 .text.cccd_written
                0x0001e770       0x3c Output/ble_app_hrs_c_pca10028_s130 nrf51422_xxac/Obj/gatt_cache_manager.o
 .text.local_db_apply_in_evt
                0x0001e7ac      0x11c Output/ble_app_hrs_c_pca10028_s130 nrf51422_xxac/Obj/gatt_cache_manager.o
 .text.local_db_update_in_evt
                0x0001e8c8      0x140 Output/ble_app_hrs_c_pca10028_s130 nrf51422_xxac/Obj/gatt_cache_manager.o
 .text.service_changed_send_in_evt
                0x0001ea08      0x130 Output/ble_app_hrs_c_pca10028_s130 nrf51422_xxac/Obj/gatt_cache_manager.o
 .text.gcm_gscm_evt_handler
                0x0001eb38       0xb8 Output/ble_app_hrs_c_pca10028_s130 nrf51422_xxac/Obj/gatt_cache_manager.o
                0x0001eb38                gcm_gscm_evt_handler
 .text.gcm_im_evt_handler
                0x0001ebf0       0x48 Output/ble_app_hrs_c_pca10028_s130 nrf51422_xxac/Obj/gatt_cache_manager.o
                0x0001ebf0                gcm_im_evt_handler
 .text.gcm_smd_evt_handler
                0x0001ec38       0x28 Output/ble_app_hrs_c_pca10028_s130 nrf51422_xxac/Obj/gatt_cache_manager.o
                0x0001ec38                gcm_smd_evt_handler
 .text.gcm_init
                0x0001ec60       0x80 Output/ble_app_hrs_c_pca10028_s130 nrf51422_xxac/Obj/gatt_cache_manager.o
                0x0001ec60                gcm_init
 .text.apply_pending_flags_check
                0x0001ece0       0x98 Output/ble_app_hrs_c_pca10028_s130 nrf51422_xxac/Obj/gatt_cache_manager.o
 .text.update_pending_flags_check
                0x0001ed78       0x98 Output/ble_app_hrs_c_pca10028_s130 nrf51422_xxac/Obj/gatt_cache_manager.o
 .text.service_changed_pending_flags_check
                0x0001ee10       0xc4 Output/ble_app_hrs_c_pca10028_s130 nrf51422_xxac/Obj/gatt_cache_manager.o
 .text.gcm_ble_evt_handler
                0x0001eed4       0xa8 Output/ble_app_hrs_c_pca10028_s130 nrf51422_xxac/Obj/gatt_cache_manager.o
                0x0001eed4                gcm_ble_evt_handler
 .text.gcm_local_database_has_changed
                0x0001ef7c       0x88 Output/ble_app_hrs_c_pca10028_s130 nrf51422_xxac/Obj/gatt_cache_manager.o
                0x0001ef7c                gcm_local_database_has_changed
 .text.sd_ble_gatts_service_changed
                0x0001f004        0x8 Output/ble_app_hrs_c_pca10028_s130 nrf51422_xxac/Obj/gatts_cache_manager.o
 .text.sd_ble_gatts_sys_attr_set
                0x0001f00c        0x8 Output/ble_app_hrs_c_pca10028_s130 nrf51422_xxac/Obj/gatts_cache_manager.o
 .text.sd_ble_gatts_sys_attr_get
                0x0001f014        0x8 Output/ble_app_hrs_c_pca10028_s130 nrf51422_xxac/Obj/gatts_cache_manager.o
 .text.internal_state_reset
                0x0001f01c       0x20 Output/ble_app_hrs_c_pca10028_s130 nrf51422_xxac/Obj/gatts_cache_manager.o
 .text.evt_send
                0x0001f03c       0x34 Output/ble_app_hrs_c_pca10028_s130 nrf51422_xxac/Obj/gatts_cache_manager.o
 .text.service_changed_pending_set
                0x0001f070       0x6c Output/ble_app_hrs_c_pca10028_s130 nrf51422_xxac/Obj/gatts_cache_manager.o
 .text.gscm_pdb_evt_handler
                0x0001f0dc       0x74 Output/ble_app_hrs_c_pca10028_s130 nrf51422_xxac/Obj/gatts_cache_manager.o
                0x0001f0dc                gscm_pdb_evt_handler
 .text.gscm_init
                0x0001f150       0x1c Output/ble_app_hrs_c_pca10028_s130 nrf51422_xxac/Obj/gatts_cache_manager.o
                0x0001f150                gscm_init
 .text.gscm_local_db_cache_update
                0x0001f16c      0x114 Output/ble_app_hrs_c_pca10028_s130 nrf51422_xxac/Obj/gatts_cache_manager.o
                0x0001f16c                gscm_local_db_cache_update
 .text.gscm_local_db_cache_apply
                0x0001f280      0x118 Output/ble_app_hrs_c_pca10028_s130 nrf51422_xxac/Obj/gatts_cache_manager.o
                0x0001f280                gscm_local_db_cache_apply
 .text.gscm_local_database_has_changed
                0x0001f398       0x28 Output/ble_app_hrs_c_pca10028_s130 nrf51422_xxac/Obj/gatts_cache_manager.o
                0x0001f398                gscm_local_database_has_changed
 .text.gscm_service_changed_ind_needed
                0x0001f3c0       0x50 Output/ble_app_hrs_c_pca10028_s130 nrf51422_xxac/Obj/gatts_cache_manager.o
                0x0001f3c0                gscm_service_changed_ind_needed
 .text.gscm_service_changed_ind_send
                0x0001f410       0x5c Output/ble_app_hrs_c_pca10028_s130 nrf51422_xxac/Obj/gatts_cache_manager.o
                0x0001f410                gscm_service_changed_ind_send
 .text.gscm_db_change_notification_done
                0x0001f46c       0x34 Output/ble_app_hrs_c_pca10028_s130 nrf51422_xxac/Obj/gatts_cache_manager.o
                0x0001f46c                gscm_db_change_notification_done
 .text.sd_ble_gap_address_get
                0x0001f4a0        0x8 Output/ble_app_hrs_c_pca10028_s130 nrf51422_xxac/Obj/id_manager.o
 .text.sd_ecb_block_encrypt
                0x0001f4a8        0x8 Output/ble_app_hrs_c_pca10028_s130 nrf51422_xxac/Obj/id_manager.o
 .text.internal_state_reset
                0x0001f4b0       0x44 Output/ble_app_hrs_c_pca10028_s130 nrf51422_xxac/Obj/id_manager.o
 .text.evt_send
                0x0001f4f4       0x34 Output/ble_app_hrs_c_pca10028_s130 nrf51422_xxac/Obj/id_manager.o
 .text.get_free_connection
                0x0001f528       0x5c Output/ble_app_hrs_c_pca10028_s130 nrf51422_xxac/Obj/id_manager.o
                0x0001f528                get_free_connection
 .text.get_connection_by_conn_handle
                0x0001f584       0x64 Output/ble_app_hrs_c_pca10028_s130 nrf51422_xxac/Obj/id_manager.o
                0x0001f584                get_connection_by_conn_handle
 .text.new_connection
                0x0001f5e8       0xd8 Output/ble_app_hrs_c_pca10028_s130 nrf51422_xxac/Obj/id_manager.o
                0x0001f5e8                new_connection
 .text.is_valid_irk
                0x0001f6c0       0x34 Output/ble_app_hrs_c_pca10028_s130 nrf51422_xxac/Obj/id_manager.o
                0x0001f6c0                is_valid_irk
 .text.addr_compare
                0x0001f6f4       0x4c Output/ble_app_hrs_c_pca10028_s130 nrf51422_xxac/Obj/id_manager.o
                0x0001f6f4                addr_compare
 .text.im_ble_evt_handler
                0x0001f740      0x144 Output/ble_app_hrs_c_pca10028_s130 nrf51422_xxac/Obj/id_manager.o
                0x0001f740                im_ble_evt_handler
 .text.im_is_duplicate_bonding_data
                0x0001f884       0x88 Output/ble_app_hrs_c_pca10028_s130 nrf51422_xxac/Obj/id_manager.o
                0x0001f884                im_is_duplicate_bonding_data
 .text.im_pdb_evt_handler
                0x0001f90c       0xc4 Output/ble_app_hrs_c_pca10028_s130 nrf51422_xxac/Obj/id_manager.o
                0x0001f90c                im_pdb_evt_handler
 .text.im_init  0x0001f9d0       0x54 Output/ble_app_hrs_c_pca10028_s130 nrf51422_xxac/Obj/id_manager.o
                0x0001f9d0                im_init
 .text.im_peer_id_get_by_conn_handle
                0x0001fa24       0x50 Output/ble_app_hrs_c_pca10028_s130 nrf51422_xxac/Obj/id_manager.o
                0x0001fa24                im_peer_id_get_by_conn_handle
 .text.im_ble_addr_get
                0x0001fa74       0x60 Output/ble_app_hrs_c_pca10028_s130 nrf51422_xxac/Obj/id_manager.o
                0x0001fa74                im_ble_addr_get
 .text.im_master_ids_compare
                0x0001fad4       0x54 Output/ble_app_hrs_c_pca10028_s130 nrf51422_xxac/Obj/id_manager.o
                0x0001fad4                im_master_ids_compare
 .text.im_peer_id_get_by_master_id
                0x0001fb28       0x68 Output/ble_app_hrs_c_pca10028_s130 nrf51422_xxac/Obj/id_manager.o
                0x0001fb28                im_peer_id_get_by_master_id
 .text.im_conn_handle_get
                0x0001fb90       0x5c Output/ble_app_hrs_c_pca10028_s130 nrf51422_xxac/Obj/id_manager.o
                0x0001fb90                im_conn_handle_get
 .text.im_master_id_is_valid
                0x0001fbec       0x44 Output/ble_app_hrs_c_pca10028_s130 nrf51422_xxac/Obj/id_manager.o
                0x0001fbec                im_master_id_is_valid
 .text.peer_id_set
                0x0001fc30       0x50 Output/ble_app_hrs_c_pca10028_s130 nrf51422_xxac/Obj/id_manager.o
 .text.im_new_peer_id
                0x0001fc80       0x2c Output/ble_app_hrs_c_pca10028_s130 nrf51422_xxac/Obj/id_manager.o
                0x0001fc80                im_new_peer_id
 .text.im_peer_free
                0x0001fcac       0x5c Output/ble_app_hrs_c_pca10028_s130 nrf51422_xxac/Obj/id_manager.o
                0x0001fcac                im_peer_free
 .text.peers_id_keys_get
                0x0001fd08      0x164 Output/ble_app_hrs_c_pca10028_s130 nrf51422_xxac/Obj/id_manager.o
 .text.im_device_identities_list_set
                0x0001fe6c       0x14 Output/ble_app_hrs_c_pca10028_s130 nrf51422_xxac/Obj/id_manager.o
                0x0001fe6c                im_device_identities_list_set
 .text.im_whitelist_get
                0x0001fe80       0x70 Output/ble_app_hrs_c_pca10028_s130 nrf51422_xxac/Obj/id_manager.o
                0x0001fe80                im_whitelist_get
 .text.im_whitelist_set
                0x0001fef0       0x54 Output/ble_app_hrs_c_pca10028_s130 nrf51422_xxac/Obj/id_manager.o
                0x0001fef0                im_whitelist_set
 .text.ah       0x0001ff44       0xb0 Output/ble_app_hrs_c_pca10028_s130 nrf51422_xxac/Obj/id_manager.o
                0x0001ff44                ah
 .text.im_address_resolve
                0x0001fff4       0x68 Output/ble_app_hrs_c_pca10028_s130 nrf51422_xxac/Obj/id_manager.o
                0x0001fff4                im_address_resolve
 .text.pds_evt_send
                0x0002005c       0x30 Output/ble_app_hrs_c_pca10028_s130 nrf51422_xxac/Obj/peer_data_storage.o
 .text.peer_id_to_file_id
                0x0002008c       0x24 Output/ble_app_hrs_c_pca10028_s130 nrf51422_xxac/Obj/peer_data_storage.o
 .text.file_id_to_peer_id
                0x000200b0       0x24 Output/ble_app_hrs_c_pca10028_s130 nrf51422_xxac/Obj/peer_data_storage.o
 .text.peer_data_id_to_record_key
                0x000200d4       0x28 Output/ble_app_hrs_c_pca10028_s130 nrf51422_xxac/Obj/peer_data_storage.o
 .text.record_key_to_peer_data_id
                0x000200fc       0x1c Output/ble_app_hrs_c_pca10028_s130 nrf51422_xxac/Obj/peer_data_storage.o
 .text.file_id_within_pm_range
                0x00020118       0x40 Output/ble_app_hrs_c_pca10028_s130 nrf51422_xxac/Obj/peer_data_storage.o
 .text.record_key_within_pm_range
                0x00020158       0x40 Output/ble_app_hrs_c_pca10028_s130 nrf51422_xxac/Obj/peer_data_storage.o
 .text.peer_data_id_is_valid
                0x00020198       0x54 Output/ble_app_hrs_c_pca10028_s130 nrf51422_xxac/Obj/peer_data_storage.o
 .text.peer_data_delete
                0x000201ec      0x114 Output/ble_app_hrs_c_pca10028_s130 nrf51422_xxac/Obj/peer_data_storage.o
 .text.peer_data_find
                0x00020300       0x80 Output/ble_app_hrs_c_pca10028_s130 nrf51422_xxac/Obj/peer_data_storage.o
 .text.peer_ids_load
                0x00020380       0x7c Output/ble_app_hrs_c_pca10028_s130 nrf51422_xxac/Obj/peer_data_storage.o
 .text.fds_evt_handler
                0x000203fc      0x208 Output/ble_app_hrs_c_pca10028_s130 nrf51422_xxac/Obj/peer_data_storage.o
 .text.pds_init
                0x00020604       0x50 Output/ble_app_hrs_c_pca10028_s130 nrf51422_xxac/Obj/peer_data_storage.o
                0x00020604                pds_init
 .text.pds_peer_data_read
                0x00020654       0xec Output/ble_app_hrs_c_pca10028_s130 nrf51422_xxac/Obj/peer_data_storage.o
                0x00020654                pds_peer_data_read
 .text.pds_peer_data_iterate_prepare
                0x00020740       0x1c Output/ble_app_hrs_c_pca10028_s130 nrf51422_xxac/Obj/peer_data_storage.o
                0x00020740                pds_peer_data_iterate_prepare
 .text.pds_peer_data_iterate
                0x0002075c       0xac Output/ble_app_hrs_c_pca10028_s130 nrf51422_xxac/Obj/peer_data_storage.o
                0x0002075c                pds_peer_data_iterate
 .text.pds_space_reserve
                0x00020808       0x5c Output/ble_app_hrs_c_pca10028_s130 nrf51422_xxac/Obj/peer_data_storage.o
                0x00020808                pds_space_reserve
 .text.pds_space_reserve_cancel
                0x00020864       0x28 Output/ble_app_hrs_c_pca10028_s130 nrf51422_xxac/Obj/peer_data_storage.o
                0x00020864                pds_space_reserve_cancel
 .text.pds_peer_data_store
                0x0002088c      0x13c Output/ble_app_hrs_c_pca10028_s130 nrf51422_xxac/Obj/peer_data_storage.o
                0x0002088c                pds_peer_data_store
 .text.pds_peer_id_allocate
                0x000209c8       0x18 Output/ble_app_hrs_c_pca10028_s130 nrf51422_xxac/Obj/peer_data_storage.o
                0x000209c8                pds_peer_id_allocate
 .text.pds_peer_id_free
                0x000209e0       0x30 Output/ble_app_hrs_c_pca10028_s130 nrf51422_xxac/Obj/peer_data_storage.o
                0x000209e0                pds_peer_id_free
 .text.pds_peer_id_is_allocated
                0x00020a10       0x20 Output/ble_app_hrs_c_pca10028_s130 nrf51422_xxac/Obj/peer_data_storage.o
                0x00020a10                pds_peer_id_is_allocated
 .text.pds_next_peer_id_get
                0x00020a30       0x20 Output/ble_app_hrs_c_pca10028_s130 nrf51422_xxac/Obj/peer_data_storage.o
                0x00020a30                pds_next_peer_id_get
 .text.pds_next_deleted_peer_id_get
                0x00020a50       0x20 Output/ble_app_hrs_c_pca10028_s130 nrf51422_xxac/Obj/peer_data_storage.o
                0x00020a50                pds_next_deleted_peer_id_get
 .text.write_buffer_record_invalidate
                0x00020a70       0x54 Output/ble_app_hrs_c_pca10028_s130 nrf51422_xxac/Obj/peer_database.o
 .text.write_buffer_record_find_next
                0x00020ac4       0x58 Output/ble_app_hrs_c_pca10028_s130 nrf51422_xxac/Obj/peer_database.o
 .text.write_buffer_record_find
                0x00020b1c       0x64 Output/ble_app_hrs_c_pca10028_s130 nrf51422_xxac/Obj/peer_database.o
 .text.write_buffer_record_find_unused
                0x00020b80       0x1c Output/ble_app_hrs_c_pca10028_s130 nrf51422_xxac/Obj/peer_database.o
 .text.write_buffer_record_release
                0x00020b9c       0x48 Output/ble_app_hrs_c_pca10028_s130 nrf51422_xxac/Obj/peer_database.o
 .text.write_buffer_record_get
                0x00020be4       0x54 Output/ble_app_hrs_c_pca10028_s130 nrf51422_xxac/Obj/peer_database.o
 .text.pdb_evt_send
                0x00020c38       0x34 Output/ble_app_hrs_c_pca10028_s130 nrf51422_xxac/Obj/peer_database.o
 .text.internal_state_reset
                0x00020c6c       0x38 Output/ble_app_hrs_c_pca10028_s130 nrf51422_xxac/Obj/peer_database.o
 .text.pdb_pds_evt_handler
                0x00020ca4      0x2a8 Output/ble_app_hrs_c_pca10028_s130 nrf51422_xxac/Obj/peer_database.o
                0x00020ca4                pdb_pds_evt_handler
 .text.pdb_init
                0x00020f4c       0x54 Output/ble_app_hrs_c_pca10028_s130 nrf51422_xxac/Obj/peer_database.o
                0x00020f4c                pdb_init
 .text.pdb_peer_allocate
                0x00020fa0       0x10 Output/ble_app_hrs_c_pca10028_s130 nrf51422_xxac/Obj/peer_database.o
                0x00020fa0                pdb_peer_allocate
 .text.pdb_peer_free
                0x00020fb0       0xa8 Output/ble_app_hrs_c_pca10028_s130 nrf51422_xxac/Obj/peer_database.o
                0x00020fb0                pdb_peer_free
 .text.pdb_peer_data_ptr_get
                0x00021058       0x30 Output/ble_app_hrs_c_pca10028_s130 nrf51422_xxac/Obj/peer_database.o
                0x00021058                pdb_peer_data_ptr_get
 .text.peer_data_point_to_buffer
                0x00021088       0x58 Output/ble_app_hrs_c_pca10028_s130 nrf51422_xxac/Obj/peer_database.o
 .text.peer_data_const_point_to_buffer
                0x000210e0       0x30 Output/ble_app_hrs_c_pca10028_s130 nrf51422_xxac/Obj/peer_database.o
 .text.write_buf_length_words_set
                0x00021110       0x54 Output/ble_app_hrs_c_pca10028_s130 nrf51422_xxac/Obj/peer_database.o
 .text.pdb_write_buf_get
                0x00021164      0x1f8 Output/ble_app_hrs_c_pca10028_s130 nrf51422_xxac/Obj/peer_database.o
                0x00021164                pdb_write_buf_get
 .text.pdb_write_buf_release
                0x0002135c       0x68 Output/ble_app_hrs_c_pca10028_s130 nrf51422_xxac/Obj/peer_database.o
                0x0002135c                pdb_write_buf_release
 .text.pdb_write_buf_store_prepare
                0x000213c4       0xd0 Output/ble_app_hrs_c_pca10028_s130 nrf51422_xxac/Obj/peer_database.o
                0x000213c4                pdb_write_buf_store_prepare
 .text.pdb_write_buf_store
                0x00021494      0x184 Output/ble_app_hrs_c_pca10028_s130 nrf51422_xxac/Obj/peer_database.o
                0x00021494                pdb_write_buf_store
 .text.pdb_next_peer_id_get
                0x00021618       0x20 Output/ble_app_hrs_c_pca10028_s130 nrf51422_xxac/Obj/peer_database.o
                0x00021618                pdb_next_peer_id_get
 .text.pdb_next_deleted_peer_id_get
                0x00021638       0x20 Output/ble_app_hrs_c_pca10028_s130 nrf51422_xxac/Obj/peer_database.o
                0x00021638                pdb_next_deleted_peer_id_get
 .text.pdb_raw_store
                0x00021658       0x30 Output/ble_app_hrs_c_pca10028_s130 nrf51422_xxac/Obj/peer_database.o
                0x00021658                pdb_raw_store
 .text.internal_state_reset
                0x00021688       0x1c Output/ble_app_hrs_c_pca10028_s130 nrf51422_xxac/Obj/peer_id.o
 .text.peer_id_init
                0x000216a4       0x38 Output/ble_app_hrs_c_pca10028_s130 nrf51422_xxac/Obj/peer_id.o
                0x000216a4                peer_id_init
 .text.claim    0x000216dc       0x9c Output/ble_app_hrs_c_pca10028_s130 nrf51422_xxac/Obj/peer_id.o
 .text.release  0x00021778       0x2c Output/ble_app_hrs_c_pca10028_s130 nrf51422_xxac/Obj/peer_id.o
 .text.peer_id_allocate
                0x000217a4       0x28 Output/ble_app_hrs_c_pca10028_s130 nrf51422_xxac/Obj/peer_id.o
                0x000217a4                peer_id_allocate
 .text.peer_id_delete
                0x000217cc       0x54 Output/ble_app_hrs_c_pca10028_s130 nrf51422_xxac/Obj/peer_id.o
                0x000217cc                peer_id_delete
 .text.peer_id_free
                0x00021820       0x38 Output/ble_app_hrs_c_pca10028_s130 nrf51422_xxac/Obj/peer_id.o
                0x00021820                peer_id_free
 .text.peer_id_is_allocated
                0x00021858       0x34 Output/ble_app_hrs_c_pca10028_s130 nrf51422_xxac/Obj/peer_id.o
                0x00021858                peer_id_is_allocated
 .text.peer_id_is_deleted
                0x0002188c       0x34 Output/ble_app_hrs_c_pca10028_s130 nrf51422_xxac/Obj/peer_id.o
                0x0002188c                peer_id_is_deleted
 .text.next_id_get
                0x000218c0       0x70 Output/ble_app_hrs_c_pca10028_s130 nrf51422_xxac/Obj/peer_id.o
                0x000218c0                next_id_get
 .text.peer_id_get_next_used
                0x00021930       0x74 Output/ble_app_hrs_c_pca10028_s130 nrf51422_xxac/Obj/peer_id.o
                0x00021930                peer_id_get_next_used
 .text.peer_id_get_next_deleted
                0x000219a4       0x28 Output/ble_app_hrs_c_pca10028_s130 nrf51422_xxac/Obj/peer_id.o
                0x000219a4                peer_id_get_next_deleted
 .text.evt_send
                0x000219cc       0x40 Output/ble_app_hrs_c_pca10028_s130 nrf51422_xxac/Obj/peer_manager.o
 .text.pm_pdb_evt_handler
                0x00021a0c      0x2cc Output/ble_app_hrs_c_pca10028_s130 nrf51422_xxac/Obj/peer_manager.o
                0x00021a0c                pm_pdb_evt_handler
 .text.pm_sm_evt_handler
                0x00021cd8      0x2a4 Output/ble_app_hrs_c_pca10028_s130 nrf51422_xxac/Obj/peer_manager.o
                0x00021cd8                pm_sm_evt_handler
 .text.pm_gcm_evt_handler
                0x00021f7c      0x118 Output/ble_app_hrs_c_pca10028_s130 nrf51422_xxac/Obj/peer_manager.o
                0x00021f7c                pm_gcm_evt_handler
 .text.pm_im_evt_handler
                0x00022094       0x84 Output/ble_app_hrs_c_pca10028_s130 nrf51422_xxac/Obj/peer_manager.o
                0x00022094                pm_im_evt_handler
 .text.pm_on_ble_evt
                0x00022118       0x3c Output/ble_app_hrs_c_pca10028_s130 nrf51422_xxac/Obj/peer_manager.o
                0x00022118                pm_on_ble_evt
 .text.internal_state_reset
                0x00022154       0x34 Output/ble_app_hrs_c_pca10028_s130 nrf51422_xxac/Obj/peer_manager.o
 .text.pm_init  0x00022188       0xe0 Output/ble_app_hrs_c_pca10028_s130 nrf51422_xxac/Obj/peer_manager.o
                0x00022188                pm_init
 .text.pm_register
                0x00022268       0x58 Output/ble_app_hrs_c_pca10028_s130 nrf51422_xxac/Obj/peer_manager.o
                0x00022268                pm_register
 .text.pm_sec_params_set
                0x000222c0       0x34 Output/ble_app_hrs_c_pca10028_s130 nrf51422_xxac/Obj/peer_manager.o
                0x000222c0                pm_sec_params_set
 .text.pm_conn_secure
                0x000222f4       0x48 Output/ble_app_hrs_c_pca10028_s130 nrf51422_xxac/Obj/peer_manager.o
                0x000222f4                pm_conn_secure
 .text.pm_conn_sec_config_reply
                0x0002233c       0x24 Output/ble_app_hrs_c_pca10028_s130 nrf51422_xxac/Obj/peer_manager.o
                0x0002233c                pm_conn_sec_config_reply
 .text.pm_local_database_has_changed
                0x00022360       0x24 Output/ble_app_hrs_c_pca10028_s130 nrf51422_xxac/Obj/peer_manager.o
                0x00022360                pm_local_database_has_changed
 .text.pm_whitelist_set
                0x00022384       0x38 Output/ble_app_hrs_c_pca10028_s130 nrf51422_xxac/Obj/peer_manager.o
                0x00022384                pm_whitelist_set
 .text.pm_whitelist_get
                0x000223bc       0x64 Output/ble_app_hrs_c_pca10028_s130 nrf51422_xxac/Obj/peer_manager.o
                0x000223bc                pm_whitelist_get
 .text.pm_device_identities_list_set
                0x00022420       0x38 Output/ble_app_hrs_c_pca10028_s130 nrf51422_xxac/Obj/peer_manager.o
                0x00022420                pm_device_identities_list_set
 .text.pm_next_peer_id_get
                0x00022458       0x3c Output/ble_app_hrs_c_pca10028_s130 nrf51422_xxac/Obj/peer_manager.o
                0x00022458                pm_next_peer_id_get
 .text.pm_peer_delete
                0x00022494       0x38 Output/ble_app_hrs_c_pca10028_s130 nrf51422_xxac/Obj/peer_manager.o
                0x00022494                pm_peer_delete
 .text.pm_peers_delete
                0x000224cc       0x78 Output/ble_app_hrs_c_pca10028_s130 nrf51422_xxac/Obj/peer_manager.o
                0x000224cc                pm_peers_delete
 .text.pm_buffer_init
                0x00022544       0x7c Output/ble_app_hrs_c_pca10028_s130 nrf51422_xxac/Obj/pm_buffer.o
                0x00022544                pm_buffer_init
 .text.pm_buffer_block_acquire
                0x000225c0       0xf8 Output/ble_app_hrs_c_pca10028_s130 nrf51422_xxac/Obj/pm_buffer.o
                0x000225c0                pm_buffer_block_acquire
 .text.pm_buffer_ptr_get
                0x000226b8       0x64 Output/ble_app_hrs_c_pca10028_s130 nrf51422_xxac/Obj/pm_buffer.o
                0x000226b8                pm_buffer_ptr_get
 .text.pm_buffer_release
                0x0002271c       0x5c Output/ble_app_hrs_c_pca10028_s130 nrf51422_xxac/Obj/pm_buffer.o
                0x0002271c                pm_buffer_release
 .text.lock_by_mask
                0x00022778       0x7c Output/ble_app_hrs_c_pca10028_s130 nrf51422_xxac/Obj/pm_mutex.o
 .text.pm_mutex_init
                0x000227f4       0x30 Output/ble_app_hrs_c_pca10028_s130 nrf51422_xxac/Obj/pm_mutex.o
                0x000227f4                pm_mutex_init
 .text.pm_mutex_lock
                0x00022824       0x48 Output/ble_app_hrs_c_pca10028_s130 nrf51422_xxac/Obj/pm_mutex.o
                0x00022824                pm_mutex_lock
 .text.pm_mutex_unlock
                0x0002286c       0xa0 Output/ble_app_hrs_c_pca10028_s130 nrf51422_xxac/Obj/pm_mutex.o
                0x0002286c                pm_mutex_unlock
 .text.pm_mutex_lock_first_available
                0x0002290c       0x7c Output/ble_app_hrs_c_pca10028_s130 nrf51422_xxac/Obj/pm_mutex.o
                0x0002290c                pm_mutex_lock_first_available
 .text.pm_mutex_lock_status_get
                0x00022988       0x48 Output/ble_app_hrs_c_pca10028_s130 nrf51422_xxac/Obj/pm_mutex.o
                0x00022988                pm_mutex_lock_status_get
 .text.sd_ble_gap_authenticate
                0x000229d0        0x8 Output/ble_app_hrs_c_pca10028_s130 nrf51422_xxac/Obj/security_dispatcher.o
 .text.sd_ble_gap_sec_params_reply
                0x000229d8        0x8 Output/ble_app_hrs_c_pca10028_s130 nrf51422_xxac/Obj/security_dispatcher.o
 .text.sd_ble_gap_encrypt
                0x000229e0        0x8 Output/ble_app_hrs_c_pca10028_s130 nrf51422_xxac/Obj/security_dispatcher.o
 .text.sd_ble_gap_sec_info_reply
                0x000229e8        0x8 Output/ble_app_hrs_c_pca10028_s130 nrf51422_xxac/Obj/security_dispatcher.o
 .text.evt_send
                0x000229f0       0x34 Output/ble_app_hrs_c_pca10028_s130 nrf51422_xxac/Obj/security_dispatcher.o
 .text.sec_start_send
                0x00022a24       0x50 Output/ble_app_hrs_c_pca10028_s130 nrf51422_xxac/Obj/security_dispatcher.o
 .text.smd_pdb_evt_handler
                0x00022a74       0x60 Output/ble_app_hrs_c_pca10028_s130 nrf51422_xxac/Obj/security_dispatcher.o
                0x00022a74                smd_pdb_evt_handler
 .text.sec_params_request_process
                0x00022ad4       0x34 Output/ble_app_hrs_c_pca10028_s130 nrf51422_xxac/Obj/security_dispatcher.o
 .text.sec_proc_start
                0x00022b08       0xb0 Output/ble_app_hrs_c_pca10028_s130 nrf51422_xxac/Obj/security_dispatcher.o
 .text.sec_info_request_process
                0x00022bb8      0x14c Output/ble_app_hrs_c_pca10028_s130 nrf51422_xxac/Obj/security_dispatcher.o
 .text.sec_request_process
                0x00022d04       0x68 Output/ble_app_hrs_c_pca10028_s130 nrf51422_xxac/Obj/security_dispatcher.o
 .text.auth_status_success_process
                0x00022d6c      0x150 Output/ble_app_hrs_c_pca10028_s130 nrf51422_xxac/Obj/security_dispatcher.o
 .text.pairing_failure
                0x00022ebc       0xf0 Output/ble_app_hrs_c_pca10028_s130 nrf51422_xxac/Obj/security_dispatcher.o
 .text.encryption_failure
                0x00022fac       0x7c Output/ble_app_hrs_c_pca10028_s130 nrf51422_xxac/Obj/security_dispatcher.o
 .text.link_secure_failure
                0x00023028       0xa4 Output/ble_app_hrs_c_pca10028_s130 nrf51422_xxac/Obj/security_dispatcher.o
 .text.disconnect_process
                0x000230cc       0x3c Output/ble_app_hrs_c_pca10028_s130 nrf51422_xxac/Obj/security_dispatcher.o
 .text.auth_status_failure_process
                0x00023108       0x2c Output/ble_app_hrs_c_pca10028_s130 nrf51422_xxac/Obj/security_dispatcher.o
 .text.auth_status_process
                0x00023134       0x2c Output/ble_app_hrs_c_pca10028_s130 nrf51422_xxac/Obj/security_dispatcher.o
 .text.conn_sec_update_process
                0x00023160       0x98 Output/ble_app_hrs_c_pca10028_s130 nrf51422_xxac/Obj/security_dispatcher.o
 .text.flag_id_init
                0x000231f8       0x24 Output/ble_app_hrs_c_pca10028_s130 nrf51422_xxac/Obj/security_dispatcher.o
 .text.smd_init
                0x0002321c       0x58 Output/ble_app_hrs_c_pca10028_s130 nrf51422_xxac/Obj/security_dispatcher.o
                0x0002321c                smd_init
 .text.smd_params_reply
                0x00023274      0x248 Output/ble_app_hrs_c_pca10028_s130 nrf51422_xxac/Obj/security_dispatcher.o
                0x00023274                smd_params_reply
 .text.link_secure_central_existing_peer
                0x000234bc      0x194 Output/ble_app_hrs_c_pca10028_s130 nrf51422_xxac/Obj/security_dispatcher.o
 .text.link_secure_central_new_peer
                0x00023650       0xdc Output/ble_app_hrs_c_pca10028_s130 nrf51422_xxac/Obj/security_dispatcher.o
 .text.link_secure_central
                0x0002372c       0xfc Output/ble_app_hrs_c_pca10028_s130 nrf51422_xxac/Obj/security_dispatcher.o
 .text.link_secure_peripheral
                0x00023828       0x2c Output/ble_app_hrs_c_pca10028_s130 nrf51422_xxac/Obj/security_dispatcher.o
 .text.smd_link_secure
                0x00023854       0x6c Output/ble_app_hrs_c_pca10028_s130 nrf51422_xxac/Obj/security_dispatcher.o
                0x00023854                smd_link_secure
 .text.smd_ble_evt_handler
                0x000238c0       0x70 Output/ble_app_hrs_c_pca10028_s130 nrf51422_xxac/Obj/security_dispatcher.o
                0x000238c0                smd_ble_evt_handler
 .text.sdk_mapped_flags_any_set
                0x00023930       0x20 Output/ble_app_hrs_c_pca10028_s130 nrf51422_xxac/Obj/security_manager.o
 .text.evt_send
                0x00023950       0x30 Output/ble_app_hrs_c_pca10028_s130 nrf51422_xxac/Obj/security_manager.o
 .text.flags_set_from_err_code
                0x00023980      0x110 Output/ble_app_hrs_c_pca10028_s130 nrf51422_xxac/Obj/security_manager.o
 .text.events_send_from_err_code
                0x00023a90       0x78 Output/ble_app_hrs_c_pca10028_s130 nrf51422_xxac/Obj/security_manager.o
 .text.link_secure
                0x00023b08      0x134 Output/ble_app_hrs_c_pca10028_s130 nrf51422_xxac/Obj/security_manager.o
 .text.send_config_req
                0x00023c3c       0x40 Output/ble_app_hrs_c_pca10028_s130 nrf51422_xxac/Obj/security_manager.o
 .text.smd_params_reply_perform
                0x00023c7c       0xe4 Output/ble_app_hrs_c_pca10028_s130 nrf51422_xxac/Obj/security_manager.o
 .text.sm_smd_evt_handler
                0x00023d60       0xe4 Output/ble_app_hrs_c_pca10028_s130 nrf51422_xxac/Obj/security_manager.o
                0x00023d60                sm_smd_evt_handler
 .text.link_secure_pending_process
                0x00023e44       0xf4 Output/ble_app_hrs_c_pca10028_s130 nrf51422_xxac/Obj/security_manager.o
 .text.params_reply_pending_process
                0x00023f38       0x98 Output/ble_app_hrs_c_pca10028_s130 nrf51422_xxac/Obj/security_manager.o
 .text.sm_pdb_evt_handler
                0x00023fd0       0x64 Output/ble_app_hrs_c_pca10028_s130 nrf51422_xxac/Obj/security_manager.o
                0x00023fd0                sm_pdb_evt_handler
 .text.flag_id_init
                0x00024034       0x24 Output/ble_app_hrs_c_pca10028_s130 nrf51422_xxac/Obj/security_manager.o
 .text.sm_init  0x00024058       0x78 Output/ble_app_hrs_c_pca10028_s130 nrf51422_xxac/Obj/security_manager.o
                0x00024058                sm_init
 .text.sm_ble_evt_handler
                0x000240d0       0x28 Output/ble_app_hrs_c_pca10028_s130 nrf51422_xxac/Obj/security_manager.o
                0x000240d0                sm_ble_evt_handler
 .text.sec_params_verify
                0x000240f8      0x178 Output/ble_app_hrs_c_pca10028_s130 nrf51422_xxac/Obj/security_manager.o
 .text.sm_sec_params_set
                0x00024270       0x50 Output/ble_app_hrs_c_pca10028_s130 nrf51422_xxac/Obj/security_manager.o
                0x00024270                sm_sec_params_set
 .text.sm_conn_sec_config_reply
                0x000242c0       0x40 Output/ble_app_hrs_c_pca10028_s130 nrf51422_xxac/Obj/security_manager.o
                0x000242c0                sm_conn_sec_config_reply
 .text.sm_link_secure
                0x00024300       0x30 Output/ble_app_hrs_c_pca10028_s130 nrf51422_xxac/Obj/security_manager.o
                0x00024300                sm_link_secure
 .text.nrf_ble_gatt_init
                0x00024330       0x14 Output/ble_app_hrs_c_pca10028_s130 nrf51422_xxac/Obj/nrf_ble_gatt.o
                0x00024330                nrf_ble_gatt_init
 .text.nrf_ble_gatt_on_ble_evt
                0x00024344       0x14 Output/ble_app_hrs_c_pca10028_s130 nrf51422_xxac/Obj/nrf_ble_gatt.o
                0x00024344                nrf_ble_gatt_on_ble_evt
 .text.sd_ble_gattc_read
                0x00024358        0x8 Output/ble_app_hrs_c_pca10028_s130 nrf51422_xxac/Obj/ble_bas_c.o
 .text.sd_ble_gattc_write
                0x00024360        0x8 Output/ble_app_hrs_c_pca10028_s130 nrf51422_xxac/Obj/ble_bas_c.o
 .text.tx_buffer_process
                0x00024368       0xb8 Output/ble_app_hrs_c_pca10028_s130 nrf51422_xxac/Obj/ble_bas_c.o
 .text.on_write_rsp
                0x00024420       0x24 Output/ble_app_hrs_c_pca10028_s130 nrf51422_xxac/Obj/ble_bas_c.o
 .text.on_read_rsp
                0x00024444       0x60 Output/ble_app_hrs_c_pca10028_s130 nrf51422_xxac/Obj/ble_bas_c.o
 .text.on_hvx   0x000244a4       0x60 Output/ble_app_hrs_c_pca10028_s130 nrf51422_xxac/Obj/ble_bas_c.o
 .text.ble_bas_on_db_disc_evt
                0x00024504      0x108 Output/ble_app_hrs_c_pca10028_s130 nrf51422_xxac/Obj/ble_bas_c.o
                0x00024504                ble_bas_on_db_disc_evt
 .text.cccd_configure
                0x0002460c       0xb0 Output/ble_app_hrs_c_pca10028_s130 nrf51422_xxac/Obj/ble_bas_c.o
 .text.ble_bas_c_init
                0x000246bc       0x64 Output/ble_app_hrs_c_pca10028_s130 nrf51422_xxac/Obj/ble_bas_c.o
                0x000246bc                ble_bas_c_init
 .text.on_disconnected
                0x00024720       0x34 Output/ble_app_hrs_c_pca10028_s130 nrf51422_xxac/Obj/ble_bas_c.o
 .text.ble_bas_c_on_ble_evt
                0x00024754       0x70 Output/ble_app_hrs_c_pca10028_s130 nrf51422_xxac/Obj/ble_bas_c.o
                0x00024754                ble_bas_c_on_ble_evt
 .text.ble_bas_c_bl_notif_enable
                0x000247c4       0x40 Output/ble_app_hrs_c_pca10028_s130 nrf51422_xxac/Obj/ble_bas_c.o
                0x000247c4                ble_bas_c_bl_notif_enable
 .text.ble_bas_c_bl_read
                0x00024804       0x74 Output/ble_app_hrs_c_pca10028_s130 nrf51422_xxac/Obj/ble_bas_c.o
                0x00024804                ble_bas_c_bl_read
 .text.ble_bas_c_handles_assign
                0x00024878       0x48 Output/ble_app_hrs_c_pca10028_s130 nrf51422_xxac/Obj/ble_bas_c.o
                0x00024878                ble_bas_c_handles_assign
 .text.uint16_decode
                0x000248c0       0x28 Output/ble_app_hrs_c_pca10028_s130 nrf51422_xxac/Obj/ble_hrs_c.o
 .text.sd_ble_gattc_read
                0x000248e8        0x8 Output/ble_app_hrs_c_pca10028_s130 nrf51422_xxac/Obj/ble_hrs_c.o
 .text.sd_ble_gattc_write
                0x000248f0        0x8 Output/ble_app_hrs_c_pca10028_s130 nrf51422_xxac/Obj/ble_hrs_c.o
 .text.tx_buffer_process
                0x000248f8       0xd8 Output/ble_app_hrs_c_pca10028_s130 nrf51422_xxac/Obj/ble_hrs_c.o
 .text.on_write_rsp
                0x000249d0       0x24 Output/ble_app_hrs_c_pca10028_s130 nrf51422_xxac/Obj/ble_hrs_c.o
 .text.on_hvx   0x000249f4      0x108 Output/ble_app_hrs_c_pca10028_s130 nrf51422_xxac/Obj/ble_hrs_c.o
 .text.on_disconnected
                0x00024afc       0x34 Output/ble_app_hrs_c_pca10028_s130 nrf51422_xxac/Obj/ble_hrs_c.o
 .text.ble_hrs_on_db_disc_evt
                0x00024b30       0xf8 Output/ble_app_hrs_c_pca10028_s130 nrf51422_xxac/Obj/ble_hrs_c.o
                0x00024b30                ble_hrs_on_db_disc_evt
 .text.ble_hrs_c_init
                0x00024c28       0x64 Output/ble_app_hrs_c_pca10028_s130 nrf51422_xxac/Obj/ble_hrs_c.o
                0x00024c28                ble_hrs_c_init
 .text.ble_hrs_c_on_ble_evt
                0x00024c8c       0x5c Output/ble_app_hrs_c_pca10028_s130 nrf51422_xxac/Obj/ble_hrs_c.o
                0x00024c8c                ble_hrs_c_on_ble_evt
 .text.cccd_configure
                0x00024ce8       0xc4 Output/ble_app_hrs_c_pca10028_s130 nrf51422_xxac/Obj/ble_hrs_c.o
 .text.ble_hrs_c_hrm_notif_enable
                0x00024dac       0x2c Output/ble_app_hrs_c_pca10028_s130 nrf51422_xxac/Obj/ble_hrs_c.o
                0x00024dac                ble_hrs_c_hrm_notif_enable
 .text.ble_hrs_c_handles_assign
                0x00024dd8       0x48 Output/ble_app_hrs_c_pca10028_s130 nrf51422_xxac/Obj/ble_hrs_c.o
                0x00024dd8                ble_hrs_c_handles_assign
 .text.nrf_clock_int_disable
                0x00024e20       0x1c Output/ble_app_hrs_c_pca10028_s130 nrf51422_xxac/Obj/nrf_drv_clock.o
 .text.nrf_clock_event_clear
                0x00024e3c       0x24 Output/ble_app_hrs_c_pca10028_s130 nrf51422_xxac/Obj/nrf_drv_clock.o
 .text.nrf_clock_event_check
                0x00024e60       0x28 Output/ble_app_hrs_c_pca10028_s130 nrf51422_xxac/Obj/nrf_drv_clock.o
 .text.nrf_clock_lf_src_set
                0x00024e88       0x28 Output/ble_app_hrs_c_pca10028_s130 nrf51422_xxac/Obj/nrf_drv_clock.o
 .text.nrf_drv_common_irq_enable_check
                0x00024eb0       0x40 Output/ble_app_hrs_c_pca10028_s130 nrf51422_xxac/Obj/nrf_drv_clock.o
 .text.nrf_drv_common_power_clock_irq_init
                0x00024ef0       0x28 Output/ble_app_hrs_c_pca10028_s130 nrf51422_xxac/Obj/nrf_drv_clock.o
 .text.nrf_drv_clock_init
                0x00024f18       0x60 Output/ble_app_hrs_c_pca10028_s130 nrf51422_xxac/Obj/nrf_drv_clock.o
                0x00024f18                nrf_drv_clock_init
 .text.item_dequeue
                0x00024f78       0x28 Output/ble_app_hrs_c_pca10028_s130 nrf51422_xxac/Obj/nrf_drv_clock.o
 .text.clock_clk_started_notify
                0x00024fa0       0x50 Output/ble_app_hrs_c_pca10028_s130 nrf51422_xxac/Obj/nrf_drv_clock.o
 .text.POWER_CLOCK_IRQHandler
                0x00024ff0       0x64 Output/ble_app_hrs_c_pca10028_s130 nrf51422_xxac/Obj/nrf_drv_clock.o
                0x00024ff0                POWER_CLOCK_IRQHandler
 .text.nrf_drv_clock_on_soc_event
                0x00025054       0x1c Output/ble_app_hrs_c_pca10028_s130 nrf51422_xxac/Obj/nrf_drv_clock.o
                0x00025054                nrf_drv_clock_on_soc_event
 .text.nrf_drv_clock_on_sd_enable
                0x00025070       0x4c Output/ble_app_hrs_c_pca10028_s130 nrf51422_xxac/Obj/nrf_drv_clock.o
                0x00025070                nrf_drv_clock_on_sd_enable
 .text.NVIC_EnableIRQ
                0x000250bc       0x2c Output/ble_app_hrs_c_pca10028_s130 nrf51422_xxac/Obj/nrf_drv_common.o
 .text.NVIC_ClearPendingIRQ
                0x000250e8       0x34 Output/ble_app_hrs_c_pca10028_s130 nrf51422_xxac/Obj/nrf_drv_common.o
 .text.NVIC_SetPriority
                0x0002511c       0xdc Output/ble_app_hrs_c_pca10028_s130 nrf51422_xxac/Obj/nrf_drv_common.o
 .text.nrf_drv_common_irq_enable
                0x000251f8       0x44 Output/ble_app_hrs_c_pca10028_s130 nrf51422_xxac/Obj/nrf_drv_common.o
                0x000251f8                nrf_drv_common_irq_enable
 .text.nrf_gpiote_event_is_set
                0x0002523c       0x2c Output/ble_app_hrs_c_pca10028_s130 nrf51422_xxac/Obj/nrf_drv_gpiote.o
 .text.nrf_gpiote_event_clear
                0x00025268       0x24 Output/ble_app_hrs_c_pca10028_s130 nrf51422_xxac/Obj/nrf_drv_gpiote.o
 .text.nrf_gpiote_event_addr_get
                0x0002528c       0x24 Output/ble_app_hrs_c_pca10028_s130 nrf51422_xxac/Obj/nrf_drv_gpiote.o
 .text.nrf_gpiote_int_enable
                0x000252b0       0x20 Output/ble_app_hrs_c_pca10028_s130 nrf51422_xxac/Obj/nrf_drv_gpiote.o
 .text.nrf_gpiote_int_is_enabled
                0x000252d0       0x20 Output/ble_app_hrs_c_pca10028_s130 nrf51422_xxac/Obj/nrf_drv_gpiote.o
 .text.nrf_gpiote_event_enable
                0x000252f0       0x30 Output/ble_app_hrs_c_pca10028_s130 nrf51422_xxac/Obj/nrf_drv_gpiote.o
 .text.nrf_gpiote_event_configure
                0x00025320       0x70 Output/ble_app_hrs_c_pca10028_s130 nrf51422_xxac/Obj/nrf_drv_gpiote.o
 .text.nrf_gpiote_event_pin_get
                0x00025390       0x28 Output/ble_app_hrs_c_pca10028_s130 nrf51422_xxac/Obj/nrf_drv_gpiote.o
 .text.nrf_gpiote_event_polarity_get
                0x000253b8       0x2c Output/ble_app_hrs_c_pca10028_s130 nrf51422_xxac/Obj/nrf_drv_gpiote.o
 .text.nrf_gpio_pin_port_decode
                0x000253e4       0x14 Output/ble_app_hrs_c_pca10028_s130 nrf51422_xxac/Obj/nrf_drv_gpiote.o
 .text.nrf_gpio_cfg
                0x000253f8       0x68 Output/ble_app_hrs_c_pca10028_s130 nrf51422_xxac/Obj/nrf_drv_gpiote.o
 .text.nrf_gpio_cfg_input
                0x00025460       0x30 Output/ble_app_hrs_c_pca10028_s130 nrf51422_xxac/Obj/nrf_drv_gpiote.o
 .text.nrf_gpio_cfg_watcher
                0x00025490       0x3c Output/ble_app_hrs_c_pca10028_s130 nrf51422_xxac/Obj/nrf_drv_gpiote.o
 .text.nrf_gpio_cfg_sense_set
                0x000254cc       0x64 Output/ble_app_hrs_c_pca10028_s130 nrf51422_xxac/Obj/nrf_drv_gpiote.o
 .text.nrf_gpio_pin_read
                0x00025530       0x30 Output/ble_app_hrs_c_pca10028_s130 nrf51422_xxac/Obj/nrf_drv_gpiote.o
 .text.nrf_gpio_pin_sense_get
                0x00025560       0x34 Output/ble_app_hrs_c_pca10028_s130 nrf51422_xxac/Obj/nrf_drv_gpiote.o
 .text.nrf_gpio_port_in_read
                0x00025594       0x18 Output/ble_app_hrs_c_pca10028_s130 nrf51422_xxac/Obj/nrf_drv_gpiote.o
 .text.nrf_gpio_ports_read
                0x000255ac       0x54 Output/ble_app_hrs_c_pca10028_s130 nrf51422_xxac/Obj/nrf_drv_gpiote.o
 .text.nrf_bitmask_bit_is_set
                0x00025600       0x38 Output/ble_app_hrs_c_pca10028_s130 nrf51422_xxac/Obj/nrf_drv_gpiote.o
 .text.nrf_bitmask_bit_set
                0x00025638       0x48 Output/ble_app_hrs_c_pca10028_s130 nrf51422_xxac/Obj/nrf_drv_gpiote.o
 .text.pin_in_use_by_te
                0x00025680       0x48 Output/ble_app_hrs_c_pca10028_s130 nrf51422_xxac/Obj/nrf_drv_gpiote.o
 .text.pin_in_use_by_port
                0x000256c8       0x30 Output/ble_app_hrs_c_pca10028_s130 nrf51422_xxac/Obj/nrf_drv_gpiote.o
 .text.pin_in_use_by_gpiote
                0x000256f8       0x2c Output/ble_app_hrs_c_pca10028_s130 nrf51422_xxac/Obj/nrf_drv_gpiote.o
 .text.pin_in_use_by_te_set
                0x00025724       0x5c Output/ble_app_hrs_c_pca10028_s130 nrf51422_xxac/Obj/nrf_drv_gpiote.o
 .text.pin_in_use_clear
                0x00025780       0x24 Output/ble_app_hrs_c_pca10028_s130 nrf51422_xxac/Obj/nrf_drv_gpiote.o
 .text.channel_port_get
                0x000257a4       0x24 Output/ble_app_hrs_c_pca10028_s130 nrf51422_xxac/Obj/nrf_drv_gpiote.o
 .text.channel_handler_get
                0x000257c8       0x1c Output/ble_app_hrs_c_pca10028_s130 nrf51422_xxac/Obj/nrf_drv_gpiote.o
 .text.channel_port_alloc
                0x000257e4       0x84 Output/ble_app_hrs_c_pca10028_s130 nrf51422_xxac/Obj/nrf_drv_gpiote.o
 .text.channel_free
                0x00025868       0x40 Output/ble_app_hrs_c_pca10028_s130 nrf51422_xxac/Obj/nrf_drv_gpiote.o
 .text.nrf_drv_gpiote_init
                0x000258a8       0x98 Output/ble_app_hrs_c_pca10028_s130 nrf51422_xxac/Obj/nrf_drv_gpiote.o
                0x000258a8                nrf_drv_gpiote_init
 .text.nrf_drv_gpiote_is_init
                0x00025940       0x1c Output/ble_app_hrs_c_pca10028_s130 nrf51422_xxac/Obj/nrf_drv_gpiote.o
                0x00025940                nrf_drv_gpiote_is_init
 .text.nrf_drv_gpiote_in_init
                0x0002595c       0xd0 Output/ble_app_hrs_c_pca10028_s130 nrf51422_xxac/Obj/nrf_drv_gpiote.o
                0x0002595c                nrf_drv_gpiote_in_init
 .text.nrf_drv_gpiote_in_event_enable
                0x00025a2c      0x10c Output/ble_app_hrs_c_pca10028_s130 nrf51422_xxac/Obj/nrf_drv_gpiote.o
                0x00025a2c                nrf_drv_gpiote_in_event_enable
 .text.nrf_drv_gpiote_in_is_set
                0x00025b38       0x20 Output/ble_app_hrs_c_pca10028_s130 nrf51422_xxac/Obj/nrf_drv_gpiote.o
                0x00025b38                nrf_drv_gpiote_in_is_set
 .text.GPIOTE_IRQHandler
                0x00025b58      0x360 Output/ble_app_hrs_c_pca10028_s130 nrf51422_xxac/Obj/nrf_drv_gpiote.o
                0x00025b58                GPIOTE_IRQHandler
 .text.nrf_uart_event_clear
                0x00025eb8       0x24 Output/ble_app_hrs_c_pca10028_s130 nrf51422_xxac/Obj/nrf_drv_uart.o
 .text.nrf_uart_event_check
                0x00025edc       0x28 Output/ble_app_hrs_c_pca10028_s130 nrf51422_xxac/Obj/nrf_drv_uart.o
 .text.nrf_uart_int_enable_check
                0x00025f04       0x24 Output/ble_app_hrs_c_pca10028_s130 nrf51422_xxac/Obj/nrf_drv_uart.o
 .text.nrf_uart_int_disable
                0x00025f28       0x1c Output/ble_app_hrs_c_pca10028_s130 nrf51422_xxac/Obj/nrf_drv_uart.o
 .text.nrf_uart_errorsrc_get_and_clear
                0x00025f44       0x28 Output/ble_app_hrs_c_pca10028_s130 nrf51422_xxac/Obj/nrf_drv_uart.o
 .text.nrf_uart_rxd_get
                0x00025f6c       0x1c Output/ble_app_hrs_c_pca10028_s130 nrf51422_xxac/Obj/nrf_drv_uart.o
 .text.nrf_uart_txd_set
                0x00025f88       0x24 Output/ble_app_hrs_c_pca10028_s130 nrf51422_xxac/Obj/nrf_drv_uart.o
 .text.nrf_uart_task_trigger
                0x00025fac       0x24 Output/ble_app_hrs_c_pca10028_s130 nrf51422_xxac/Obj/nrf_drv_uart.o
 .text.tx_byte  0x00025fd0       0x54 Output/ble_app_hrs_c_pca10028_s130 nrf51422_xxac/Obj/nrf_drv_uart.o
 .text.rx_byte  0x00026024       0x64 Output/ble_app_hrs_c_pca10028_s130 nrf51422_xxac/Obj/nrf_drv_uart.o
 .text.rx_done_event
                0x00026088       0x48 Output/ble_app_hrs_c_pca10028_s130 nrf51422_xxac/Obj/nrf_drv_uart.o
 .text.tx_done_event
                0x000260d0       0x48 Output/ble_app_hrs_c_pca10028_s130 nrf51422_xxac/Obj/nrf_drv_uart.o
 .text.uart_irq_handler
                0x00026118      0x218 Output/ble_app_hrs_c_pca10028_s130 nrf51422_xxac/Obj/nrf_drv_uart.o
 .text.UART0_IRQHandler
                0x00026330       0x20 Output/ble_app_hrs_c_pca10028_s130 nrf51422_xxac/Obj/nrf_drv_uart.o
                0x00026330                UART0_IRQHandler
 .text.detection_delay_timeout_handler
                0x00026350       0xe4 Output/ble_app_hrs_c_pca10028_s130 nrf51422_xxac/Obj/app_button.o
 .text.gpiote_event_handler
                0x00026434       0xa4 Output/ble_app_hrs_c_pca10028_s130 nrf51422_xxac/Obj/app_button.o
 .text.app_button_init
                0x000264d8      0x104 Output/ble_app_hrs_c_pca10028_s130 nrf51422_xxac/Obj/app_button.o
                0x000264d8                app_button_init
 .text.app_button_enable
                0x000265dc       0x44 Output/ble_app_hrs_c_pca10028_s130 nrf51422_xxac/Obj/app_button.o
                0x000265dc                app_button_enable
 .text.app_error_fault_handler
                0x00026620       0x2c Output/ble_app_hrs_c_pca10028_s130 nrf51422_xxac/Obj/app_error_weak.o
                0x00026620                app_error_fault_handler
 .text.app_error_handler_bare
                0x0002664c       0x3c Output/ble_app_hrs_c_pca10028_s130 nrf51422_xxac/Obj/app_error.o
                0x0002664c                app_error_handler_bare
 .text.__sd_nvic_irq_disable
                0x00026688       0x1c Output/ble_app_hrs_c_pca10028_s130 nrf51422_xxac/Obj/app_util_platform.o
 .text.__sd_nvic_irq_enable
                0x000266a4        0xc Output/ble_app_hrs_c_pca10028_s130 nrf51422_xxac/Obj/app_util_platform.o
 .text.sd_nvic_critical_region_enter
                0x000266b0       0x64 Output/ble_app_hrs_c_pca10028_s130 nrf51422_xxac/Obj/app_util_platform.o
 .text.sd_nvic_critical_region_exit
                0x00026714       0x50 Output/ble_app_hrs_c_pca10028_s130 nrf51422_xxac/Obj/app_util_platform.o
 .text.app_util_critical_region_enter
                0x00026764       0x18 Output/ble_app_hrs_c_pca10028_s130 nrf51422_xxac/Obj/app_util_platform.o
                0x00026764                app_util_critical_region_enter
 .text.app_util_critical_region_exit
                0x0002677c       0x20 Output/ble_app_hrs_c_pca10028_s130 nrf51422_xxac/Obj/app_util_platform.o
                0x0002677c                app_util_critical_region_exit
 .text.sdk_mapped_flags_set_by_index
                0x0002679c       0x30 Output/ble_app_hrs_c_pca10028_s130 nrf51422_xxac/Obj/sdk_mapped_flags.o
 .text.sdk_mapped_flags_clear_by_index
                0x000267cc       0x34 Output/ble_app_hrs_c_pca10028_s130 nrf51422_xxac/Obj/sdk_mapped_flags.o
 .text.sdk_mapped_flags_get_by_index
                0x00026800       0x30 Output/ble_app_hrs_c_pca10028_s130 nrf51422_xxac/Obj/sdk_mapped_flags.o
 .text.sdk_mapped_flags_first_key_index_get
                0x00026830       0x5c Output/ble_app_hrs_c_pca10028_s130 nrf51422_xxac/Obj/sdk_mapped_flags.o
                0x00026830                sdk_mapped_flags_first_key_index_get
 .text.sdk_mapped_flags_update_by_key
                0x0002688c       0x34 Output/ble_app_hrs_c_pca10028_s130 nrf51422_xxac/Obj/sdk_mapped_flags.o
                0x0002688c                sdk_mapped_flags_update_by_key
 .text.sdk_mapped_flags_bulk_update_by_key
                0x000268c0       0x94 Output/ble_app_hrs_c_pca10028_s130 nrf51422_xxac/Obj/sdk_mapped_flags.o
                0x000268c0                sdk_mapped_flags_bulk_update_by_key
 .text.sdk_mapped_flags_get_by_key
                0x00026954       0x60 Output/ble_app_hrs_c_pca10028_s130 nrf51422_xxac/Obj/sdk_mapped_flags.o
                0x00026954                sdk_mapped_flags_get_by_key
 .text.sdk_mapped_flags_key_list_get
                0x000269b4       0x80 Output/ble_app_hrs_c_pca10028_s130 nrf51422_xxac/Obj/sdk_mapped_flags.o
                0x000269b4                sdk_mapped_flags_key_list_get
 .text.sdk_mapped_flags_n_flags_set
                0x00026a34       0x48 Output/ble_app_hrs_c_pca10028_s130 nrf51422_xxac/Obj/sdk_mapped_flags.o
                0x00026a34                sdk_mapped_flags_n_flags_set
 .text.NVIC_EnableIRQ
                0x00026a7c       0x2c Output/ble_app_hrs_c_pca10028_s130 nrf51422_xxac/Obj/app_timer.o
 .text.NVIC_DisableIRQ
                0x00026aa8       0x30 Output/ble_app_hrs_c_pca10028_s130 nrf51422_xxac/Obj/app_timer.o
 .text.NVIC_SetPendingIRQ
                0x00026ad8       0x34 Output/ble_app_hrs_c_pca10028_s130 nrf51422_xxac/Obj/app_timer.o
 .text.NVIC_ClearPendingIRQ
                0x00026b0c       0x34 Output/ble_app_hrs_c_pca10028_s130 nrf51422_xxac/Obj/app_timer.o
 .text.NVIC_SetPriority
                0x00026b40       0xdc Output/ble_app_hrs_c_pca10028_s130 nrf51422_xxac/Obj/app_timer.o
 .text.is_word_aligned
                0x00026c1c       0x1c Output/ble_app_hrs_c_pca10028_s130 nrf51422_xxac/Obj/app_timer.o
 .text.nrf_delay_us
                0x00026c38       0x48 Output/ble_app_hrs_c_pca10028_s130 nrf51422_xxac/Obj/app_timer.o
 .text.rtc1_init
                0x00026c80       0x28 Output/ble_app_hrs_c_pca10028_s130 nrf51422_xxac/Obj/app_timer.o
 .text.rtc1_start
                0x00026ca8       0x48 Output/ble_app_hrs_c_pca10028_s130 nrf51422_xxac/Obj/app_timer.o
 .text.rtc1_stop
                0x00026cf0       0x58 Output/ble_app_hrs_c_pca10028_s130 nrf51422_xxac/Obj/app_timer.o
 .text.rtc1_counter_get
                0x00026d48       0x18 Output/ble_app_hrs_c_pca10028_s130 nrf51422_xxac/Obj/app_timer.o
 .text.ticks_diff_get
                0x00026d60       0x1c Output/ble_app_hrs_c_pca10028_s130 nrf51422_xxac/Obj/app_timer.o
 .text.rtc1_compare0_set
                0x00026d7c       0x20 Output/ble_app_hrs_c_pca10028_s130 nrf51422_xxac/Obj/app_timer.o
 .text.timer_list_insert
                0x00026d9c       0xb0 Output/ble_app_hrs_c_pca10028_s130 nrf51422_xxac/Obj/app_timer.o
 .text.timer_list_remove
                0x00026e4c       0xa4 Output/ble_app_hrs_c_pca10028_s130 nrf51422_xxac/Obj/app_timer.o
 .text.timer_timeouts_check_sched
                0x00026ef0       0x10 Output/ble_app_hrs_c_pca10028_s130 nrf51422_xxac/Obj/app_timer.o
 .text.timer_list_handler_sched
                0x00026f00       0x10 Output/ble_app_hrs_c_pca10028_s130 nrf51422_xxac/Obj/app_timer.o
 .text.timeout_handler_exec
                0x00026f10       0x50 Output/ble_app_hrs_c_pca10028_s130 nrf51422_xxac/Obj/app_timer.o
 .text.timer_timeouts_check
                0x00026f60       0xcc Output/ble_app_hrs_c_pca10028_s130 nrf51422_xxac/Obj/app_timer.o
 .text.elapsed_ticks_acquire
                0x0002702c       0x7c Output/ble_app_hrs_c_pca10028_s130 nrf51422_xxac/Obj/app_timer.o
 .text.list_deletions_handler
                0x000270a8       0xb8 Output/ble_app_hrs_c_pca10028_s130 nrf51422_xxac/Obj/app_timer.o
 .text.expired_timers_handler
                0x00027160       0x98 Output/ble_app_hrs_c_pca10028_s130 nrf51422_xxac/Obj/app_timer.o
 .text.list_insertions_handler
                0x000271f8      0x160 Output/ble_app_hrs_c_pca10028_s130 nrf51422_xxac/Obj/app_timer.o
 .text.compare_reg_update
                0x00027358       0xc4 Output/ble_app_hrs_c_pca10028_s130 nrf51422_xxac/Obj/app_timer.o
 .text.timer_list_handler
                0x0002741c       0x90 Output/ble_app_hrs_c_pca10028_s130 nrf51422_xxac/Obj/app_timer.o
 .text.user_op_enque
                0x000274ac       0x20 Output/ble_app_hrs_c_pca10028_s130 nrf51422_xxac/Obj/app_timer.o
 .text.user_op_alloc
                0x000274cc       0x6c Output/ble_app_hrs_c_pca10028_s130 nrf51422_xxac/Obj/app_timer.o
 .text.timer_start_op_schedule
                0x00027538       0x94 Output/ble_app_hrs_c_pca10028_s130 nrf51422_xxac/Obj/app_timer.o
 .text.timer_stop_op_schedule
                0x000275cc       0x78 Output/ble_app_hrs_c_pca10028_s130 nrf51422_xxac/Obj/app_timer.o
 .text.RTC1_IRQHandler
                0x00027644       0x50 Output/ble_app_hrs_c_pca10028_s130 nrf51422_xxac/Obj/app_timer.o
                0x00027644                RTC1_IRQHandler
 .text.SWI0_IRQHandler
                0x00027694       0x10 Output/ble_app_hrs_c_pca10028_s130 nrf51422_xxac/Obj/app_timer.o
                0x00027694                SWI0_IRQHandler
 .text.app_timer_init
                0x000276a4       0xb8 Output/ble_app_hrs_c_pca10028_s130 nrf51422_xxac/Obj/app_timer.o
                0x000276a4                app_timer_init
 .text.app_timer_create
                0x0002775c       0x6c Output/ble_app_hrs_c_pca10028_s130 nrf51422_xxac/Obj/app_timer.o
                0x0002775c                app_timer_create
 .text.app_timer_start
                0x000277c8       0x68 Output/ble_app_hrs_c_pca10028_s130 nrf51422_xxac/Obj/app_timer.o
                0x000277c8                app_timer_start
 .text.app_timer_stop
                0x00027830       0x48 Output/ble_app_hrs_c_pca10028_s130 nrf51422_xxac/Obj/app_timer.o
                0x00027830                app_timer_stop
 .text.is_word_aligned
                0x00027878       0x1c Output/ble_app_hrs_c_pca10028_s130 nrf51422_xxac/Obj/fds.o
 .text.flag_set
                0x00027894       0x28 Output/ble_app_hrs_c_pca10028_s130 nrf51422_xxac/Obj/fds.o
 .text.flag_clear
                0x000278bc       0x34 Output/ble_app_hrs_c_pca10028_s130 nrf51422_xxac/Obj/fds.o
 .text.flag_is_set
                0x000278f0       0x2c Output/ble_app_hrs_c_pca10028_s130 nrf51422_xxac/Obj/fds.o
 .text.event_send
                0x0002791c       0x40 Output/ble_app_hrs_c_pca10028_s130 nrf51422_xxac/Obj/fds.o
 .text.event_prepare
                0x0002795c       0xc0 Output/ble_app_hrs_c_pca10028_s130 nrf51422_xxac/Obj/fds.o
 .text.header_is_valid
                0x00027a1c       0x34 Output/ble_app_hrs_c_pca10028_s130 nrf51422_xxac/Obj/fds.o
 .text.address_is_valid
                0x00027a50       0x48 Output/ble_app_hrs_c_pca10028_s130 nrf51422_xxac/Obj/fds.o
 .text.chunk_is_aligned
                0x00027a98       0x4c Output/ble_app_hrs_c_pca10028_s130 nrf51422_xxac/Obj/fds.o
 .text.page_identify
                0x00027ae4       0x48 Output/ble_app_hrs_c_pca10028_s130 nrf51422_xxac/Obj/fds.o
 .text.page_is_erased
                0x00027b2c       0x38 Output/ble_app_hrs_c_pca10028_s130 nrf51422_xxac/Obj/fds.o
 .text.page_has_space
                0x00027b64       0x5c Output/ble_app_hrs_c_pca10028_s130 nrf51422_xxac/Obj/fds.o
 .text.page_from_record
                0x00027bc0       0x80 Output/ble_app_hrs_c_pca10028_s130 nrf51422_xxac/Obj/fds.o
 .text.page_scan
                0x00027c40       0xb4 Output/ble_app_hrs_c_pca10028_s130 nrf51422_xxac/Obj/fds.o
 .text.page_offsets_update
                0x00027cf4       0x40 Output/ble_app_hrs_c_pca10028_s130 nrf51422_xxac/Obj/fds.o
 .text.page_tag_write_swap
                0x00027d34       0x2c Output/ble_app_hrs_c_pca10028_s130 nrf51422_xxac/Obj/fds.o
 .text.page_tag_write_data
                0x00027d60       0x2c Output/ble_app_hrs_c_pca10028_s130 nrf51422_xxac/Obj/fds.o
 .text.write_space_reserve
                0x00027d8c       0xd8 Output/ble_app_hrs_c_pca10028_s130 nrf51422_xxac/Obj/fds.o
 .text.write_space_free
                0x00027e64       0x48 Output/ble_app_hrs_c_pca10028_s130 nrf51422_xxac/Obj/fds.o
 .text.record_id_new
                0x00027eac       0x1c Output/ble_app_hrs_c_pca10028_s130 nrf51422_xxac/Obj/fds.o
 .text.record_find_next
                0x00027ec8       0x9c Output/ble_app_hrs_c_pca10028_s130 nrf51422_xxac/Obj/fds.o
 .text.record_find_by_desc
                0x00027f64       0xb0 Output/ble_app_hrs_c_pca10028_s130 nrf51422_xxac/Obj/fds.o
 .text.record_find
                0x00028014       0xd4 Output/ble_app_hrs_c_pca10028_s130 nrf51422_xxac/Obj/fds.o
 .text.queue_advance
                0x000280e8       0x54 Output/ble_app_hrs_c_pca10028_s130 nrf51422_xxac/Obj/fds.o
 .text.chunk_queue_next
                0x0002813c       0x34 Output/ble_app_hrs_c_pca10028_s130 nrf51422_xxac/Obj/fds.o
                0x0002813c                chunk_queue_next
 .text.chunk_queue_get_and_advance
                0x00028170       0x44 Output/ble_app_hrs_c_pca10028_s130 nrf51422_xxac/Obj/fds.o
 .text.chunk_queue_skip
                0x000281b4       0x40 Output/ble_app_hrs_c_pca10028_s130 nrf51422_xxac/Obj/fds.o
 .text.op_enqueue
                0x000281f4       0xd8 Output/ble_app_hrs_c_pca10028_s130 nrf51422_xxac/Obj/fds.o
 .text.pages_init
                0x000282cc      0x200 Output/ble_app_hrs_c_pca10028_s130 nrf51422_xxac/Obj/fds.o
 .text.record_header_write_begin
                0x000284cc       0x40 Output/ble_app_hrs_c_pca10028_s130 nrf51422_xxac/Obj/fds.o
 .text.record_header_write_id
                0x0002850c       0x50 Output/ble_app_hrs_c_pca10028_s130 nrf51422_xxac/Obj/fds.o
 .text.record_header_write_finalize
                0x0002855c       0x50 Output/ble_app_hrs_c_pca10028_s130 nrf51422_xxac/Obj/fds.o
 .text.record_header_flag_dirty
                0x000285ac       0x40 Output/ble_app_hrs_c_pca10028_s130 nrf51422_xxac/Obj/fds.o
 .text.record_find_and_delete
                0x000285ec       0x84 Output/ble_app_hrs_c_pca10028_s130 nrf51422_xxac/Obj/fds.o
 .text.file_find_and_delete
                0x00028670       0x64 Output/ble_app_hrs_c_pca10028_s130 nrf51422_xxac/Obj/fds.o
 .text.record_write_chunk
                0x000286d4       0x7c Output/ble_app_hrs_c_pca10028_s130 nrf51422_xxac/Obj/fds.o
 .text.gc_init  0x00028750       0x64 Output/ble_app_hrs_c_pca10028_s130 nrf51422_xxac/Obj/fds.o
 .text.gc_page_next
                0x000287b4       0xa4 Output/ble_app_hrs_c_pca10028_s130 nrf51422_xxac/Obj/fds.o
 .text.gc_swap_erase
                0x00028858       0x34 Output/ble_app_hrs_c_pca10028_s130 nrf51422_xxac/Obj/fds.o
 .text.gc_page_erase
                0x0002888c       0x64 Output/ble_app_hrs_c_pca10028_s130 nrf51422_xxac/Obj/fds.o
 .text.gc_record_copy
                0x000288f0       0x58 Output/ble_app_hrs_c_pca10028_s130 nrf51422_xxac/Obj/fds.o
 .text.gc_record_find_next
                0x00028948       0x3c Output/ble_app_hrs_c_pca10028_s130 nrf51422_xxac/Obj/fds.o
 .text.gc_swap_promote
                0x00028984       0x30 Output/ble_app_hrs_c_pca10028_s130 nrf51422_xxac/Obj/fds.o
 .text.gc_tag_new_swap
                0x000289b4       0x20 Output/ble_app_hrs_c_pca10028_s130 nrf51422_xxac/Obj/fds.o
 .text.gc_next_page
                0x000289d4       0x48 Output/ble_app_hrs_c_pca10028_s130 nrf51422_xxac/Obj/fds.o
 .text.gc_update_swap_offset
                0x00028a1c       0x38 Output/ble_app_hrs_c_pca10028_s130 nrf51422_xxac/Obj/fds.o
 .text.gc_swap_pages
                0x00028a54       0x60 Output/ble_app_hrs_c_pca10028_s130 nrf51422_xxac/Obj/fds.o
 .text.gc_state_advance
                0x00028ab4       0x5c Output/ble_app_hrs_c_pca10028_s130 nrf51422_xxac/Obj/fds.o
 .text.init_execute
                0x00028b10      0x19c Output/ble_app_hrs_c_pca10028_s130 nrf51422_xxac/Obj/fds.o
 .text.write_execute
                0x00028cac      0x114 Output/ble_app_hrs_c_pca10028_s130 nrf51422_xxac/Obj/fds.o
 .text.delete_execute
                0x00028dc0       0x6c Output/ble_app_hrs_c_pca10028_s130 nrf51422_xxac/Obj/fds.o
 .text.gc_execute
                0x00028e2c       0x8c Output/ble_app_hrs_c_pca10028_s130 nrf51422_xxac/Obj/fds.o
 .text.queue_process
                0x00028eb8       0xec Output/ble_app_hrs_c_pca10028_s130 nrf51422_xxac/Obj/fds.o
 .text.queue_start
                0x00028fa4       0x2c Output/ble_app_hrs_c_pca10028_s130 nrf51422_xxac/Obj/fds.o
 .text.fs_event_handler
                0x00028fd0       0x20 Output/ble_app_hrs_c_pca10028_s130 nrf51422_xxac/Obj/fds.o
 .text.write_enqueue
                0x00028ff0      0x1e0 Output/ble_app_hrs_c_pca10028_s130 nrf51422_xxac/Obj/fds.o
 .text.fds_register
                0x000291d0       0x48 Output/ble_app_hrs_c_pca10028_s130 nrf51422_xxac/Obj/fds.o
                0x000291d0                fds_register
 .text.fds_init
                0x00029218       0xe0 Output/ble_app_hrs_c_pca10028_s130 nrf51422_xxac/Obj/fds.o
                0x00029218                fds_init
 .text.fds_record_open
                0x000292f8       0x7c Output/ble_app_hrs_c_pca10028_s130 nrf51422_xxac/Obj/fds.o
                0x000292f8                fds_record_open
 .text.fds_record_close
                0x00029374       0x84 Output/ble_app_hrs_c_pca10028_s130 nrf51422_xxac/Obj/fds.o
                0x00029374                fds_record_close
 .text.fds_reserve
                0x000293f8       0x68 Output/ble_app_hrs_c_pca10028_s130 nrf51422_xxac/Obj/fds.o
                0x000293f8                fds_reserve
 .text.fds_reserve_cancel
                0x00029460       0x88 Output/ble_app_hrs_c_pca10028_s130 nrf51422_xxac/Obj/fds.o
                0x00029460                fds_reserve_cancel
 .text.fds_record_write
                0x000294e8       0x20 Output/ble_app_hrs_c_pca10028_s130 nrf51422_xxac/Obj/fds.o
                0x000294e8                fds_record_write
 .text.fds_record_write_reserved
                0x00029508       0x2c Output/ble_app_hrs_c_pca10028_s130 nrf51422_xxac/Obj/fds.o
                0x00029508                fds_record_write_reserved
 .text.fds_record_update
                0x00029534       0x2c Output/ble_app_hrs_c_pca10028_s130 nrf51422_xxac/Obj/fds.o
                0x00029534                fds_record_update
 .text.fds_file_delete
                0x00029560       0x74 Output/ble_app_hrs_c_pca10028_s130 nrf51422_xxac/Obj/fds.o
                0x00029560                fds_file_delete
 .text.fds_gc   0x000295d4       0x58 Output/ble_app_hrs_c_pca10028_s130 nrf51422_xxac/Obj/fds.o
                0x000295d4                fds_gc
 .text.fds_record_find
                0x0002962c       0x34 Output/ble_app_hrs_c_pca10028_s130 nrf51422_xxac/Obj/fds.o
                0x0002962c                fds_record_find
 .text.fds_record_find_by_key
                0x00029660       0x2c Output/ble_app_hrs_c_pca10028_s130 nrf51422_xxac/Obj/fds.o
                0x00029660                fds_record_find_by_key
 .text.fds_record_find_in_file
                0x0002968c       0x2c Output/ble_app_hrs_c_pca10028_s130 nrf51422_xxac/Obj/fds.o
                0x0002968c                fds_record_find_in_file
 .text.fds_record_id_from_desc
                0x000296b8       0x2c Output/ble_app_hrs_c_pca10028_s130 nrf51422_xxac/Obj/fds.o
                0x000296b8                fds_record_id_from_desc
 .text.fs_flash_page_end_addr
                0x000296e4       0x2c Output/ble_app_hrs_c_pca10028_s130 nrf51422_xxac/Obj/fstorage.o
 .text.sd_flash_write
                0x00029710        0x8 Output/ble_app_hrs_c_pca10028_s130 nrf51422_xxac/Obj/fstorage.o
 .text.sd_flash_page_erase
                0x00029718        0x8 Output/ble_app_hrs_c_pca10028_s130 nrf51422_xxac/Obj/fstorage.o
 .text.send_event
                0x00029720       0x94 Output/ble_app_hrs_c_pca10028_s130 nrf51422_xxac/Obj/fstorage.o
 .text.check_config
                0x000297b4       0x34 Output/ble_app_hrs_c_pca10028_s130 nrf51422_xxac/Obj/fstorage.o
 .text.store_execute
                0x000297e8       0x64 Output/ble_app_hrs_c_pca10028_s130 nrf51422_xxac/Obj/fstorage.o
 .text.erase_execute
                0x0002984c       0x1c Output/ble_app_hrs_c_pca10028_s130 nrf51422_xxac/Obj/fstorage.o
 .text.queue_advance
                0x00029868       0x4c Output/ble_app_hrs_c_pca10028_s130 nrf51422_xxac/Obj/fstorage.o
 .text.queue_process
                0x000298b4       0x94 Output/ble_app_hrs_c_pca10028_s130 nrf51422_xxac/Obj/fstorage.o
 .text.queue_start
                0x00029948       0x38 Output/ble_app_hrs_c_pca10028_s130 nrf51422_xxac/Obj/fstorage.o
 .text.on_operation_success
                0x00029980       0xbc Output/ble_app_hrs_c_pca10028_s130 nrf51422_xxac/Obj/fstorage.o
 .text.on_operation_failure
                0x00029a3c       0x3c Output/ble_app_hrs_c_pca10028_s130 nrf51422_xxac/Obj/fstorage.o
 .text.queue_get_next_free
                0x00029a78       0x80 Output/ble_app_hrs_c_pca10028_s130 nrf51422_xxac/Obj/fstorage.o
 .text.fs_init  0x00029af8      0x134 Output/ble_app_hrs_c_pca10028_s130 nrf51422_xxac/Obj/fstorage.o
                0x00029af8                fs_init
 .text.fs_store
                0x00029c2c       0xe0 Output/ble_app_hrs_c_pca10028_s130 nrf51422_xxac/Obj/fstorage.o
                0x00029c2c                fs_store
 .text.fs_erase
                0x00029d0c       0xd0 Output/ble_app_hrs_c_pca10028_s130 nrf51422_xxac/Obj/fstorage.o
                0x00029d0c                fs_erase
 .text.fs_queued_op_count_get
                0x00029ddc       0x28 Output/ble_app_hrs_c_pca10028_s130 nrf51422_xxac/Obj/fstorage.o
                0x00029ddc                fs_queued_op_count_get
 .text.fs_sys_event_handler
                0x00029e04       0x8c Output/ble_app_hrs_c_pca10028_s130 nrf51422_xxac/Obj/fstorage.o
                0x00029e04                fs_sys_event_handler
 .text.nrf_log_backend_init
                0x00029e90       0x48 Output/ble_app_hrs_c_pca10028_s130 nrf51422_xxac/Obj/nrf_log_backend_serial.o
                0x00029e90                nrf_log_backend_init
 .text.serial_is_busy
                0x00029ed8       0x18 Output/ble_app_hrs_c_pca10028_s130 nrf51422_xxac/Obj/nrf_log_backend_serial.o
 .text.serial_tx
                0x00029ef0       0x6c Output/ble_app_hrs_c_pca10028_s130 nrf51422_xxac/Obj/nrf_log_backend_serial.o
 .text.buf_len_update
                0x00029f5c       0x3c Output/ble_app_hrs_c_pca10028_s130 nrf51422_xxac/Obj/nrf_log_backend_serial.o
 .text.timestamp_process
                0x00029f98       0x68 Output/ble_app_hrs_c_pca10028_s130 nrf51422_xxac/Obj/nrf_log_backend_serial.o
 .text.nrf_log_backend_serial_std_handler
                0x0002a000      0x2cc Output/ble_app_hrs_c_pca10028_s130 nrf51422_xxac/Obj/nrf_log_backend_serial.o
 .text.byte2hex
                0x0002a2cc       0x6c Output/ble_app_hrs_c_pca10028_s130 nrf51422_xxac/Obj/nrf_log_backend_serial.o
 .text.nrf_log_backend_serial_hexdump_handler
                0x0002a338      0x3b0 Output/ble_app_hrs_c_pca10028_s130 nrf51422_xxac/Obj/nrf_log_backend_serial.o
 .text.nrf_log_backend_std_handler_get
                0x0002a6e8       0x10 Output/ble_app_hrs_c_pca10028_s130 nrf51422_xxac/Obj/nrf_log_backend_serial.o
                0x0002a6e8                nrf_log_backend_std_handler_get
 .text.nrf_log_backend_hexdump_handler_get
                0x0002a6f8       0x10 Output/ble_app_hrs_c_pca10028_s130 nrf51422_xxac/Obj/nrf_log_backend_serial.o
                0x0002a6f8                nrf_log_backend_hexdump_handler_get
 .text.nrf_log_init
                0x0002a708       0x38 Output/ble_app_hrs_c_pca10028_s130 nrf51422_xxac/Obj/nrf_log_frontend.o
                0x0002a708                nrf_log_init
 .text.nrf_log_blocking_backend_set
                0x0002a740       0x14 Output/ble_app_hrs_c_pca10028_s130 nrf51422_xxac/Obj/nrf_log_frontend.o
                0x0002a740                nrf_log_blocking_backend_set
 .text.nrf_log_frontend_init
                0x0002a754       0x38 Output/ble_app_hrs_c_pca10028_s130 nrf51422_xxac/Obj/nrf_log_frontend.o
                0x0002a754                nrf_log_frontend_init
 .text.nrf_log_handlers_set
                0x0002a78c       0x2c Output/ble_app_hrs_c_pca10028_s130 nrf51422_xxac/Obj/nrf_log_frontend.o
                0x0002a78c                nrf_log_handlers_set
 .text.buf_prealloc
                0x0002a7b8      0x10c Output/ble_app_hrs_c_pca10028_s130 nrf51422_xxac/Obj/nrf_log_frontend.o
 .text.nrf_log_frontend_std_0
                0x0002a8c4       0xcc Output/ble_app_hrs_c_pca10028_s130 nrf51422_xxac/Obj/nrf_log_frontend.o
                0x0002a8c4                nrf_log_frontend_std_0
 .text.nrf_log_frontend_std_1