Archive member included to satisfy reference by file (symbol)

/Applications/SEGGER Embedded Studio 3.10i/lib/libc_v6m_t_le_eabi.a(libc_asm.o)
                              Output/ble_app_hrs_c_pca10028_s130 nrf51422_xxac/Obj/bsp.o (__aeabi_uidiv)
/Applications/SEGGER Embedded Studio 3.10i/lib/libc_v6m_t_le_eabi.a(libc2.o)
                              Output/ble_app_hrs_c_pca10028_s130 nrf51422_xxac/Obj/nrf_log_backend_serial.o (isprint)
/Applications/SEGGER Embedded Studio 3.10i/lib/libc_v6m_t_le_eabi.a(libc2_asm.o)
                              Output/ble_app_hrs_c_pca10028_s130 nrf51422_xxac/Obj/wble.o (memcpy)
/Applications/SEGGER Embedded Studio 3.10i/lib/libm_v6m_t_le_eabi.a(libm_asm.o)
                              /Applications/SEGGER Embedded Studio 3.10i/lib/libc_v6m_t_le_eabi.a(libc2.o) (__aeabi_i2f)
/Applications/SEGGER Embedded Studio 3.10i/lib/libm_v6m_t_le_eabi.a(libm2.o)
                              /Applications/SEGGER Embedded Studio 3.10i/lib/libvfprintf_v6m_t_le_eabi.o (frexp)
/Applications/SEGGER Embedded Studio 3.10i/lib/libm_v6m_t_le_eabi.a(libm2_asm.o)
                              /Applications/SEGGER Embedded Studio 3.10i/lib/libm_v6m_t_le_eabi.a(libm2.o) (fabs)

Discarded input sections

 .text          0x00000000        0x0 Output/ble_app_hrs_c_pca10028_s130 nrf51422_xxac/Obj/thumb_crt0.o
 .data          0x00000000        0x0 Output/ble_app_hrs_c_pca10028_s130 nrf51422_xxac/Obj/thumb_crt0.o
 .bss           0x00000000        0x0 Output/ble_app_hrs_c_pca10028_s130 nrf51422_xxac/Obj/thumb_crt0.o
 .text.__aeabi_read_tp
                0x00000000        0x8 Output/ble_app_hrs_c_pca10028_s130 nrf51422_xxac/Obj/thumb_crt0.o
 .text.__heap_lock
                0x00000000        0x2 Output/ble_app_hrs_c_pca10028_s130 nrf51422_xxac/Obj/thumb_crt0.o
 .text.__heap_unlock
                0x00000000        0x2 Output/ble_app_hrs_c_pca10028_s130 nrf51422_xxac/Obj/thumb_crt0.o
 .text.__printf_lock
                0x00000000        0x2 Output/ble_app_hrs_c_pca10028_s130 nrf51422_xxac/Obj/thumb_crt0.o
 .text.__printf_unlock
                0x00000000        0x2 Output/ble_app_hrs_c_pca10028_s130 nrf51422_xxac/Obj/thumb_crt0.o
 .text.__scanf_lock
                0x00000000        0x2 Output/ble_app_hrs_c_pca10028_s130 nrf51422_xxac/Obj/thumb_crt0.o
 .text.__scanf_unlock
                0x00000000        0x2 Output/ble_app_hrs_c_pca10028_s130 nrf51422_xxac/Obj/thumb_crt0.o
 .text.__debug_io_lock
                0x00000000        0x2 Output/ble_app_hrs_c_pca10028_s130 nrf51422_xxac/Obj/thumb_crt0.o
 .text.__debug_io_unlock
                0x00000000        0x2 Output/ble_app_hrs_c_pca10028_s130 nrf51422_xxac/Obj/thumb_crt0.o
 .text.abort    0x00000000        0x2 Output/ble_app_hrs_c_pca10028_s130 nrf51422_xxac/Obj/thumb_crt0.o
 .text.__assert
                0x00000000        0x2 Output/ble_app_hrs_c_pca10028_s130 nrf51422_xxac/Obj/thumb_crt0.o
 .text.__aeabi_assert
                0x00000000        0x2 Output/ble_app_hrs_c_pca10028_s130 nrf51422_xxac/Obj/thumb_crt0.o
 .text.__cxa_pure_virtual
                0x00000000        0x2 Output/ble_app_hrs_c_pca10028_s130 nrf51422_xxac/Obj/thumb_crt0.o
 .text.__cxa_guard_acquire
                0x00000000       0x10 Output/ble_app_hrs_c_pca10028_s130 nrf51422_xxac/Obj/thumb_crt0.o
 .text.__cxa_guard_release
                0x00000000        0x6 Output/ble_app_hrs_c_pca10028_s130 nrf51422_xxac/Obj/thumb_crt0.o
 .text.__cxa_guard_abort
                0x00000000        0x2 Output/ble_app_hrs_c_pca10028_s130 nrf51422_xxac/Obj/thumb_crt0.o
 .text.__getchar
                0x00000000        0x8 Output/ble_app_hrs_c_pca10028_s130 nrf51422_xxac/Obj/thumb_crt0.o
 .text.__putchar
                0x00000000        0x8 Output/ble_app_hrs_c_pca10028_s130 nrf51422_xxac/Obj/thumb_crt0.o
 .bss.__user_locale_name_buffer
                0x00000000        0x4 Output/ble_app_hrs_c_pca10028_s130 nrf51422_xxac/Obj/thumb_crt0.o
 .stack         0x00000000        0x0 Output/ble_app_hrs_c_pca10028_s130 nrf51422_xxac/Obj/thumb_crt0.o
 .stack_process
                0x00000000        0x0 Output/ble_app_hrs_c_pca10028_s130 nrf51422_xxac/Obj/thumb_crt0.o
 .heap          0x00000000        0x0 Output/ble_app_hrs_c_pca10028_s130 nrf51422_xxac/Obj/thumb_crt0.o
 .text          0x00000000        0x0 Output/ble_app_hrs_c_pca10028_s130 nrf51422_xxac/Obj/system_nrf51.o
 .data          0x00000000        0x0 Output/ble_app_hrs_c_pca10028_s130 nrf51422_xxac/Obj/system_nrf51.o
 .bss           0x00000000        0x0 Output/ble_app_hrs_c_pca10028_s130 nrf51422_xxac/Obj/system_nrf51.o
 .text.SystemCoreClockUpdate
                0x00000000       0x10 Output/ble_app_hrs_c_pca10028_s130 nrf51422_xxac/Obj/system_nrf51.o
 .text          0x00000000        0x0 Output/ble_app_hrs_c_pca10028_s130 nrf51422_xxac/Obj/ses_nrf51_startup.o
 .data          0x00000000        0x0 Output/ble_app_hrs_c_pca10028_s130 nrf51422_xxac/Obj/ses_nrf51_startup.o
[...]
Memory Configuration

Name             Origin             Length             Attributes
UNPLACED_SECTIONS 0xffffffff         0x00000000         xw
SRAM             0x20000000         0x00008000         xw
FLASH            0x00000000         0x00040000         xr
*default*        0x00000000         0xffffffff

Linker script and memory map

                0x00025088                __vfprintf = __vfprintf_int_nwp
                0x000256f8                __vfscanf = __vfscanf_int
                0x20000000                __SRAM_segment_start__ = 0x20000000
                0x20008000                __SRAM_segment_end__ = 0x20008000
                0x00008000                __SRAM_segment_size__ = 0x8000
                0x00000000                __FLASH_segment_start__ = 0x0
                0x00040000                __FLASH_segment_end__ = 0x40000
                0x00040000                __FLASH_segment_size__ = 0x40000
                0x00000000                __HEAPSIZE__ = 0x0
                0x00000000                __STACKSIZE_ABT__ = 0x0
                0x00000000                __STACKSIZE_FIQ__ = 0x0
                0x00000000                __STACKSIZE_IRQ__ = 0x0
                0x00000000                __STACKSIZE_PROCESS__ = 0x0
                0x00000000                __STACKSIZE_SVC__ = 0x0
                0x00000000                __STACKSIZE_UND__ = 0x0
                0x00000400                __STACKSIZE__ = 0x400
                0x20001eb0                __vectors_ram_load_start__ = 0x20001eb0

.vectors_ram    0x20001eb0        0x0
                0x20001eb0                __vectors_ram_start__ = .
 *(.vectors_ram .vectors_ram.*)
                0x20001eb0                __vectors_ram_end__ = (__vectors_ram_start__ + SIZEOF (.vectors_ram))
                0x00000000                __vectors_ram_size__ = SIZEOF (.vectors_ram)
                0x20001eb0                __vectors_ram_load_end__ = __vectors_ram_end__
                0x00000001                . = ASSERT (((__vectors_ram_start__ == __vectors_ram_end__) || ((__vectors_ram_end__ >= __SRAM_segment_start__) && (__vectors_ram_end__ <= __SRAM_segment_end__))), error: .vectors_ram is too large to fit in SRAM memory segment)
                0x0001b000                __vectors_load_start__ = 0x1b000

.vectors        0x0001b000       0xc0
                0x0001b000                __vectors_start__ = .
 *(.vectors .vectors.*)
 .vectors       0x0001b000       0xc0 Output/ble_app_hrs_c_pca10028_s130 nrf51422_xxac/Obj/ses_nrf51_startup.o
                0x0001b000                _vectors
                0x0001b0c0                __vectors_end__ = (__vectors_start__ + SIZEOF (.vectors))
                0x000000c0                __vectors_size__ = SIZEOF (.vectors)
                0x0001b0c0                __vectors_load_end__ = __vectors_end__
                0x00000001                . = ASSERT (((__vectors_start__ == __vectors_end__) || ((__vectors_end__ >= __FLASH_segment_start__) && (__vectors_end__ <= __FLASH_segment_end__))), error: .vectors is too large to fit in FLASH memory segment)
                0x0001b0c0                __init_load_start__ = ALIGN (__vectors_end__, 0x4)

.init           0x0001b0c0      0x1d4
                0x0001b0c0                __init_start__ = .
 *(.init .init.*)
 .init          0x0001b0c0      0x16c Output/ble_app_hrs_c_pca10028_s130 nrf51422_xxac/Obj/thumb_crt0.o
                0x0001b0c0                _start
                0x0001b17c                exit
 .init          0x0001b22c       0x68 Output/ble_app_hrs_c_pca10028_s130 nrf51422_xxac/Obj/ses_nrf51_startup.o
                0x0001b22c                NMI_Handler
                0x0001b22e                HardFault_Handler
                0x0001b230                SVC_Handler
                0x0001b232                PendSV_Handler
                0x0001b234                SysTick_Handler
                0x0001b238                RADIO_IRQHandler
                0x0001b23c                SPI0_TWI0_IRQHandler
                0x0001b23e                SPI1_TWI1_IRQHandler
                0x0001b242                ADC_IRQHandler
                0x0001b244                TIMER0_IRQHandler
                0x0001b246                TIMER1_IRQHandler
                0x0001b248                TIMER2_IRQHandler
                0x0001b24a                RTC0_IRQHandler
                0x0001b24c                TEMP_IRQHandler
                0x0001b24e                RNG_IRQHandler
                0x0001b250                ECB_IRQHandler
                0x0001b252                CCM_AAR_IRQHandler
                0x0001b254                WDT_IRQHandler
                0x0001b258                QDEC_IRQHandler
                0x0001b25a                LPCOMP_IRQHandler
                0x0001b25e                SWI1_IRQHandler
                0x0001b262                SWI3_IRQHandler
                0x0001b264                SWI4_IRQHandler
                0x0001b266                SWI5_IRQHandler
                0x0001b268                reset_handler
                0x0001b294                __init_end__ = (__init_start__ + SIZEOF (.init))
                0x000001d4                __init_size__ = SIZEOF (.init)
                0x0001b294                __init_load_end__ = __init_end__
                0x00000001                . = ASSERT (((__init_start__ == __init_end__) || ((__init_end__ >= __FLASH_segment_start__) && (__init_end__ <= __FLASH_segment_end__))), error: .init is too large to fit in FLASH memory segment)
                0x0001b294                __init_rodata_load_start__ = ALIGN (__init_end__, 0x4)

.init_rodata    0x0001b294        0x0
                0x0001b294                __init_rodata_start__ = .
 *(.init_rodata .init_rodata.*)
                0x0001b294                __init_rodata_end__ = (__init_rodata_start__ + SIZEOF (.init_rodata))
                0x00000000                __init_rodata_size__ = SIZEOF (.init_rodata)
                0x0001b294                __init_rodata_load_end__ = __init_rodata_end__
                0x00000001                . = ASSERT (((__init_rodata_start__ == __init_rodata_end__) || ((__init_rodata_end__ >= __FLASH_segment_start__) && (__init_rodata_end__ <= __FLASH_segment_end__))), error: .init_rodata is too large to fit in FLASH memory segment)
                0x0001b294                __text_load_start__ = ALIGN (__init_rodata_end__, 0x4)

.text           0x0001b294     0xa798
                0x0001b294                __text_start__ = .
 *(.text .text.* .glue_7t .glue_7 .gnu.linkonce.t.* .gcc_except_table .ARM.extab* .gnu.linkonce.armextab.*)
 .glue_7        0x0001b294        0x0 linker stubs
 .glue_7t       0x0001b294        0x0 linker stubs
 .text.is_manual_peripheral_setup_needed
                0x0001b294       0x70 Output/ble_app_hrs_c_pca10028_s130 nrf51422_xxac/Obj/system_nrf51.o
 .text.is_disabled_in_debug_needed
                0x0001b304       0x4c Output/ble_app_hrs_c_pca10028_s130 nrf51422_xxac/Obj/system_nrf51.o
 .text.is_peripheral_domain_setup_needed
                0x0001b350       0x60 Output/ble_app_hrs_c_pca10028_s130 nrf51422_xxac/Obj/system_nrf51.o
 .text.SystemInit
                0x0001b3b0       0x6c Output/ble_app_hrs_c_pca10028_s130 nrf51422_xxac/Obj/system_nrf51.o
                0x0001b3b0                SystemInit
 .text.sd_app_evt_wait
                0x0001b41c        0x4 Output/ble_app_hrs_c_pca10028_s130 nrf51422_xxac/Obj/main.o
 .text.power_manage
                0x0001b420       0x10 Output/ble_app_hrs_c_pca10028_s130 nrf51422_xxac/Obj/main.o
 .text.log_init
                0x0001b430       0x14 Output/ble_app_hrs_c_pca10028_s130 nrf51422_xxac/Obj/main.o
 .text.main     0x0001b444       0x4c Output/ble_app_hrs_c_pca10028_s130 nrf51422_xxac/Obj/main.o
                0x0001b444                main
 .text.sd_power_system_off
                0x0001b490        0x4 Output/ble_app_hrs_c_pca10028_s130 nrf51422_xxac/Obj/wble.o
 .text.sd_ble_gap_conn_param_update
                0x0001b494        0x4 Output/ble_app_hrs_c_pca10028_s130 nrf51422_xxac/Obj/wble.o
 .text.sd_ble_gap_disconnect
                0x0001b498        0x4 Output/ble_app_hrs_c_pca10028_s130 nrf51422_xxac/Obj/wble.o
 .text.sd_ble_gap_scan_start
                0x0001b49c        0x4 Output/ble_app_hrs_c_pca10028_s130 nrf51422_xxac/Obj/wble.o
 .text.sd_ble_gap_scan_stop
                0x0001b4a0        0x4 Output/ble_app_hrs_c_pca10028_s130 nrf51422_xxac/Obj/wble.o
 .text.sd_ble_gap_connect
                0x0001b4a4        0x4 Output/ble_app_hrs_c_pca10028_s130 nrf51422_xxac/Obj/wble.o
 .text.adv_report_parse
                0x0001b4a8       0x30 Output/ble_app_hrs_c_pca10028_s130 nrf51422_xxac/Obj/wble.o
 .text.find_adv_uuid
                0x0001b4d8       0x60 Output/ble_app_hrs_c_pca10028_s130 nrf51422_xxac/Obj/wble.o
 .text.sleep_mode_enter
                0x0001b538       0x2c Output/ble_app_hrs_c_pca10028_s130 nrf51422_xxac/Obj/wble.o
 .text.peer_list_get
                0x0001b564       0x3c Output/ble_app_hrs_c_pca10028_s130 nrf51422_xxac/Obj/wble.o
 .text.whitelist_load
                0x0001b5a0       0x48 Output/ble_app_hrs_c_pca10028_s130 nrf51422_xxac/Obj/wble.o
 .text.scan_start
                0x0001b5e8       0xfc Output/ble_app_hrs_c_pca10028_s130 nrf51422_xxac/Obj/wble.o
 .text.whitelist_disable
                0x0001b6e4       0x2c Output/ble_app_hrs_c_pca10028_s130 nrf51422_xxac/Obj/wble.o
 .text.bsp_event_handler
                0x0001b710       0x34 Output/ble_app_hrs_c_pca10028_s130 nrf51422_xxac/Obj/wble.o
                0x0001b710                bsp_event_handler
 .text.on_sys_evt
                0x0001b744       0x20 Output/ble_app_hrs_c_pca10028_s130 nrf51422_xxac/Obj/wble.o
 .text.gatt_evt_handler
                0x0001b764       0x64 Output/ble_app_hrs_c_pca10028_s130 nrf51422_xxac/Obj/wble.o
                0x0001b764                gatt_evt_handler
 .text.buttons_leds_init
                0x0001b7c8       0x44 Output/ble_app_hrs_c_pca10028_s130 nrf51422_xxac/Obj/wble.o
 .text.ble_stack_init
                0x0001b80c       0x74 Output/ble_app_hrs_c_pca10028_s130 nrf51422_xxac/Obj/wble.o
 .text.sys_evt_dispatch
                0x0001b880       0x10 Output/ble_app_hrs_c_pca10028_s130 nrf51422_xxac/Obj/wble.o
 .text.find_adv_name
                0x0001b890       0x68 Output/ble_app_hrs_c_pca10028_s130 nrf51422_xxac/Obj/wble.o
 .text.on_ble_evt
                0x0001b8f8      0x1cc Output/ble_app_hrs_c_pca10028_s130 nrf51422_xxac/Obj/wble.o
 .text.ble_evt_dispatch
                0x0001bac4       0x40 Output/ble_app_hrs_c_pca10028_s130 nrf51422_xxac/Obj/wble.o
 .text.peer_manager_init
                0x0001bb04       0x94 Output/ble_app_hrs_c_pca10028_s130 nrf51422_xxac/Obj/wble.o
 .text.pm_evt_handler
                0x0001bb98       0xa4 Output/ble_app_hrs_c_pca10028_s130 nrf51422_xxac/Obj/wble.o
 .text.db_discovery_init
                0x0001bc3c       0x18 Output/ble_app_hrs_c_pca10028_s130 nrf51422_xxac/Obj/wble.o
 .text.db_disc_handler
                0x0001bc54       0x10 Output/ble_app_hrs_c_pca10028_s130 nrf51422_xxac/Obj/wble.o
 .text.bas_c_init
                0x0001bc64       0x24 Output/ble_app_hrs_c_pca10028_s130 nrf51422_xxac/Obj/wble.o
 .text.bas_c_evt_handler
                0x0001bc88       0x90 Output/ble_app_hrs_c_pca10028_s130 nrf51422_xxac/Obj/wble.o
 .text.gatt_init
                0x0001bd18       0x1c Output/ble_app_hrs_c_pca10028_s130 nrf51422_xxac/Obj/wble.o
                0x0001bd18                gatt_init
 .text.wble_init
                0x0001bd34       0x48 Output/ble_app_hrs_c_pca10028_s130 nrf51422_xxac/Obj/wble.o
                0x0001bd34                wble_init
 .text.wble_get_cfg
                0x0001bd7c       0x38 Output/ble_app_hrs_c_pca10028_s130 nrf51422_xxac/Obj/wble.o
                0x0001bd7c                wble_get_cfg
 .text.wble_set_cfg
                0x0001bdb4       0x3c Output/ble_app_hrs_c_pca10028_s130 nrf51422_xxac/Obj/wble.o
                0x0001bdb4                wble_set_cfg
 .text.cli_get_data
                0x0001bdf0       0x6c Output/ble_app_hrs_c_pca10028_s130 nrf51422_xxac/Obj/cli.o
                0x0001bdf0                cli_get_data
 .text.cli_event_handler
                0x0001be5c       0x28 Output/ble_app_hrs_c_pca10028_s130 nrf51422_xxac/Obj/cli.o
                0x0001be5c                cli_event_handler
 .text.cli_init
                0x0001be84       0x64 Output/ble_app_hrs_c_pca10028_s130 nrf51422_xxac/Obj/cli.o
                0x0001be84                cli_init
 .text.uart_put_string
                0x0001bee8       0x18 Output/ble_app_hrs_c_pca10028_s130 nrf51422_xxac/Obj/cli_commands.o
                0x0001bee8                uart_put_string
 .text.execute_cli_command
                0x0001bf00      0x824 Output/ble_app_hrs_c_pca10028_s130 nrf51422_xxac/Obj/cli_commands.o
                0x0001bf00                execute_cli_command
 .text.bsp_board_led_state_get
                0x0001c724       0x24 Output/ble_app_hrs_c_pca10028_s130 nrf51422_xxac/Obj/boards.o
                0x0001c724                bsp_board_led_state_get
 .text.bsp_board_led_on
                0x0001c748       0x1c Output/ble_app_hrs_c_pca10028_s130 nrf51422_xxac/Obj/boards.o
                0x0001c748                bsp_board_led_on
 .text.bsp_board_led_off
                0x0001c764       0x18 Output/ble_app_hrs_c_pca10028_s130 nrf51422_xxac/Obj/boards.o
                0x0001c764                bsp_board_led_off
 .text.bsp_board_leds_off
                0x0001c77c       0x14 Output/ble_app_hrs_c_pca10028_s130 nrf51422_xxac/Obj/boards.o
                0x0001c77c                bsp_board_leds_off
 .text.bsp_board_leds_on
                0x0001c790       0x14 Output/ble_app_hrs_c_pca10028_s130 nrf51422_xxac/Obj/boards.o
                0x0001c790                bsp_board_leds_on
 .text.bsp_board_led_invert
                0x0001c7a4       0x30 Output/ble_app_hrs_c_pca10028_s130 nrf51422_xxac/Obj/boards.o
                0x0001c7a4                bsp_board_led_invert
 .text.bsp_board_leds_init
                0x0001c7d4       0x28 Output/ble_app_hrs_c_pca10028_s130 nrf51422_xxac/Obj/boards.o
                0x0001c7d4                bsp_board_leds_init
 .text.bsp_board_button_state_get
                0x0001c7fc       0x20 Output/ble_app_hrs_c_pca10028_s130 nrf51422_xxac/Obj/boards.o
                0x0001c7fc                bsp_board_button_state_get
 .text.bsp_board_pin_to_button_idx
                0x0001c81c       0x20 Output/ble_app_hrs_c_pca10028_s130 nrf51422_xxac/Obj/boards.o
                0x0001c81c                bsp_board_pin_to_button_idx
 .text.bsp_board_button_idx_to_pin
                0x0001c83c        0xc Output/ble_app_hrs_c_pca10028_s130 nrf51422_xxac/Obj/boards.o
                0x0001c83c                bsp_board_button_idx_to_pin
 .text.connection_buttons_configure
                0x0001c848       0x40 Output/ble_app_hrs_c_pca10028_s130 nrf51422_xxac/Obj/bsp_btn_ble.o
 .text.advertising_buttons_configure
                0x0001c888       0x40 Output/ble_app_hrs_c_pca10028_s130 nrf51422_xxac/Obj/bsp_btn_ble.o
 .text.startup_event_extract
                0x0001c8c8       0x2c Output/ble_app_hrs_c_pca10028_s130 nrf51422_xxac/Obj/bsp_btn_ble.o
 .text.bsp_btn_ble_sleep_mode_prepare
                0x0001c8f4       0x28 Output/ble_app_hrs_c_pca10028_s130 nrf51422_xxac/Obj/bsp_btn_ble.o
                0x0001c8f4                bsp_btn_ble_sleep_mode_prepare
 .text.bsp_btn_ble_on_ble_evt
                0x0001c91c       0x5c Output/ble_app_hrs_c_pca10028_s130 nrf51422_xxac/Obj/bsp_btn_ble.o
                0x0001c91c                bsp_btn_ble_on_ble_evt
 .text.bsp_btn_ble_init
                0x0001c978       0x2c Output/ble_app_hrs_c_pca10028_s130 nrf51422_xxac/Obj/bsp_btn_ble.o
                0x0001c978                bsp_btn_ble_init
 .text.alert_timer_handler
                0x0001c9a4        0xc Output/ble_app_hrs_c_pca10028_s130 nrf51422_xxac/Obj/bsp.o
 .text.bsp_led_indication
                0x0001c9b0      0x2bc Output/ble_app_hrs_c_pca10028_s130 nrf51422_xxac/Obj/bsp.o
 .text.leds_timer_handler
                0x0001cc6c       0x1c Output/ble_app_hrs_c_pca10028_s130 nrf51422_xxac/Obj/bsp.o
 .text.bsp_button_event_handler
                0x0001cc88       0xb0 Output/ble_app_hrs_c_pca10028_s130 nrf51422_xxac/Obj/bsp.o
 .text.button_timer_handler
                0x0001cd38        0xc Output/ble_app_hrs_c_pca10028_s130 nrf51422_xxac/Obj/bsp.o
 .text.bsp_button_is_pressed
                0x0001cd44        0x8 Output/ble_app_hrs_c_pca10028_s130 nrf51422_xxac/Obj/bsp.o
                0x0001cd44                bsp_button_is_pressed
 .text.bsp_indication_set
                0x0001cd4c       0x18 Output/ble_app_hrs_c_pca10028_s130 nrf51422_xxac/Obj/bsp.o
                0x0001cd4c                bsp_indication_set
 .text.bsp_event_to_button_action_assign
                0x0001cd64       0x58 Output/ble_app_hrs_c_pca10028_s130 nrf51422_xxac/Obj/bsp.o
                0x0001cd64                bsp_event_to_button_action_assign
 .text.bsp_init
                0x0001cdbc       0xb4 Output/ble_app_hrs_c_pca10028_s130 nrf51422_xxac/Obj/bsp.o
                0x0001cdbc                bsp_init
 .text.bsp_wakeup_button_enable
                0x0001ce70       0x2c Output/ble_app_hrs_c_pca10028_s130 nrf51422_xxac/Obj/bsp.o
                0x0001ce70                bsp_wakeup_button_enable
 .text.sd_ble_gattc_primary_services_discover
                0x0001ce9c        0x4 Output/ble_app_hrs_c_pca10028_s130 nrf51422_xxac/Obj/ble_db_discovery.o
 .text.sd_ble_gattc_characteristics_discover
                0x0001cea0        0x4 Output/ble_app_hrs_c_pca10028_s130 nrf51422_xxac/Obj/ble_db_discovery.o
 .text.sd_ble_gattc_descriptors_discover
                0x0001cea4        0x4 Output/ble_app_hrs_c_pca10028_s130 nrf51422_xxac/Obj/ble_db_discovery.o
 .text.registered_handler_get
                0x0001cea8       0x40 Output/ble_app_hrs_c_pca10028_s130 nrf51422_xxac/Obj/ble_db_discovery.o
 .text.registered_handler_set
                0x0001cee8       0x3c Output/ble_app_hrs_c_pca10028_s130 nrf51422_xxac/Obj/ble_db_discovery.o
 .text.pending_user_evts_send
                0x0001cf24       0x30 Output/ble_app_hrs_c_pca10028_s130 nrf51422_xxac/Obj/ble_db_discovery.o
 .text.discovery_error_evt_trigger
                0x0001cf54       0x34 Output/ble_app_hrs_c_pca10028_s130 nrf51422_xxac/Obj/ble_db_discovery.o
 .text.discovery_complete_evt_trigger
                0x0001cf88       0x8c Output/ble_app_hrs_c_pca10028_s130 nrf51422_xxac/Obj/ble_db_discovery.o
 .text.is_char_discovery_reqd
                0x0001d014       0x20 Output/ble_app_hrs_c_pca10028_s130 nrf51422_xxac/Obj/ble_db_discovery.o
 .text.is_desc_discovery_reqd
                0x0001d034       0x54 Output/ble_app_hrs_c_pca10028_s130 nrf51422_xxac/Obj/ble_db_discovery.o
 .text.characteristics_discover
                0x0001d088       0x60 Output/ble_app_hrs_c_pca10028_s130 nrf51422_xxac/Obj/ble_db_discovery.o
 .text.descriptors_discover
                0x0001d0e8       0xb4 Output/ble_app_hrs_c_pca10028_s130 nrf51422_xxac/Obj/ble_db_discovery.o
 .text.on_disconnected
                0x0001d19c       0x1c Output/ble_app_hrs_c_pca10028_s130 nrf51422_xxac/Obj/ble_db_discovery.o
 .text.on_srv_disc_completion
                0x0001d1b8       0xac Output/ble_app_hrs_c_pca10028_s130 nrf51422_xxac/Obj/ble_db_discovery.o
 .text.on_characteristic_discovery_rsp
                0x0001d264      0x18c Output/ble_app_hrs_c_pca10028_s130 nrf51422_xxac/Obj/ble_db_discovery.o
 .text.on_descriptor_discovery_rsp
                0x0001d3f0      0x1c8 Output/ble_app_hrs_c_pca10028_s130 nrf51422_xxac/Obj/ble_db_discovery.o
 .text.on_primary_srv_discovery_rsp
                0x0001d5b8       0xa4 Output/ble_app_hrs_c_pca10028_s130 nrf51422_xxac/Obj/ble_db_discovery.o
 .text.ble_db_discovery_init
                0x0001d65c       0x30 Output/ble_app_hrs_c_pca10028_s130 nrf51422_xxac/Obj/ble_db_discovery.o
                0x0001d65c                ble_db_discovery_init
 .text.ble_db_discovery_evt_register
                0x0001d68c       0x28 Output/ble_app_hrs_c_pca10028_s130 nrf51422_xxac/Obj/ble_db_discovery.o
                0x0001d68c                ble_db_discovery_evt_register
 .text.ble_db_discovery_start
                0x0001d6b4       0x98 Output/ble_app_hrs_c_pca10028_s130 nrf51422_xxac/Obj/ble_db_discovery.o
                0x0001d6b4                ble_db_discovery_start
 .text.ble_db_discovery_on_ble_evt
                0x0001d74c       0x50 Output/ble_app_hrs_c_pca10028_s130 nrf51422_xxac/Obj/ble_db_discovery.o
                0x0001d74c                ble_db_discovery_on_ble_evt
 .text.user_flag_is_acquired
                0x0001d79c       0x18 Output/ble_app_hrs_c_pca10028_s130 nrf51422_xxac/Obj/ble_conn_state.o
 .text.user_flag_acquire
                0x0001d7b4       0x14 Output/ble_app_hrs_c_pca10028_s130 nrf51422_xxac/Obj/ble_conn_state.o
 .text.record_set_disconnected
                0x0001d7c8       0x18 Output/ble_app_hrs_c_pca10028_s130 nrf51422_xxac/Obj/ble_conn_state.o
 .text.record_invalidate
                0x0001d7e0       0x20 Output/ble_app_hrs_c_pca10028_s130 nrf51422_xxac/Obj/ble_conn_state.o
 .text.record_purge_disconnected
                0x0001d800       0x44 Output/ble_app_hrs_c_pca10028_s130 nrf51422_xxac/Obj/ble_conn_state.o
 .text.record_activate
                0x0001d844       0x4c Output/ble_app_hrs_c_pca10028_s130 nrf51422_xxac/Obj/ble_conn_state.o
 .text.ble_conn_state_on_ble_evt
                0x0001d890       0x84 Output/ble_app_hrs_c_pca10028_s130 nrf51422_xxac/Obj/ble_conn_state.o
                0x0001d890                ble_conn_state_on_ble_evt
 .text.ble_conn_state_role
                0x0001d914       0x34 Output/ble_app_hrs_c_pca10028_s130 nrf51422_xxac/Obj/ble_conn_state.o
                0x0001d914                ble_conn_state_role
 .text.ble_conn_state_encrypted
                0x0001d948       0x14 Output/ble_app_hrs_c_pca10028_s130 nrf51422_xxac/Obj/ble_conn_state.o
                0x0001d948                ble_conn_state_encrypted
 .text.ble_conn_state_mitm_protected
                0x0001d95c       0x14 Output/ble_app_hrs_c_pca10028_s130 nrf51422_xxac/Obj/ble_conn_state.o
                0x0001d95c                ble_conn_state_mitm_protected
 .text.ble_conn_state_n_centrals
                0x0001d970       0x14 Output/ble_app_hrs_c_pca10028_s130 nrf51422_xxac/Obj/ble_conn_state.o
                0x0001d970                ble_conn_state_n_centrals
 .text.ble_conn_state_conn_handles
                0x0001d984       0x18 Output/ble_app_hrs_c_pca10028_s130 nrf51422_xxac/Obj/ble_conn_state.o
                0x0001d984                ble_conn_state_conn_handles
 .text.ble_conn_state_user_flag_acquire
                0x0001d99c       0x28 Output/ble_app_hrs_c_pca10028_s130 nrf51422_xxac/Obj/ble_conn_state.o
                0x0001d99c                ble_conn_state_user_flag_acquire
 .text.ble_conn_state_user_flag_get
                0x0001d9c4       0x24 Output/ble_app_hrs_c_pca10028_s130 nrf51422_xxac/Obj/ble_conn_state.o
                0x0001d9c4                ble_conn_state_user_flag_get
 .text.ble_conn_state_user_flag_set
                0x0001d9e8       0x2c Output/ble_app_hrs_c_pca10028_s130 nrf51422_xxac/Obj/ble_conn_state.o
                0x0001d9e8                ble_conn_state_user_flag_set
 .text.ble_conn_state_user_flag_collection
                0x0001da14       0x1c Output/ble_app_hrs_c_pca10028_s130 nrf51422_xxac/Obj/ble_conn_state.o
                0x0001da14                ble_conn_state_user_flag_collection
 .text.evt_send
                0x0001da30       0x18 Output/ble_app_hrs_c_pca10028_s130 nrf51422_xxac/Obj/gatt_cache_manager.o
 .text.cccd_written
                0x0001da48       0x28 Output/ble_app_hrs_c_pca10028_s130 nrf51422_xxac/Obj/gatt_cache_manager.o
 .text.local_db_apply_in_evt
                0x0001da70       0x98 Output/ble_app_hrs_c_pca10028_s130 nrf51422_xxac/Obj/gatt_cache_manager.o
 .text.apply_pending_flags_check
                0x0001db08       0x58 Output/ble_app_hrs_c_pca10028_s130 nrf51422_xxac/Obj/gatt_cache_manager.o
 .text.service_changed_send_in_evt
                0x0001db60       0xb0 Output/ble_app_hrs_c_pca10028_s130 nrf51422_xxac/Obj/gatt_cache_manager.o
 .text.service_changed_pending_flags_check
                0x0001dc10       0x68 Output/ble_app_hrs_c_pca10028_s130 nrf51422_xxac/Obj/gatt_cache_manager.o
 .text.local_db_update_in_evt
                0x0001dc78       0xac Output/ble_app_hrs_c_pca10028_s130 nrf51422_xxac/Obj/gatt_cache_manager.o
 .text.update_pending_flags_check
                0x0001dd24       0x58 Output/ble_app_hrs_c_pca10028_s130 nrf51422_xxac/Obj/gatt_cache_manager.o
 .text.gcm_gscm_evt_handler
                0x0001dd7c       0x70 Output/ble_app_hrs_c_pca10028_s130 nrf51422_xxac/Obj/gatt_cache_manager.o
                0x0001dd7c                gcm_gscm_evt_handler
 .text.gcm_im_evt_handler
                0x0001ddec       0x2c Output/ble_app_hrs_c_pca10028_s130 nrf51422_xxac/Obj/gatt_cache_manager.o
                0x0001ddec                gcm_im_evt_handler
 .text.gcm_smd_evt_handler
                0x0001de18       0x10 Output/ble_app_hrs_c_pca10028_s130 nrf51422_xxac/Obj/gatt_cache_manager.o
                0x0001de18                gcm_smd_evt_handler
 .text.gcm_init
                0x0001de28       0x60 Output/ble_app_hrs_c_pca10028_s130 nrf51422_xxac/Obj/gatt_cache_manager.o
                0x0001de28                gcm_init
 .text.gcm_ble_evt_handler
                0x0001de88       0x6c Output/ble_app_hrs_c_pca10028_s130 nrf51422_xxac/Obj/gatt_cache_manager.o
                0x0001de88                gcm_ble_evt_handler
 .text.gcm_local_database_has_changed
                0x0001def4       0x50 Output/ble_app_hrs_c_pca10028_s130 nrf51422_xxac/Obj/gatt_cache_manager.o
                0x0001def4                gcm_local_database_has_changed
 .text.sd_ble_gatts_service_changed
                0x0001df44        0x4 Output/ble_app_hrs_c_pca10028_s130 nrf51422_xxac/Obj/gatts_cache_manager.o
 .text.sd_ble_gatts_sys_attr_set
                0x0001df48        0x4 Output/ble_app_hrs_c_pca10028_s130 nrf51422_xxac/Obj/gatts_cache_manager.o
 .text.sd_ble_gatts_sys_attr_get
                0x0001df4c        0x4 Output/ble_app_hrs_c_pca10028_s130 nrf51422_xxac/Obj/gatts_cache_manager.o
 .text.internal_state_reset
                0x0001df50       0x10 Output/ble_app_hrs_c_pca10028_s130 nrf51422_xxac/Obj/gatts_cache_manager.o
 .text.evt_send
                0x0001df60       0x18 Output/ble_app_hrs_c_pca10028_s130 nrf51422_xxac/Obj/gatts_cache_manager.o
 .text.service_changed_pending_set
                0x0001df78       0x4c Output/ble_app_hrs_c_pca10028_s130 nrf51422_xxac/Obj/gatts_cache_manager.o
 .text.gscm_pdb_evt_handler
                0x0001dfc4       0x50 Output/ble_app_hrs_c_pca10028_s130 nrf51422_xxac/Obj/gatts_cache_manager.o
                0x0001dfc4                gscm_pdb_evt_handler
 .text.gscm_init
                0x0001e014        0xc Output/ble_app_hrs_c_pca10028_s130 nrf51422_xxac/Obj/gatts_cache_manager.o
                0x0001e014                gscm_init
 .text.gscm_local_db_cache_update
                0x0001e020       0x94 Output/ble_app_hrs_c_pca10028_s130 nrf51422_xxac/Obj/gatts_cache_manager.o
                0x0001e020                gscm_local_db_cache_update
 .text.gscm_local_db_cache_apply
                0x0001e0b4       0x90 Output/ble_app_hrs_c_pca10028_s130 nrf51422_xxac/Obj/gatts_cache_manager.o
                0x0001e0b4                gscm_local_db_cache_apply
 .text.gscm_local_database_has_changed
                0x0001e144       0x1c Output/ble_app_hrs_c_pca10028_s130 nrf51422_xxac/Obj/gatts_cache_manager.o
                0x0001e144                gscm_local_database_has_changed
 .text.gscm_service_changed_ind_needed
                0x0001e160       0x20 Output/ble_app_hrs_c_pca10028_s130 nrf51422_xxac/Obj/gatts_cache_manager.o
                0x0001e160                gscm_service_changed_ind_needed
 .text.gscm_service_changed_ind_send
                0x0001e180       0x34 Output/ble_app_hrs_c_pca10028_s130 nrf51422_xxac/Obj/gatts_cache_manager.o
                0x0001e180                gscm_service_changed_ind_send
 .text.gscm_db_change_notification_done
                0x0001e1b4       0x20 Output/ble_app_hrs_c_pca10028_s130 nrf51422_xxac/Obj/gatts_cache_manager.o
                0x0001e1b4                gscm_db_change_notification_done
 .text.sd_ble_gap_address_get
                0x0001e1d4        0x4 Output/ble_app_hrs_c_pca10028_s130 nrf51422_xxac/Obj/id_manager.o
 .text.sd_ecb_block_encrypt
                0x0001e1d8        0x4 Output/ble_app_hrs_c_pca10028_s130 nrf51422_xxac/Obj/id_manager.o
 .text.internal_state_reset
                0x0001e1dc       0x2c Output/ble_app_hrs_c_pca10028_s130 nrf51422_xxac/Obj/id_manager.o
 .text.evt_send
                0x0001e208       0x20 Output/ble_app_hrs_c_pca10028_s130 nrf51422_xxac/Obj/id_manager.o
 .text.peers_id_keys_get
                0x0001e228       0xfc Output/ble_app_hrs_c_pca10028_s130 nrf51422_xxac/Obj/id_manager.o
 .text.get_free_connection
                0x0001e324       0x34 Output/ble_app_hrs_c_pca10028_s130 nrf51422_xxac/Obj/id_manager.o
                0x0001e324                get_free_connection
 .text.get_connection_by_conn_handle
                0x0001e358       0x40 Output/ble_app_hrs_c_pca10028_s130 nrf51422_xxac/Obj/id_manager.o
                0x0001e358                get_connection_by_conn_handle
 .text.peer_id_set
                0x0001e398       0x1c Output/ble_app_hrs_c_pca10028_s130 nrf51422_xxac/Obj/id_manager.o
 .text.new_connection
                0x0001e3b4       0x68 Output/ble_app_hrs_c_pca10028_s130 nrf51422_xxac/Obj/id_manager.o
                0x0001e3b4                new_connection
 .text.is_valid_irk
                0x0001e41c       0x18 Output/ble_app_hrs_c_pca10028_s130 nrf51422_xxac/Obj/id_manager.o
                0x0001e41c                is_valid_irk
 .text.addr_compare
                0x0001e434       0x30 Output/ble_app_hrs_c_pca10028_s130 nrf51422_xxac/Obj/id_manager.o
                0x0001e434                addr_compare
 .text.im_is_duplicate_bonding_data
                0x0001e464       0x3c Output/ble_app_hrs_c_pca10028_s130 nrf51422_xxac/Obj/id_manager.o
                0x0001e464                im_is_duplicate_bonding_data
 .text.im_init  0x0001e4a0       0x30 Output/ble_app_hrs_c_pca10028_s130 nrf51422_xxac/Obj/id_manager.o
                0x0001e4a0                im_init
 .text.im_peer_id_get_by_conn_handle
                0x0001e4d0       0x24 Output/ble_app_hrs_c_pca10028_s130 nrf51422_xxac/Obj/id_manager.o
                0x0001e4d0                im_peer_id_get_by_conn_handle
 .text.im_ble_addr_get
                0x0001e4f4       0x2c Output/ble_app_hrs_c_pca10028_s130 nrf51422_xxac/Obj/id_manager.o
                0x0001e4f4                im_ble_addr_get
 .text.im_conn_handle_get
                0x0001e520       0x2c Output/ble_app_hrs_c_pca10028_s130 nrf51422_xxac/Obj/id_manager.o
                0x0001e520                im_conn_handle_get
 .text.im_pdb_evt_handler
                0x0001e54c       0x74 Output/ble_app_hrs_c_pca10028_s130 nrf51422_xxac/Obj/id_manager.o
                0x0001e54c                im_pdb_evt_handler
 .text.im_master_id_is_valid
                0x0001e5c0       0x24 Output/ble_app_hrs_c_pca10028_s130 nrf51422_xxac/Obj/id_manager.o
                0x0001e5c0                im_master_id_is_valid
 .text.im_master_ids_compare
                0x0001e5e4       0x2c Output/ble_app_hrs_c_pca10028_s130 nrf51422_xxac/Obj/id_manager.o
                0x0001e5e4                im_master_ids_compare
 .text.im_peer_id_get_by_master_id
                0x0001e610       0x4c Output/ble_app_hrs_c_pca10028_s130 nrf51422_xxac/Obj/id_manager.o
                0x0001e610                im_peer_id_get_by_master_id
 .text.im_new_peer_id
                0x0001e65c        0x8 Output/ble_app_hrs_c_pca10028_s130 nrf51422_xxac/Obj/id_manager.o
                0x0001e65c                im_new_peer_id
 .text.im_peer_free
                0x0001e664       0x2c Output/ble_app_hrs_c_pca10028_s130 nrf51422_xxac/Obj/id_manager.o
                0x0001e664                im_peer_free
 .text.im_device_identities_list_set
                0x0001e690        0x4 Output/ble_app_hrs_c_pca10028_s130 nrf51422_xxac/Obj/id_manager.o
                0x0001e690                im_device_identities_list_set
 .text.im_whitelist_get
                0x0001e694       0x48 Output/ble_app_hrs_c_pca10028_s130 nrf51422_xxac/Obj/id_manager.o
                0x0001e694                im_whitelist_get
 .text.im_whitelist_set
                0x0001e6dc       0x3c Output/ble_app_hrs_c_pca10028_s130 nrf51422_xxac/Obj/id_manager.o
                0x0001e6dc                im_whitelist_set
 .text.ah       0x0001e718       0x5c Output/ble_app_hrs_c_pca10028_s130 nrf51422_xxac/Obj/id_manager.o
                0x0001e718                ah
 .text.im_address_resolve
                0x0001e774       0x44 Output/ble_app_hrs_c_pca10028_s130 nrf51422_xxac/Obj/id_manager.o
                0x0001e774                im_address_resolve
 .text.im_ble_evt_handler
                0x0001e7b8       0xc0 Output/ble_app_hrs_c_pca10028_s130 nrf51422_xxac/Obj/id_manager.o
                0x0001e7b8                im_ble_evt_handler
 .text.peer_id_to_file_id
                0x0001e878       0x10 Output/ble_app_hrs_c_pca10028_s130 nrf51422_xxac/Obj/peer_data_storage.o
 .text.file_id_to_peer_id
                0x0001e888        0xc Output/ble_app_hrs_c_pca10028_s130 nrf51422_xxac/Obj/peer_data_storage.o
 .text.peer_data_id_to_record_key
                0x0001e894       0x10 Output/ble_app_hrs_c_pca10028_s130 nrf51422_xxac/Obj/peer_data_storage.o
 .text.record_key_to_peer_data_id
                0x0001e8a4        0x4 Output/ble_app_hrs_c_pca10028_s130 nrf51422_xxac/Obj/peer_data_storage.o
 .text.file_id_within_pm_range
                0x0001e8a8       0x1c Output/ble_app_hrs_c_pca10028_s130 nrf51422_xxac/Obj/peer_data_storage.o
 .text.record_key_within_pm_range
                0x0001e8c4       0x1c Output/ble_app_hrs_c_pca10028_s130 nrf51422_xxac/Obj/peer_data_storage.o
 .text.peer_data_id_is_valid
                0x0001e8e0       0x34 Output/ble_app_hrs_c_pca10028_s130 nrf51422_xxac/Obj/peer_data_storage.o
 .text.pds_evt_send
                0x0001e914       0x18 Output/ble_app_hrs_c_pca10028_s130 nrf51422_xxac/Obj/peer_data_storage.o
 .text.peer_data_delete
                0x0001e92c       0x98 Output/ble_app_hrs_c_pca10028_s130 nrf51422_xxac/Obj/peer_data_storage.o
 .text.fds_evt_handler
                0x0001e9c4      0x148 Output/ble_app_hrs_c_pca10028_s130 nrf51422_xxac/Obj/peer_data_storage.o
 .text.peer_ids_load
                0x0001eb0c       0x48 Output/ble_app_hrs_c_pca10028_s130 nrf51422_xxac/Obj/peer_data_storage.o
 .text.peer_data_find
                0x0001eb54       0x3c Output/ble_app_hrs_c_pca10028_s130 nrf51422_xxac/Obj/peer_data_storage.o
 .text.pds_init
                0x0001eb90       0x2c Output/ble_app_hrs_c_pca10028_s130 nrf51422_xxac/Obj/peer_data_storage.o
                0x0001eb90                pds_init
 .text.pds_peer_data_read
                0x0001ebbc       0x78 Output/ble_app_hrs_c_pca10028_s130 nrf51422_xxac/Obj/peer_data_storage.o
                0x0001ebbc                pds_peer_data_read
 .text.pds_peer_data_iterate_prepare
                0x0001ec34       0x14 Output/ble_app_hrs_c_pca10028_s130 nrf51422_xxac/Obj/peer_data_storage.o
                0x0001ec34                pds_peer_data_iterate_prepare
 .text.pds_peer_data_iterate
                0x0001ec48       0x54 Output/ble_app_hrs_c_pca10028_s130 nrf51422_xxac/Obj/peer_data_storage.o
                0x0001ec48                pds_peer_data_iterate
 .text.pds_space_reserve
                0x0001ec9c       0x38 Output/ble_app_hrs_c_pca10028_s130 nrf51422_xxac/Obj/peer_data_storage.o
                0x0001ec9c                pds_space_reserve
 .text.pds_space_reserve_cancel
                0x0001ecd4       0x1c Output/ble_app_hrs_c_pca10028_s130 nrf51422_xxac/Obj/peer_data_storage.o
                0x0001ecd4                pds_space_reserve_cancel
 .text.pds_peer_data_store
                0x0001ecf0       0xb8 Output/ble_app_hrs_c_pca10028_s130 nrf51422_xxac/Obj/peer_data_storage.o
                0x0001ecf0                pds_peer_data_store
 .text.pds_peer_id_allocate
                0x0001eda8       0x10 Output/ble_app_hrs_c_pca10028_s130 nrf51422_xxac/Obj/peer_data_storage.o
                0x0001eda8                pds_peer_id_allocate
 .text.pds_peer_id_free
                0x0001edb8       0x18 Output/ble_app_hrs_c_pca10028_s130 nrf51422_xxac/Obj/peer_data_storage.o
                0x0001edb8                pds_peer_id_free
 .text.pds_peer_id_is_allocated
                0x0001edd0        0x8 Output/ble_app_hrs_c_pca10028_s130 nrf51422_xxac/Obj/peer_data_storage.o
                0x0001edd0                pds_peer_id_is_allocated
 .text.pds_next_peer_id_get
                0x0001edd8        0x8 Output/ble_app_hrs_c_pca10028_s130 nrf51422_xxac/Obj/peer_data_storage.o
                0x0001edd8                pds_next_peer_id_get
 .text.pds_next_deleted_peer_id_get
                0x0001ede0        0x8 Output/ble_app_hrs_c_pca10028_s130 nrf51422_xxac/Obj/peer_data_storage.o
                0x0001ede0                pds_next_deleted_peer_id_get
 .text.write_buffer_record_invalidate
                0x0001ede8       0x28 Output/ble_app_hrs_c_pca10028_s130 nrf51422_xxac/Obj/peer_database.o
 .text.write_buffer_record_find_next
                0x0001ee10       0x28 Output/ble_app_hrs_c_pca10028_s130 nrf51422_xxac/Obj/peer_database.o
 .text.write_buffer_record_find
                0x0001ee38       0x30 Output/ble_app_hrs_c_pca10028_s130 nrf51422_xxac/Obj/peer_database.o
 .text.write_buffer_record_find_unused
                0x0001ee68       0x10 Output/ble_app_hrs_c_pca10028_s130 nrf51422_xxac/Obj/peer_database.o
 .text.write_buffer_record_get
                0x0001ee78       0x20 Output/ble_app_hrs_c_pca10028_s130 nrf51422_xxac/Obj/peer_database.o
 .text.pdb_evt_send
                0x0001ee98       0x20 Output/ble_app_hrs_c_pca10028_s130 nrf51422_xxac/Obj/peer_database.o
 .text.internal_state_reset
                0x0001eeb8       0x20 Output/ble_app_hrs_c_pca10028_s130 nrf51422_xxac/Obj/peer_database.o
 .text.peer_data_point_to_buffer
                0x0001eed8       0x14 Output/ble_app_hrs_c_pca10028_s130 nrf51422_xxac/Obj/peer_database.o
 .text.peer_data_const_point_to_buffer
                0x0001eeec        0xc Output/ble_app_hrs_c_pca10028_s130 nrf51422_xxac/Obj/peer_database.o
 .text.write_buf_length_words_set
                0x0001eef8       0x38 Output/ble_app_hrs_c_pca10028_s130 nrf51422_xxac/Obj/peer_database.o
 .text.write_buffer_record_release
                0x0001ef30       0x28 Output/ble_app_hrs_c_pca10028_s130 nrf51422_xxac/Obj/peer_database.o
 .text.pdb_init
                0x0001ef58       0x3c Output/ble_app_hrs_c_pca10028_s130 nrf51422_xxac/Obj/peer_database.o
                0x0001ef58                pdb_init
 .text.pdb_peer_allocate
                0x0001ef94        0x8 Output/ble_app_hrs_c_pca10028_s130 nrf51422_xxac/Obj/peer_database.o
                0x0001ef94                pdb_peer_allocate
 .text.pdb_peer_data_ptr_get
                0x0001ef9c        0xc Output/ble_app_hrs_c_pca10028_s130 nrf51422_xxac/Obj/peer_database.o
                0x0001ef9c                pdb_peer_data_ptr_get
 .text.pdb_write_buf_get
                0x0001efa8      0x130 Output/ble_app_hrs_c_pca10028_s130 nrf51422_xxac/Obj/peer_database.o
                0x0001efa8                pdb_write_buf_get
 .text.pdb_write_buf_release
                0x0001f0d8       0x30 Output/ble_app_hrs_c_pca10028_s130 nrf51422_xxac/Obj/peer_database.o
                0x0001f0d8                pdb_write_buf_release
 .text.pdb_peer_free
                0x0001f108       0x58 Output/ble_app_hrs_c_pca10028_s130 nrf51422_xxac/Obj/peer_database.o
                0x0001f108                pdb_peer_free
 .text.pdb_write_buf_store_prepare
                0x0001f160       0x6c Output/ble_app_hrs_c_pca10028_s130 nrf51422_xxac/Obj/peer_database.o
                0x0001f160                pdb_write_buf_store_prepare
 .text.pdb_write_buf_store
                0x0001f1cc       0xe4 Output/ble_app_hrs_c_pca10028_s130 nrf51422_xxac/Obj/peer_database.o
                0x0001f1cc                pdb_write_buf_store
 .text.pdb_pds_evt_handler
                0x0001f2b0      0x1a4 Output/ble_app_hrs_c_pca10028_s130 nrf51422_xxac/Obj/peer_database.o
                0x0001f2b0                pdb_pds_evt_handler
 .text.pdb_next_peer_id_get
                0x0001f454        0x8 Output/ble_app_hrs_c_pca10028_s130 nrf51422_xxac/Obj/peer_database.o
                0x0001f454                pdb_next_peer_id_get
 .text.pdb_next_deleted_peer_id_get
                0x0001f45c        0x8 Output/ble_app_hrs_c_pca10028_s130 nrf51422_xxac/Obj/peer_database.o
                0x0001f45c                pdb_next_deleted_peer_id_get
 .text.pdb_raw_store
                0x0001f464        0xc Output/ble_app_hrs_c_pca10028_s130 nrf51422_xxac/Obj/peer_database.o
                0x0001f464                pdb_raw_store
 .text.internal_state_reset
                0x0001f470        0xc Output/ble_app_hrs_c_pca10028_s130 nrf51422_xxac/Obj/peer_id.o
 .text.claim    0x0001f47c       0x3c Output/ble_app_hrs_c_pca10028_s130 nrf51422_xxac/Obj/peer_id.o
 .text.release  0x0001f4b8       0x14 Output/ble_app_hrs_c_pca10028_s130 nrf51422_xxac/Obj/peer_id.o
 .text.peer_id_init
                0x0001f4cc       0x28 Output/ble_app_hrs_c_pca10028_s130 nrf51422_xxac/Obj/peer_id.o
                0x0001f4cc                peer_id_init
 .text.peer_id_allocate
                0x0001f4f4       0x10 Output/ble_app_hrs_c_pca10028_s130 nrf51422_xxac/Obj/peer_id.o
                0x0001f4f4                peer_id_allocate
 .text.peer_id_delete
                0x0001f504       0x28 Output/ble_app_hrs_c_pca10028_s130 nrf51422_xxac/Obj/peer_id.o
                0x0001f504                peer_id_delete
 .text.peer_id_free
                0x0001f52c       0x1c Output/ble_app_hrs_c_pca10028_s130 nrf51422_xxac/Obj/peer_id.o
                0x0001f52c                peer_id_free
 .text.peer_id_is_allocated
                0x0001f548       0x18 Output/ble_app_hrs_c_pca10028_s130 nrf51422_xxac/Obj/peer_id.o
                0x0001f548                peer_id_is_allocated
 .text.peer_id_is_deleted
                0x0001f560       0x1c Output/ble_app_hrs_c_pca10028_s130 nrf51422_xxac/Obj/peer_id.o
                0x0001f560                peer_id_is_deleted
 .text.next_id_get
                0x0001f57c       0x34 Output/ble_app_hrs_c_pca10028_s130 nrf51422_xxac/Obj/peer_id.o
                0x0001f57c                next_id_get
 .text.peer_id_get_next_used
                0x0001f5b0       0x34 Output/ble_app_hrs_c_pca10028_s130 nrf51422_xxac/Obj/peer_id.o
                0x0001f5b0                peer_id_get_next_used
 .text.peer_id_get_next_deleted
                0x0001f5e4       0x10 Output/ble_app_hrs_c_pca10028_s130 nrf51422_xxac/Obj/peer_id.o
                0x0001f5e4                peer_id_get_next_deleted
 .text.evt_send
                0x0001f5f4       0x28 Output/ble_app_hrs_c_pca10028_s130 nrf51422_xxac/Obj/peer_manager.o
 .text.internal_state_reset
                0x0001f61c       0x2c Output/ble_app_hrs_c_pca10028_s130 nrf51422_xxac/Obj/peer_manager.o
 .text.pm_pdb_evt_handler
                0x0001f648      0x1d0 Output/ble_app_hrs_c_pca10028_s130 nrf51422_xxac/Obj/peer_manager.o
                0x0001f648                pm_pdb_evt_handler
 .text.pm_sm_evt_handler
                0x0001f818      0x1b4 Output/ble_app_hrs_c_pca10028_s130 nrf51422_xxac/Obj/peer_manager.o
                0x0001f818                pm_sm_evt_handler
 .text.pm_gcm_evt_handler
                0x0001f9cc       0xbc Output/ble_app_hrs_c_pca10028_s130 nrf51422_xxac/Obj/peer_manager.o
                0x0001f9cc                pm_gcm_evt_handler
 .text.pm_on_ble_evt
                0x0001fa88       0x24 Output/ble_app_hrs_c_pca10028_s130 nrf51422_xxac/Obj/peer_manager.o
                0x0001fa88                pm_on_ble_evt
 .text.pm_init  0x0001faac       0x98 Output/ble_app_hrs_c_pca10028_s130 nrf51422_xxac/Obj/peer_manager.o
                0x0001faac                pm_init
 .text.pm_register
                0x0001fb44       0x34 Output/ble_app_hrs_c_pca10028_s130 nrf51422_xxac/Obj/peer_manager.o
                0x0001fb44                pm_register
 .text.pm_sec_params_set
                0x0001fb78       0x18 Output/ble_app_hrs_c_pca10028_s130 nrf51422_xxac/Obj/peer_manager.o
                0x0001fb78                pm_sec_params_set
 .text.pm_conn_secure
                0x0001fb90       0x18 Output/ble_app_hrs_c_pca10028_s130 nrf51422_xxac/Obj/peer_manager.o
                0x0001fb90                pm_conn_secure
 .text.pm_conn_sec_config_reply
                0x0001fba8        0x8 Output/ble_app_hrs_c_pca10028_s130 nrf51422_xxac/Obj/peer_manager.o
                0x0001fba8                pm_conn_sec_config_reply
 .text.pm_local_database_has_changed
                0x0001fbb0       0x14 Output/ble_app_hrs_c_pca10028_s130 nrf51422_xxac/Obj/peer_manager.o
                0x0001fbb0                pm_local_database_has_changed
 .text.pm_whitelist_set
                0x0001fbc4       0x18 Output/ble_app_hrs_c_pca10028_s130 nrf51422_xxac/Obj/peer_manager.o
                0x0001fbc4                pm_whitelist_set
 .text.pm_whitelist_get
                0x0001fbdc       0x3c Output/ble_app_hrs_c_pca10028_s130 nrf51422_xxac/Obj/peer_manager.o
                0x0001fbdc                pm_whitelist_get
 .text.pm_device_identities_list_set
                0x0001fc18       0x18 Output/ble_app_hrs_c_pca10028_s130 nrf51422_xxac/Obj/peer_manager.o
                0x0001fc18                pm_device_identities_list_set
 .text.pm_next_peer_id_get
                0x0001fc30       0x1c Output/ble_app_hrs_c_pca10028_s130 nrf51422_xxac/Obj/peer_manager.o
                0x0001fc30                pm_next_peer_id_get
 .text.pm_peer_delete
                0x0001fc4c       0x18 Output/ble_app_hrs_c_pca10028_s130 nrf51422_xxac/Obj/peer_manager.o
                0x0001fc4c                pm_peer_delete
 .text.pm_im_evt_handler
                0x0001fc64       0x50 Output/ble_app_hrs_c_pca10028_s130 nrf51422_xxac/Obj/peer_manager.o
                0x0001fc64                pm_im_evt_handler
 .text.pm_peers_delete
                0x0001fcb4       0x4c Output/ble_app_hrs_c_pca10028_s130 nrf51422_xxac/Obj/peer_manager.o
                0x0001fcb4                pm_peers_delete
 .text.pm_buffer_init
                0x0001fd00       0x60 Output/ble_app_hrs_c_pca10028_s130 nrf51422_xxac/Obj/pm_buffer.o
                0x0001fd00                pm_buffer_init
 .text.pm_buffer_ptr_get
                0x0001fd60       0x3c Output/ble_app_hrs_c_pca10028_s130 nrf51422_xxac/Obj/pm_buffer.o
                0x0001fd60                pm_buffer_ptr_get
 .text.pm_buffer_release
                0x0001fd9c       0x2c Output/ble_app_hrs_c_pca10028_s130 nrf51422_xxac/Obj/pm_buffer.o
                0x0001fd9c                pm_buffer_release
 .text.pm_buffer_block_acquire
                0x0001fdc8       0x70 Output/ble_app_hrs_c_pca10028_s130 nrf51422_xxac/Obj/pm_buffer.o
                0x0001fdc8                pm_buffer_block_acquire
 .text.lock_by_mask
                0x0001fe38       0x3c Output/ble_app_hrs_c_pca10028_s130 nrf51422_xxac/Obj/pm_mutex.o
 .text.pm_mutex_init
                0x0001fe74       0x14 Output/ble_app_hrs_c_pca10028_s130 nrf51422_xxac/Obj/pm_mutex.o
                0x0001fe74                pm_mutex_init
 .text.pm_mutex_lock
                0x0001fe88       0x20 Output/ble_app_hrs_c_pca10028_s130 nrf51422_xxac/Obj/pm_mutex.o
                0x0001fe88                pm_mutex_lock
 .text.pm_mutex_unlock
                0x0001fea8       0x3c Output/ble_app_hrs_c_pca10028_s130 nrf51422_xxac/Obj/pm_mutex.o
                0x0001fea8                pm_mutex_unlock
 .text.pm_mutex_lock_first_available
                0x0001fee4       0x38 Output/ble_app_hrs_c_pca10028_s130 nrf51422_xxac/Obj/pm_mutex.o
                0x0001fee4                pm_mutex_lock_first_available
 .text.pm_mutex_lock_status_get
                0x0001ff1c       0x20 Output/ble_app_hrs_c_pca10028_s130 nrf51422_xxac/Obj/pm_mutex.o
                0x0001ff1c                pm_mutex_lock_status_get
 .text.sd_ble_gap_authenticate
                0x0001ff3c        0x4 Output/ble_app_hrs_c_pca10028_s130 nrf51422_xxac/Obj/security_dispatcher.o
 .text.sd_ble_gap_sec_params_reply
                0x0001ff40        0x4 Output/ble_app_hrs_c_pca10028_s130 nrf51422_xxac/Obj/security_dispatcher.o
 .text.sd_ble_gap_encrypt
                0x0001ff44        0x4 Output/ble_app_hrs_c_pca10028_s130 nrf51422_xxac/Obj/security_dispatcher.o
 .text.sd_ble_gap_sec_info_reply
                0x0001ff48        0x4 Output/ble_app_hrs_c_pca10028_s130 nrf51422_xxac/Obj/security_dispatcher.o
 .text.evt_send
                0x0001ff4c       0x20 Output/ble_app_hrs_c_pca10028_s130 nrf51422_xxac/Obj/security_dispatcher.o
 .text.sec_start_send
                0x0001ff6c       0x28 Output/ble_app_hrs_c_pca10028_s130 nrf51422_xxac/Obj/security_dispatcher.o
 .text.sec_params_request_process
                0x0001ff94       0x20 Output/ble_app_hrs_c_pca10028_s130 nrf51422_xxac/Obj/security_dispatcher.o
 .text.sec_request_process
                0x0001ffb4       0x34 Output/ble_app_hrs_c_pca10028_s130 nrf51422_xxac/Obj/security_dispatcher.o
 .text.link_secure_peripheral
                0x0001ffe8        0x8 Output/ble_app_hrs_c_pca10028_s130 nrf51422_xxac/Obj/security_dispatcher.o
 .text.flag_id_init
                0x0001fff0       0x14 Output/ble_app_hrs_c_pca10028_s130 nrf51422_xxac/Obj/security_dispatcher.o
 .text.encryption_failure
                0x00020004       0x3c Output/ble_app_hrs_c_pca10028_s130 nrf51422_xxac/Obj/security_dispatcher.o
 .text.sec_proc_start
                0x00020040       0x5c Output/ble_app_hrs_c_pca10028_s130 nrf51422_xxac/Obj/security_dispatcher.o
 .text.link_secure_central_existing_peer
                0x0002009c       0xdc Output/ble_app_hrs_c_pca10028_s130 nrf51422_xxac/Obj/security_dispatcher.o
 .text.link_secure_central_new_peer
                0x00020178       0x80 Output/ble_app_hrs_c_pca10028_s130 nrf51422_xxac/Obj/security_dispatcher.o
 .text.link_secure_central
                0x000201f8       0x9c Output/ble_app_hrs_c_pca10028_s130 nrf51422_xxac/Obj/security_dispatcher.o
 .text.pairing_failure
                0x00020294       0x74 Output/ble_app_hrs_c_pca10028_s130 nrf51422_xxac/Obj/security_dispatcher.o
 .text.link_secure_failure
                0x00020308       0x58 Output/ble_app_hrs_c_pca10028_s130 nrf51422_xxac/Obj/security_dispatcher.o
 .text.disconnect_process
                0x00020360       0x20 Output/ble_app_hrs_c_pca10028_s130 nrf51422_xxac/Obj/security_dispatcher.o
 .text.auth_status_failure_process
                0x00020380       0x14 Output/ble_app_hrs_c_pca10028_s130 nrf51422_xxac/Obj/security_dispatcher.o
 .text.sec_info_request_process
                0x00020394       0xcc Output/ble_app_hrs_c_pca10028_s130 nrf51422_xxac/Obj/security_dispatcher.o
 .text.auth_status_success_process
                0x00020460       0x9c Output/ble_app_hrs_c_pca10028_s130 nrf51422_xxac/Obj/security_dispatcher.o
 .text.auth_status_process
                0x000204fc       0x14 Output/ble_app_hrs_c_pca10028_s130 nrf51422_xxac/Obj/security_dispatcher.o
 .text.conn_sec_update_process
                0x00020510       0x5c Output/ble_app_hrs_c_pca10028_s130 nrf51422_xxac/Obj/security_dispatcher.o
 .text.smd_pdb_evt_handler
                0x0002056c       0x38 Output/ble_app_hrs_c_pca10028_s130 nrf51422_xxac/Obj/security_dispatcher.o
                0x0002056c                smd_pdb_evt_handler
 .text.smd_init
                0x000205a4       0x48 Output/ble_app_hrs_c_pca10028_s130 nrf51422_xxac/Obj/security_dispatcher.o
                0x000205a4                smd_init
 .text.smd_params_reply
                0x000205ec      0x14c Output/ble_app_hrs_c_pca10028_s130 nrf51422_xxac/Obj/security_dispatcher.o
                0x000205ec                smd_params_reply
 .text.smd_link_secure
                0x00020738       0x34 Output/ble_app_hrs_c_pca10028_s130 nrf51422_xxac/Obj/security_dispatcher.o
                0x00020738                smd_link_secure
 .text.smd_ble_evt_handler
                0x0002076c       0x48 Output/ble_app_hrs_c_pca10028_s130 nrf51422_xxac/Obj/security_dispatcher.o
                0x0002076c                smd_ble_evt_handler
 .text.sec_params_verify
                0x000207b4       0xa4 Output/ble_app_hrs_c_pca10028_s130 nrf51422_xxac/Obj/security_manager.o
 .text.flags_set_from_err_code
                0x00020858       0x88 Output/ble_app_hrs_c_pca10028_s130 nrf51422_xxac/Obj/security_manager.o
 .text.evt_send
                0x000208e0       0x18 Output/ble_app_hrs_c_pca10028_s130 nrf51422_xxac/Obj/security_manager.o
 .text.events_send_from_err_code
                0x000208f8       0x48 Output/ble_app_hrs_c_pca10028_s130 nrf51422_xxac/Obj/security_manager.o
 .text.link_secure
                0x00020940       0xc8 Output/ble_app_hrs_c_pca10028_s130 nrf51422_xxac/Obj/security_manager.o
 .text.send_config_req
                0x00020a08       0x24 Output/ble_app_hrs_c_pca10028_s130 nrf51422_xxac/Obj/security_manager.o
 .text.smd_params_reply_perform
                0x00020a2c       0x94 Output/ble_app_hrs_c_pca10028_s130 nrf51422_xxac/Obj/security_manager.o
 .text.params_reply_pending_process
                0x00020ac0       0x40 Output/ble_app_hrs_c_pca10028_s130 nrf51422_xxac/Obj/security_manager.o
 .text.link_secure_pending_process
                0x00020b00       0x64 Output/ble_app_hrs_c_pca10028_s130 nrf51422_xxac/Obj/security_manager.o
 .text.flag_id_init
                0x00020b64       0x14 Output/ble_app_hrs_c_pca10028_s130 nrf51422_xxac/Obj/security_manager.o
 .text.sm_smd_evt_handler
                0x00020b78       0x7c Output/ble_app_hrs_c_pca10028_s130 nrf51422_xxac/Obj/security_manager.o
                0x00020b78                sm_smd_evt_handler
 .text.sm_pdb_evt_handler
                0x00020bf4       0x40 Output/ble_app_hrs_c_pca10028_s130 nrf51422_xxac/Obj/security_manager.o
                0x00020bf4                sm_pdb_evt_handler
 .text.sm_init  0x00020c34       0x58 Output/ble_app_hrs_c_pca10028_s130 nrf51422_xxac/Obj/security_manager.o
                0x00020c34                sm_init
 .text.sm_ble_evt_handler
                0x00020c8c       0x14 Output/ble_app_hrs_c_pca10028_s130 nrf51422_xxac/Obj/security_manager.o
                0x00020c8c                sm_ble_evt_handler
 .text.sm_sec_params_set
                0x00020ca0       0x38 Output/ble_app_hrs_c_pca10028_s130 nrf51422_xxac/Obj/security_manager.o
                0x00020ca0                sm_sec_params_set
 .text.sm_conn_sec_config_reply
                0x00020cd8       0x18 Output/ble_app_hrs_c_pca10028_s130 nrf51422_xxac/Obj/security_manager.o
                0x00020cd8                sm_conn_sec_config_reply
 .text.sm_link_secure
                0x00020cf0       0x10 Output/ble_app_hrs_c_pca10028_s130 nrf51422_xxac/Obj/security_manager.o
                0x00020cf0                sm_link_secure
 .text.nrf_ble_gatt_init
                0x00020d00        0x4 Output/ble_app_hrs_c_pca10028_s130 nrf51422_xxac/Obj/nrf_ble_gatt.o
                0x00020d00                nrf_ble_gatt_init
 .text.nrf_ble_gatt_on_ble_evt
                0x00020d04        0x4 Output/ble_app_hrs_c_pca10028_s130 nrf51422_xxac/Obj/nrf_ble_gatt.o
                0x00020d04                nrf_ble_gatt_on_ble_evt
 .text.sd_ble_gattc_read
                0x00020d08        0x4 Output/ble_app_hrs_c_pca10028_s130 nrf51422_xxac/Obj/ble_bas_c.o
 .text.sd_ble_gattc_write
                0x00020d0c        0x4 Output/ble_app_hrs_c_pca10028_s130 nrf51422_xxac/Obj/ble_bas_c.o
 .text.on_hvx   0x00020d10       0x30 Output/ble_app_hrs_c_pca10028_s130 nrf51422_xxac/Obj/ble_bas_c.o
 .text.on_disconnected
                0x00020d40       0x18 Output/ble_app_hrs_c_pca10028_s130 nrf51422_xxac/Obj/ble_bas_c.o
 .text.tx_buffer_process
                0x00020d58       0x80 Output/ble_app_hrs_c_pca10028_s130 nrf51422_xxac/Obj/ble_bas_c.o
 .text.on_write_rsp
                0x00020dd8       0x10 Output/ble_app_hrs_c_pca10028_s130 nrf51422_xxac/Obj/ble_bas_c.o
 .text.on_read_rsp
                0x00020de8       0x30 Output/ble_app_hrs_c_pca10028_s130 nrf51422_xxac/Obj/ble_bas_c.o
 .text.cccd_configure
                0x00020e18       0x60 Output/ble_app_hrs_c_pca10028_s130 nrf51422_xxac/Obj/ble_bas_c.o
 .text.ble_bas_on_db_disc_evt
                0x00020e78       0xac Output/ble_app_hrs_c_pca10028_s130 nrf51422_xxac/Obj/ble_bas_c.o
                0x00020e78                ble_bas_on_db_disc_evt
 .text.ble_bas_c_init
                0x00020f24       0x3c Output/ble_app_hrs_c_pca10028_s130 nrf51422_xxac/Obj/ble_bas_c.o
                0x00020f24                ble_bas_c_init
 .text.ble_bas_c_on_ble_evt
                0x00020f60       0x38 Output/ble_app_hrs_c_pca10028_s130 nrf51422_xxac/Obj/ble_bas_c.o
                0x00020f60                ble_bas_c_on_ble_evt
 .text.ble_bas_c_bl_notif_enable
                0x00020f98       0x28 Output/ble_app_hrs_c_pca10028_s130 nrf51422_xxac/Obj/ble_bas_c.o
                0x00020f98                ble_bas_c_bl_notif_enable
 .text.ble_bas_c_bl_read
                0x00020fc0       0x54 Output/ble_app_hrs_c_pca10028_s130 nrf51422_xxac/Obj/ble_bas_c.o
                0x00020fc0                ble_bas_c_bl_read
 .text.ble_bas_c_handles_assign
                0x00021014       0x24 Output/ble_app_hrs_c_pca10028_s130 nrf51422_xxac/Obj/ble_bas_c.o
                0x00021014                ble_bas_c_handles_assign
 .text.item_dequeue
                0x00021038       0x10 Output/ble_app_hrs_c_pca10028_s130 nrf51422_xxac/Obj/nrf_drv_clock.o
 .text.nrf_drv_clock_init
                0x00021048       0x50 Output/ble_app_hrs_c_pca10028_s130 nrf51422_xxac/Obj/nrf_drv_clock.o
                0x00021048                nrf_drv_clock_init
 .text.POWER_CLOCK_IRQHandler
                0x00021098       0x78 Output/ble_app_hrs_c_pca10028_s130 nrf51422_xxac/Obj/nrf_drv_clock.o
                0x00021098                POWER_CLOCK_IRQHandler
 .text.nrf_drv_clock_on_soc_event
                0x00021110       0x20 Output/ble_app_hrs_c_pca10028_s130 nrf51422_xxac/Obj/nrf_drv_clock.o
                0x00021110                nrf_drv_clock_on_soc_event
 .text.nrf_drv_clock_on_sd_enable
                0x00021130       0x38 Output/ble_app_hrs_c_pca10028_s130 nrf51422_xxac/Obj/nrf_drv_clock.o
                0x00021130                nrf_drv_clock_on_sd_enable
 .text.nrf_drv_common_irq_enable
                0x00021168       0x74 Output/ble_app_hrs_c_pca10028_s130 nrf51422_xxac/Obj/nrf_drv_common.o
                0x00021168                nrf_drv_common_irq_enable
 .text.channel_port_alloc
                0x000211dc       0x50 Output/ble_app_hrs_c_pca10028_s130 nrf51422_xxac/Obj/nrf_drv_gpiote.o
 .text.channel_free
                0x0002122c       0x20 Output/ble_app_hrs_c_pca10028_s130 nrf51422_xxac/Obj/nrf_drv_gpiote.o
 .text.nrf_drv_gpiote_init
                0x0002124c       0x68 Output/ble_app_hrs_c_pca10028_s130 nrf51422_xxac/Obj/nrf_drv_gpiote.o
                0x0002124c                nrf_drv_gpiote_init
 .text.nrf_drv_gpiote_is_init
                0x000212b4       0x14 Output/ble_app_hrs_c_pca10028_s130 nrf51422_xxac/Obj/nrf_drv_gpiote.o
                0x000212b4                nrf_drv_gpiote_is_init
 .text.nrf_drv_gpiote_in_init
                0x000212c8       0xb0 Output/ble_app_hrs_c_pca10028_s130 nrf51422_xxac/Obj/nrf_drv_gpiote.o
                0x000212c8                nrf_drv_gpiote_in_init
 .text.nrf_drv_gpiote_in_event_enable
                0x00021378       0xb8 Output/ble_app_hrs_c_pca10028_s130 nrf51422_xxac/Obj/nrf_drv_gpiote.o
                0x00021378                nrf_drv_gpiote_in_event_enable
 .text.nrf_drv_gpiote_in_is_set
                0x00021430       0x14 Output/ble_app_hrs_c_pca10028_s130 nrf51422_xxac/Obj/nrf_drv_gpiote.o
                0x00021430                nrf_drv_gpiote_in_is_set
 .text.GPIOTE_IRQHandler
                0x00021444      0x228 Output/ble_app_hrs_c_pca10028_s130 nrf51422_xxac/Obj/nrf_drv_gpiote.o
                0x00021444                GPIOTE_IRQHandler
 .text.nrf_drv_uart_init
                0x0002166c      0x13c Output/ble_app_hrs_c_pca10028_s130 nrf51422_xxac/Obj/nrf_drv_uart.o
                0x0002166c                nrf_drv_uart_init
 .text.nrf_drv_uart_tx_in_progress
                0x000217a8       0x1c Output/ble_app_hrs_c_pca10028_s130 nrf51422_xxac/Obj/nrf_drv_uart.o
                0x000217a8                nrf_drv_uart_tx_in_progress
 .text.nrf_drv_uart_tx
                0x000217c4      0x114 Output/ble_app_hrs_c_pca10028_s130 nrf51422_xxac/Obj/nrf_drv_uart.o
                0x000217c4                nrf_drv_uart_tx
 .text.nrf_drv_uart_rx
                0x000218d8      0x1a4 Output/ble_app_hrs_c_pca10028_s130 nrf51422_xxac/Obj/nrf_drv_uart.o
                0x000218d8                nrf_drv_uart_rx
 .text.nrf_drv_uart_rx_enable
                0x00021a7c       0x3c Output/ble_app_hrs_c_pca10028_s130 nrf51422_xxac/Obj/nrf_drv_uart.o
                0x00021a7c                nrf_drv_uart_rx_enable
 .text.UART0_IRQHandler
                0x00021ab8      0x1dc Output/ble_app_hrs_c_pca10028_s130 nrf51422_xxac/Obj/nrf_drv_uart.o
                0x00021ab8                UART0_IRQHandler
 .text.detection_delay_timeout_handler
                0x00021c94       0x74 Output/ble_app_hrs_c_pca10028_s130 nrf51422_xxac/Obj/app_button.o
 .text.gpiote_event_handler
                0x00021d08       0x64 Output/ble_app_hrs_c_pca10028_s130 nrf51422_xxac/Obj/app_button.o
 .text.app_button_init
                0x00021d6c       0x94 Output/ble_app_hrs_c_pca10028_s130 nrf51422_xxac/Obj/app_button.o
                0x00021d6c                app_button_init
 .text.app_button_enable
                0x00021e00       0x2c Output/ble_app_hrs_c_pca10028_s130 nrf51422_xxac/Obj/app_button.o
                0x00021e00                app_button_enable
 .text.app_error_fault_handler
                0x00021e2c       0x1c Output/ble_app_hrs_c_pca10028_s130 nrf51422_xxac/Obj/app_error_weak.o
                0x00021e2c                app_error_fault_handler
 .text.app_error_handler_bare
                0x00021e48       0x20 Output/ble_app_hrs_c_pca10028_s130 nrf51422_xxac/Obj/app_error.o
                0x00021e48                app_error_handler_bare
 .text.app_util_critical_region_enter
                0x00021e68       0x44 Output/ble_app_hrs_c_pca10028_s130 nrf51422_xxac/Obj/app_util_platform.o
                0x00021e68                app_util_critical_region_enter
 .text.app_util_critical_region_exit
                0x00021eac       0x30 Output/ble_app_hrs_c_pca10028_s130 nrf51422_xxac/Obj/app_util_platform.o
                0x00021eac                app_util_critical_region_exit
 .text.sdk_mapped_flags_first_key_index_get
                0x00021edc       0x20 Output/ble_app_hrs_c_pca10028_s130 nrf51422_xxac/Obj/sdk_mapped_flags.o
                0x00021edc                sdk_mapped_flags_first_key_index_get
 .text.sdk_mapped_flags_bulk_update_by_key
                0x00021efc       0x5c Output/ble_app_hrs_c_pca10028_s130 nrf51422_xxac/Obj/sdk_mapped_flags.o
                0x00021efc                sdk_mapped_flags_bulk_update_by_key
 .text.sdk_mapped_flags_update_by_key
                0x00021f58       0x14 Output/ble_app_hrs_c_pca10028_s130 nrf51422_xxac/Obj/sdk_mapped_flags.o
                0x00021f58                sdk_mapped_flags_update_by_key
 .text.sdk_mapped_flags_get_by_key
                0x00021f6c       0x2c Output/ble_app_hrs_c_pca10028_s130 nrf51422_xxac/Obj/sdk_mapped_flags.o
                0x00021f6c                sdk_mapped_flags_get_by_key
 .text.sdk_mapped_flags_key_list_get
                0x00021f98       0x38 Output/ble_app_hrs_c_pca10028_s130 nrf51422_xxac/Obj/sdk_mapped_flags.o
                0x00021f98                sdk_mapped_flags_key_list_get
 .text.sdk_mapped_flags_n_flags_set
                0x00021fd0       0x24 Output/ble_app_hrs_c_pca10028_s130 nrf51422_xxac/Obj/sdk_mapped_flags.o
                0x00021fd0                sdk_mapped_flags_n_flags_set
 .text.rtc1_init
                0x00021ff4       0x2c Output/ble_app_hrs_c_pca10028_s130 nrf51422_xxac/Obj/app_timer.o
 .text.timer_list_insert
                0x00022020       0x4c Output/ble_app_hrs_c_pca10028_s130 nrf51422_xxac/Obj/app_timer.o
 .text.timer_list_remove
                0x0002206c       0x60 Output/ble_app_hrs_c_pca10028_s130 nrf51422_xxac/Obj/app_timer.o
 .text.timer_timeouts_check_sched
                0x000220cc       0x14 Output/ble_app_hrs_c_pca10028_s130 nrf51422_xxac/Obj/app_timer.o
 .text.timer_list_handler_sched
                0x000220e0       0x14 Output/ble_app_hrs_c_pca10028_s130 nrf51422_xxac/Obj/app_timer.o
 .text.elapsed_ticks_acquire
                0x000220f4       0x54 Output/ble_app_hrs_c_pca10028_s130 nrf51422_xxac/Obj/app_timer.o
 .text.list_deletions_handler
                0x00022148       0x6c Output/ble_app_hrs_c_pca10028_s130 nrf51422_xxac/Obj/app_timer.o
 .text.expired_timers_handler
                0x000221b4       0x44 Output/ble_app_hrs_c_pca10028_s130 nrf51422_xxac/Obj/app_timer.o
 .text.list_insertions_handler
                0x000221f8       0xd4 Output/ble_app_hrs_c_pca10028_s130 nrf51422_xxac/Obj/app_timer.o
 .text.user_op_enque
                0x000222cc        0xc Output/ble_app_hrs_c_pca10028_s130 nrf51422_xxac/Obj/app_timer.o
 .text.user_op_alloc
                0x000222d8       0x30 Output/ble_app_hrs_c_pca10028_s130 nrf51422_xxac/Obj/app_timer.o
 .text.timeout_handler_exec
                0x00022308       0x28 Output/ble_app_hrs_c_pca10028_s130 nrf51422_xxac/Obj/app_timer.o
 .text.timer_timeouts_check
                0x00022330       0x88 Output/ble_app_hrs_c_pca10028_s130 nrf51422_xxac/Obj/app_timer.o
 .text.timer_start_op_schedule
                0x000223b8       0x64 Output/ble_app_hrs_c_pca10028_s130 nrf51422_xxac/Obj/app_timer.o
 .text.timer_stop_op_schedule
                0x0002241c       0x48 Output/ble_app_hrs_c_pca10028_s130 nrf51422_xxac/Obj/app_timer.o
 .text.rtc1_start
                0x00022464       0x60 Output/ble_app_hrs_c_pca10028_s130 nrf51422_xxac/Obj/app_timer.o
 .text.rtc1_stop
                0x000224c4       0x88 Output/ble_app_hrs_c_pca10028_s130 nrf51422_xxac/Obj/app_timer.o
 .text.compare_reg_update
                0x0002254c       0xac Output/ble_app_hrs_c_pca10028_s130 nrf51422_xxac/Obj/app_timer.o
 .text.timer_list_handler
                0x000225f8       0x5c Output/ble_app_hrs_c_pca10028_s130 nrf51422_xxac/Obj/app_timer.o
 .text.RTC1_IRQHandler
                0x00022654       0x2c Output/ble_app_hrs_c_pca10028_s130 nrf51422_xxac/Obj/app_timer.o
                0x00022654                RTC1_IRQHandler
 .text.SWI0_IRQHandler
                0x00022680        0x8 Output/ble_app_hrs_c_pca10028_s130 nrf51422_xxac/Obj/app_timer.o
                0x00022680                SWI0_IRQHandler
 .text.app_timer_init
                0x00022688       0x98 Output/ble_app_hrs_c_pca10028_s130 nrf51422_xxac/Obj/app_timer.o
                0x00022688                app_timer_init
 .text.app_timer_create
                0x00022720       0x34 Output/ble_app_hrs_c_pca10028_s130 nrf51422_xxac/Obj/app_timer.o
                0x00022720                app_timer_create
 .text.app_timer_start
                0x00022754       0x44 Output/ble_app_hrs_c_pca10028_s130 nrf51422_xxac/Obj/app_timer.o
                0x00022754                app_timer_start
 .text.app_timer_stop
                0x00022798       0x30 Output/ble_app_hrs_c_pca10028_s130 nrf51422_xxac/Obj/app_timer.o
                0x00022798                app_timer_stop
 .text.flag_set
                0x000227c8       0x10 Output/ble_app_hrs_c_pca10028_s130 nrf51422_xxac/Obj/fds.o
 .text.flag_clear
                0x000227d8       0x10 Output/ble_app_hrs_c_pca10028_s130 nrf51422_xxac/Obj/fds.o
 .text.flag_is_set
                0x000227e8       0x14 Output/ble_app_hrs_c_pca10028_s130 nrf51422_xxac/Obj/fds.o
 .text.event_send
                0x000227fc       0x24 Output/ble_app_hrs_c_pca10028_s130 nrf51422_xxac/Obj/fds.o
 .text.event_prepare
                0x00022820       0x6c Output/ble_app_hrs_c_pca10028_s130 nrf51422_xxac/Obj/fds.o
 .text.header_is_valid
                0x0002288c       0x20 Output/ble_app_hrs_c_pca10028_s130 nrf51422_xxac/Obj/fds.o
 .text.address_is_valid
                0x000228ac       0x30 Output/ble_app_hrs_c_pca10028_s130 nrf51422_xxac/Obj/fds.o
 .text.chunk_is_aligned
                0x000228dc       0x1c Output/ble_app_hrs_c_pca10028_s130 nrf51422_xxac/Obj/fds.o
 .text.page_identify
                0x000228f8       0x34 Output/ble_app_hrs_c_pca10028_s130 nrf51422_xxac/Obj/fds.o
 .text.page_is_erased
                0x0002292c       0x1c Output/ble_app_hrs_c_pca10028_s130 nrf51422_xxac/Obj/fds.o
 .text.page_has_space
                0x00022948       0x24 Output/ble_app_hrs_c_pca10028_s130 nrf51422_xxac/Obj/fds.o
 .text.page_from_record
                0x0002296c       0x34 Output/ble_app_hrs_c_pca10028_s130 nrf51422_xxac/Obj/fds.o
 .text.page_scan
                0x000229a0       0x64 Output/ble_app_hrs_c_pca10028_s130 nrf51422_xxac/Obj/fds.o
 .text.page_offsets_update
                0x00022a04       0x14 Output/ble_app_hrs_c_pca10028_s130 nrf51422_xxac/Obj/fds.o
 .text.write_space_reserve
                0x00022a18       0x58 Output/ble_app_hrs_c_pca10028_s130 nrf51422_xxac/Obj/fds.o
 .text.write_space_free
                0x00022a70       0x14 Output/ble_app_hrs_c_pca10028_s130 nrf51422_xxac/Obj/fds.o
 .text.record_id_new
                0x00022a84       0x10 Output/ble_app_hrs_c_pca10028_s130 nrf51422_xxac/Obj/fds.o
 .text.record_find_next
                0x00022a94       0x60 Output/ble_app_hrs_c_pca10028_s130 nrf51422_xxac/Obj/fds.o
 .text.record_find_by_desc
                0x00022af4       0x78 Output/ble_app_hrs_c_pca10028_s130 nrf51422_xxac/Obj/fds.o
 .text.record_find
                0x00022b6c       0x8c Output/ble_app_hrs_c_pca10028_s130 nrf51422_xxac/Obj/fds.o
 .text.chunk_queue_get_and_advance
                0x00022bf8       0x28 Output/ble_app_hrs_c_pca10028_s130 nrf51422_xxac/Obj/fds.o
 .text.chunk_queue_skip
                0x00022c20       0x24 Output/ble_app_hrs_c_pca10028_s130 nrf51422_xxac/Obj/fds.o
 .text.pages_init
                0x00022c44       0xf8 Output/ble_app_hrs_c_pca10028_s130 nrf51422_xxac/Obj/fds.o
 .text.gc_init  0x00022d3c       0x34 Output/ble_app_hrs_c_pca10028_s130 nrf51422_xxac/Obj/fds.o
 .text.gc_page_next
                0x00022d70       0x48 Output/ble_app_hrs_c_pca10028_s130 nrf51422_xxac/Obj/fds.o
 .text.gc_update_swap_offset
                0x00022db8       0x1c Output/ble_app_hrs_c_pca10028_s130 nrf51422_xxac/Obj/fds.o
 .text.gc_swap_pages
                0x00022dd4       0x2c Output/ble_app_hrs_c_pca10028_s130 nrf51422_xxac/Obj/fds.o
 .text.gc_state_advance
                0x00022e00       0x50 Output/ble_app_hrs_c_pca10028_s130 nrf51422_xxac/Obj/fds.o
 .text.gc_swap_erase
                0x00022e50       0x28 Output/ble_app_hrs_c_pca10028_s130 nrf51422_xxac/Obj/fds.o
 .text.gc_page_erase
                0x00022e78       0x3c Output/ble_app_hrs_c_pca10028_s130 nrf51422_xxac/Obj/fds.o
 .text.page_tag_write_swap
                0x00022eb4       0x28 Output/ble_app_hrs_c_pca10028_s130 nrf51422_xxac/Obj/fds.o
 .text.gc_tag_new_swap
                0x00022edc       0x18 Output/ble_app_hrs_c_pca10028_s130 nrf51422_xxac/Obj/fds.o
 .text.page_tag_write_data
                0x00022ef4       0x20 Output/ble_app_hrs_c_pca10028_s130 nrf51422_xxac/Obj/fds.o
 .text.init_execute
                0x00022f14       0xdc Output/ble_app_hrs_c_pca10028_s130 nrf51422_xxac/Obj/fds.o
 .text.gc_swap_promote
                0x00022ff0       0x20 Output/ble_app_hrs_c_pca10028_s130 nrf51422_xxac/Obj/fds.o
 .text.record_header_write_begin
                0x00023010       0x28 Output/ble_app_hrs_c_pca10028_s130 nrf51422_xxac/Obj/fds.o
 .text.record_header_write_id
                0x00023038       0x34 Output/ble_app_hrs_c_pca10028_s130 nrf51422_xxac/Obj/fds.o
 .text.record_write_chunk
                0x0002306c       0x50 Output/ble_app_hrs_c_pca10028_s130 nrf51422_xxac/Obj/fds.o
 .text.record_header_write_finalize
                0x000230bc       0x34 Output/ble_app_hrs_c_pca10028_s130 nrf51422_xxac/Obj/fds.o
 .text.record_header_flag_dirty
                0x000230f0       0x28 Output/ble_app_hrs_c_pca10028_s130 nrf51422_xxac/Obj/fds.o
 .text.write_execute
                0x00023118       0xc0 Output/ble_app_hrs_c_pca10028_s130 nrf51422_xxac/Obj/fds.o
 .text.record_find_and_delete
                0x000231d8       0x4c Output/ble_app_hrs_c_pca10028_s130 nrf51422_xxac/Obj/fds.o
 .text.gc_record_copy
                0x00023224       0x38 Output/ble_app_hrs_c_pca10028_s130 nrf51422_xxac/Obj/fds.o
 .text.gc_record_find_next
                0x0002325c       0x20 Output/ble_app_hrs_c_pca10028_s130 nrf51422_xxac/Obj/fds.o
 .text.gc_next_page
                0x0002327c       0x2c Output/ble_app_hrs_c_pca10028_s130 nrf51422_xxac/Obj/fds.o
 .text.gc_execute
                0x000232a8       0x60 Output/ble_app_hrs_c_pca10028_s130 nrf51422_xxac/Obj/fds.o
 .text.file_find_and_delete
                0x00023308       0x44 Output/ble_app_hrs_c_pca10028_s130 nrf51422_xxac/Obj/fds.o
 .text.delete_execute
                0x0002334c       0x44 Output/ble_app_hrs_c_pca10028_s130 nrf51422_xxac/Obj/fds.o
 .text.queue_advance
                0x00023390       0x3c Output/ble_app_hrs_c_pca10028_s130 nrf51422_xxac/Obj/fds.o
 .text.queue_process
                0x000233cc       0x8c Output/ble_app_hrs_c_pca10028_s130 nrf51422_xxac/Obj/fds.o
 .text.fs_event_handler
                0x00023458        0xc Output/ble_app_hrs_c_pca10028_s130 nrf51422_xxac/Obj/fds.o
 .text.queue_start
                0x00023464       0x1c Output/ble_app_hrs_c_pca10028_s130 nrf51422_xxac/Obj/fds.o
 .text.chunk_queue_next
                0x00023480       0x1c Output/ble_app_hrs_c_pca10028_s130 nrf51422_xxac/Obj/fds.o
                0x00023480                chunk_queue_next
 .text.op_enqueue
                0x0002349c       0xa4 Output/ble_app_hrs_c_pca10028_s130 nrf51422_xxac/Obj/fds.o
 .text.write_enqueue
                0x00023540      0x118 Output/ble_app_hrs_c_pca10028_s130 nrf51422_xxac/Obj/fds.o
 .text.fds_register
                0x00023658       0x24 Output/ble_app_hrs_c_pca10028_s130 nrf51422_xxac/Obj/fds.o
                0x00023658                fds_register
 .text.fds_init
                0x0002367c       0xa0 Output/ble_app_hrs_c_pca10028_s130 nrf51422_xxac/Obj/fds.o
                0x0002367c                fds_init
 .text.fds_record_open
                0x0002371c       0x54 Output/ble_app_hrs_c_pca10028_s130 nrf51422_xxac/Obj/fds.o
                0x0002371c                fds_record_open
 .text.fds_record_close
                0x00023770       0x54 Output/ble_app_hrs_c_pca10028_s130 nrf51422_xxac/Obj/fds.o
                0x00023770                fds_record_close
 .text.fds_reserve
                0x000237c4       0x3c Output/ble_app_hrs_c_pca10028_s130 nrf51422_xxac/Obj/fds.o
                0x000237c4                fds_reserve
 .text.fds_reserve_cancel
                0x00023800       0x4c Output/ble_app_hrs_c_pca10028_s130 nrf51422_xxac/Obj/fds.o
                0x00023800                fds_reserve_cancel
 .text.fds_record_write
                0x0002384c        0xc Output/ble_app_hrs_c_pca10028_s130 nrf51422_xxac/Obj/fds.o
                0x0002384c                fds_record_write
 .text.fds_record_write_reserved
                0x00023858       0x14 Output/ble_app_hrs_c_pca10028_s130 nrf51422_xxac/Obj/fds.o
                0x00023858                fds_record_write_reserved
 .text.fds_record_update
                0x0002386c       0x14 Output/ble_app_hrs_c_pca10028_s130 nrf51422_xxac/Obj/fds.o
                0x0002386c                fds_record_update
 .text.fds_file_delete
                0x00023880       0x48 Output/ble_app_hrs_c_pca10028_s130 nrf51422_xxac/Obj/fds.o
                0x00023880                fds_file_delete
 .text.fds_gc   0x000238c8       0x44 Output/ble_app_hrs_c_pca10028_s130 nrf51422_xxac/Obj/fds.o
                0x000238c8                fds_gc
 .text.fds_record_find
                0x0002390c       0x1c Output/ble_app_hrs_c_pca10028_s130 nrf51422_xxac/Obj/fds.o
                0x0002390c                fds_record_find
 .text.fds_record_find_by_key
                0x00023928       0x1c Output/ble_app_hrs_c_pca10028_s130 nrf51422_xxac/Obj/fds.o
                0x00023928                fds_record_find_by_key
 .text.fds_record_find_in_file
                0x00023944       0x1c Output/ble_app_hrs_c_pca10028_s130 nrf51422_xxac/Obj/fds.o
                0x00023944                fds_record_find_in_file
 .text.fds_record_id_from_desc
                0x00023960       0x18 Output/ble_app_hrs_c_pca10028_s130 nrf51422_xxac/Obj/fds.o
                0x00023960                fds_record_id_from_desc
 .text.fs_flash_page_end_addr
                0x00023978       0x18 Output/ble_app_hrs_c_pca10028_s130 nrf51422_xxac/Obj/fstorage.o
 .text.sd_flash_write
                0x00023990        0x4 Output/ble_app_hrs_c_pca10028_s130 nrf51422_xxac/Obj/fstorage.o
 .text.sd_flash_page_erase
                0x00023994        0x4 Output/ble_app_hrs_c_pca10028_s130 nrf51422_xxac/Obj/fstorage.o
 .text.check_config
                0x00023998       0x28 Output/ble_app_hrs_c_pca10028_s130 nrf51422_xxac/Obj/fstorage.o
 .text.store_execute
                0x000239c0       0x24 Output/ble_app_hrs_c_pca10028_s130 nrf51422_xxac/Obj/fstorage.o
 .text.erase_execute
                0x000239e4        0xc Output/ble_app_hrs_c_pca10028_s130 nrf51422_xxac/Obj/fstorage.o
 .text.queue_advance
                0x000239f0       0x34 Output/ble_app_hrs_c_pca10028_s130 nrf51422_xxac/Obj/fstorage.o
 .text.queue_get_next_free
                0x00023a24       0x38 Output/ble_app_hrs_c_pca10028_s130 nrf51422_xxac/Obj/fstorage.o
 .text.send_event
                0x00023a5c       0x54 Output/ble_app_hrs_c_pca10028_s130 nrf51422_xxac/Obj/fstorage.o
 .text.queue_process
                0x00023ab0       0x5c Output/ble_app_hrs_c_pca10028_s130 nrf51422_xxac/Obj/fstorage.o
 .text.queue_start
                0x00023b0c       0x20 Output/ble_app_hrs_c_pca10028_s130 nrf51422_xxac/Obj/fstorage.o
 .text.on_operation_success
                0x00023b2c       0x60 Output/ble_app_hrs_c_pca10028_s130 nrf51422_xxac/Obj/fstorage.o
 .text.on_operation_failure
                0x00023b8c       0x28 Output/ble_app_hrs_c_pca10028_s130 nrf51422_xxac/Obj/fstorage.o
 .text.fs_init  0x00023bb4       0xb0 Output/ble_app_hrs_c_pca10028_s130 nrf51422_xxac/Obj/fstorage.o
                0x00023bb4                fs_init
 .text.fs_store
                0x00023c64       0x94 Output/ble_app_hrs_c_pca10028_s130 nrf51422_xxac/Obj/fstorage.o
                0x00023c64                fs_store
 .text.fs_erase
                0x00023cf8       0x84 Output/ble_app_hrs_c_pca10028_s130 nrf51422_xxac/Obj/fstorage.o
                0x00023cf8                fs_erase
 .text.fs_queued_op_count_get
                0x00023d7c       0x18 Output/ble_app_hrs_c_pca10028_s130 nrf51422_xxac/Obj/fstorage.o
                0x00023d7c                fs_queued_op_count_get
 .text.fs_sys_event_handler
                0x00023d94       0x5c Output/ble_app_hrs_c_pca10028_s130 nrf51422_xxac/Obj/fstorage.o
                0x00023d94                fs_sys_event_handler
 .text.uart_event_handler
                0x00023df0       0xd4 Output/ble_app_hrs_c_pca10028_s130 nrf51422_xxac/Obj/app_uart_fifo.o
 .text.app_uart_init
                0x00023ec4       0xc8 Output/ble_app_hrs_c_pca10028_s130 nrf51422_xxac/Obj/app_uart_fifo.o
                0x00023ec4                app_uart_init
 .text.app_uart_get
                0x00023f8c       0x40 Output/ble_app_hrs_c_pca10028_s130 nrf51422_xxac/Obj/app_uart_fifo.o
                0x00023f8c                app_uart_get
 .text.app_uart_put
                0x00023fcc       0x40 Output/ble_app_hrs_c_pca10028_s130 nrf51422_xxac/Obj/app_uart_fifo.o
                0x00023fcc                app_uart_put
 .text.app_fifo_init
                0x0002400c       0x28 Output/ble_app_hrs_c_pca10028_s130 nrf51422_xxac/Obj/app_fifo.o
                0x0002400c                app_fifo_init
 .text.app_fifo_put
                0x00024034       0x24 Output/ble_app_hrs_c_pca10028_s130 nrf51422_xxac/Obj/app_fifo.o
                0x00024034                app_fifo_put
 .text.app_fifo_get
                0x00024058       0x24 Output/ble_app_hrs_c_pca10028_s130 nrf51422_xxac/Obj/app_fifo.o
                0x00024058                app_fifo_get
 .text.serial_is_busy
                0x0002407c        0x4 Output/ble_app_hrs_c_pca10028_s130 nrf51422_xxac/Obj/nrf_log_backend_serial.o
 .text.buf_len_update
                0x00024080       0x14 Output/ble_app_hrs_c_pca10028_s130 nrf51422_xxac/Obj/nrf_log_backend_serial.o
 .text.byte2hex
                0x00024094       0x30 Output/ble_app_hrs_c_pca10028_s130 nrf51422_xxac/Obj/nrf_log_backend_serial.o
 .text.timestamp_process
                0x000240c4       0x30 Output/ble_app_hrs_c_pca10028_s130 nrf51422_xxac/Obj/nrf_log_backend_serial.o
 .text.serial_tx
                0x000240f4       0x2c Output/ble_app_hrs_c_pca10028_s130 nrf51422_xxac/Obj/nrf_log_backend_serial.o
 .text.nrf_log_backend_serial_std_handler
                0x00024120      0x158 Output/ble_app_hrs_c_pca10028_s130 nrf51422_xxac/Obj/nrf_log_backend_serial.o
 .text.nrf_log_backend_serial_hexdump_handler
                0x00024278      0x144 Output/ble_app_hrs_c_pca10028_s130 nrf51422_xxac/Obj/nrf_log_backend_serial.o
 .text.nrf_log_backend_init
                0x000243bc       0x30 Output/ble_app_hrs_c_pca10028_s130 nrf51422_xxac/Obj/nrf_log_backend_serial.o
                0x000243bc                nrf_log_backend_init
 .text.nrf_log_backend_std_handler_get
                0x000243ec        0x8 Output/ble_app_hrs_c_pca10028_s130 nrf51422_xxac/Obj/nrf_log_backend_serial.o
                0x000243ec                nrf_log_backend_std_handler_get
 .text.nrf_log_backend_hexdump_handler_get
                0x000243f4        0x8 Output/ble_app_hrs_c_pca10028_s130 nrf51422_xxac/Obj/nrf_log_backend_serial.o
                0x000243f4                nrf_log_backend_hexdump_handler_get
 .text.nrf_log_blocking_backend_set
                0x000243fc        0xc Output/ble_app_hrs_c_pca10028_s130 nrf51422_xxac/Obj/nrf_log_frontend.o
                0x000243fc                nrf_log_blocking_backend_set
 .text.nrf_log_handlers_set
                0x00024408       0x18 Output/ble_app_hrs_c_pca10028_s130 nrf51422_xxac/Obj/nrf_log_frontend.o
                0x00024408                nrf_log_handlers_set
 .text.nrf_log_frontend_init
                0x00024420       0x18 Output/ble_app_hrs_c_pca10028_s130 nrf51422_xxac/Obj/nrf_log_frontend.o
                0x00024420                nrf_log_frontend_init
 .text.nrf_log_init
                0x00024438       0x28 Output/ble_app_hrs_c_pca10028_s130 nrf51422_xxac/Obj/nrf_log_frontend.o
                0x00024438                nrf_log_init
 .text.nrf_log_frontend_std_0
                0x00024460       0x8c Output/ble_app_hrs_c_pca10028_s130 nrf51422_xxac/Obj/nrf_log_frontend.o
                0x00024460                nrf_log_frontend_std_0
 .text.nrf_log_frontend_std_1
                0x000244ec       0xa0 Output/ble_app_hrs_c_pca10028_s130 nrf51422_xxac/Obj/nrf_log_frontend.o
                0x000244ec                nrf_log_frontend_std_1
 .text.nrf_log_frontend_std_2
                0x0002458c       0xb4 Output/ble_app_hrs_c_pca10028_s130 nrf51422_xxac/Obj/nrf_log_frontend.o
                0x0002458c                nrf_log_frontend_std_2
 .text.nrf_log_frontend_std_3
                0x00024640       0xc0 Output/ble_app_hrs_c_pca10028_s130 nrf51422_xxac/Obj/nrf_log_frontend.o
                0x00024640                nrf_log_frontend_std_3
 .text.buffer_is_empty
                0x00024700       0x14 Output/ble_app_hrs_c_pca10028_s130 nrf51422_xxac/Obj/nrf_log_frontend.o
                0x00024700                buffer_is_empty
 .text.nrf_log_frontend_dequeue
                0x00024714      0x1b4 Output/ble_app_hrs_c_pca10028_s130 nrf51422_xxac/Obj/nrf_log_frontend.o
                0x00024714                nrf_log_frontend_dequeue
 .text._GetAvailWriteSpace
                0x000248c8       0x18 Output/ble_app_hrs_c_pca10028_s130 nrf51422_xxac/Obj/SEGGER_RTT.o
 .text._WriteNoCheck
                0x000248e0       0x3c Output/ble_app_hrs_c_pca10028_s130 nrf51422_xxac/Obj/SEGGER_RTT.o
 .text._WriteBlocking
                0x0002491c       0x68 Output/ble_app_hrs_c_pca10028_s130 nrf51422_xxac/Obj/SEGGER_RTT.o
 .text._DoInit  0x00024984       0x60 Output/ble_app_hrs_c_pca10028_s130 nrf51422_xxac/Obj/SEGGER_RTT.o
 .text.SEGGER_RTT_WriteNoLock
                0x000249e4       0x74 Output/ble_app_hrs_c_pca10028_s130 nrf51422_xxac/Obj/SEGGER_RTT.o
                0x000249e4                SEGGER_RTT_WriteNoLock
 .text.SEGGER_RTT_Init
                0x00024a58       0x14 Output/ble_app_hrs_c_pca10028_s130 nrf51422_xxac/Obj/SEGGER_RTT.o
                0x00024a58                SEGGER_RTT_Init
 .text.sd_evt_get
                0x00024a6c        0x4 Output/ble_app_hrs_c_pca10028_s130 nrf51422_xxac/Obj/softdevice_handler.o
 .text.sd_softdevice_enable
                0x00024a70        0x4 Output/ble_app_hrs_c_pca10028_s130 nrf51422_xxac/Obj/softdevice_handler.o
 .text.sd_ble_enable
                0x00024a74        0x4 Output/ble_app_hrs_c_pca10028_s130 nrf51422_xxac/Obj/softdevice_handler.o
 .text.sd_ble_evt_get
                0x00024a78        0x4 Output/ble_app_hrs_c_pca10028_s130 nrf51422_xxac/Obj/softdevice_handler.o
 .text.softdevice_fault_handler
                0x00024a7c        0x8 Output/ble_app_hrs_c_pca10028_s130 nrf51422_xxac/Obj/softdevice_handler.o
                0x00024a7c                softdevice_fault_handler
 .text.intern_softdevice_events_execute
                0x00024a84       0xac Output/ble_app_hrs_c_pca10028_s130 nrf51422_xxac/Obj/softdevice_handler.o
                0x00024a84                intern_softdevice_events_execute
 .text.softdevice_handler_is_enabled
                0x00024b30        0xc Output/ble_app_hrs_c_pca10028_s130 nrf51422_xxac/Obj/softdevice_handler.o
                0x00024b30                softdevice_handler_is_enabled
 .text.softdevice_handler_init
                0x00024b3c       0xb8 Output/ble_app_hrs_c_pca10028_s130 nrf51422_xxac/Obj/softdevice_handler.o
                0x00024b3c                softdevice_handler_init
 .text.softdevice_ble_evt_handler_set
                0x00024bf4       0x14 Output/ble_app_hrs_c_pca10028_s130 nrf51422_xxac/Obj/softdevice_handler.o
                0x00024bf4                softdevice_ble_evt_handler_set
 .text.softdevice_sys_evt_handler_set
                0x00024c08       0x14 Output/ble_app_hrs_c_pca10028_s130 nrf51422_xxac/Obj/softdevice_handler.o
                0x00024c08                softdevice_sys_evt_handler_set
 .text.SWI2_IRQHandler
                0x00024c1c       0x20 Output/ble_app_hrs_c_pca10028_s130 nrf51422_xxac/Obj/softdevice_handler.o
                0x00024c1c                SWI2_IRQHandler
 .text.softdevice_enable_get_default_config
                0x00024c3c       0x30 Output/ble_app_hrs_c_pca10028_s130 nrf51422_xxac/Obj/softdevice_handler.o
                0x00024c3c                softdevice_enable_get_default_config
 .text.softdevice_enable
                0x00024c6c       0x78 Output/ble_app_hrs_c_pca10028_s130 nrf51422_xxac/Obj/softdevice_handler.o
                0x00024c6c                softdevice_enable
 .text.libc.__int32_div
                0x00024ce4       0x64 /Applications/SEGGER Embedded Studio 3.10i/lib/libc_v6m_t_le_eabi.a(libc_asm.o)
                0x00024ce4                __aeabi_idiv
                0x00024ce4                __int32_div
                0x00024ce4                __divsi3
                0x00024d20                __udivsi3
                0x00024d20                __uint32_div
                0x00024d20                __aeabi_uidiv
 .text.libc.__aeabi_uidivmod
                0x00024d48       0x2c /Applications/SEGGER Embedded Studio 3.10i/lib/libc_v6m_t_le_eabi.a(libc_asm.o)
                0x00024d48                __int32_udivmod
                0x00024d48                __aeabi_uidivmod
 .text.libc.__aeabi_idivmod
                0x00024d74       0x40 /Applications/SEGGER Embedded Studio 3.10i/lib/libc_v6m_t_le_eabi.a(libc_asm.o)
                0x00024d74                __aeabi_idivmod
 .text.libc.__RAL_ascii_isctype
                0x00024db4       0x1c /Applications/SEGGER Embedded Studio 3.10i/lib/libc_v6m_t_le_eabi.a(libc2.o)
 .text.libc.__RAL_ascii_toupper
                0x00024dd0       0x10 /Applications/SEGGER Embedded Studio 3.10i/lib/libc_v6m_t_le_eabi.a(libc2.o)
 .text.libc.__RAL_ascii_tolower
                0x00024de0       0x10 /Applications/SEGGER Embedded Studio 3.10i/lib/libc_v6m_t_le_eabi.a(libc2.o)
 .text.libc.__RAL_ascii_iswctype
                0x00024df0       0x1c /Applications/SEGGER Embedded Studio 3.10i/lib/libc_v6m_t_le_eabi.a(libc2.o)
 .text.libc.__RAL_ascii_towupper
                0x00024e0c       0x10 /Applications/SEGGER Embedded Studio 3.10i/lib/libc_v6m_t_le_eabi.a(libc2.o)
 .text.libc.__RAL_ascii_towlower
                0x00024e1c       0x10 /Applications/SEGGER Embedded Studio 3.10i/lib/libc_v6m_t_le_eabi.a(libc2.o)
 .text.libc.__RAL_ascii_wctomb
                0x00024e2c       0x10 /Applications/SEGGER Embedded Studio 3.10i/lib/libc_v6m_t_le_eabi.a(libc2.o)
                0x00024e2c                __RAL_ascii_wctomb
 .text.libc.__RAL_ascii_mbtowc
                0x00024e3c       0x28 /Applications/SEGGER Embedded Studio 3.10i/lib/libc_v6m_t_le_eabi.a(libc2.o)
                0x00024e3c                __RAL_ascii_mbtowc
 .text.libc.__getc
                0x00024e64       0x24 /Applications/SEGGER Embedded Studio 3.10i/lib/libc_v6m_t_le_eabi.a(libc2.o)
                0x00024e64                __getc
 .text.libc.__putc
                0x00024e88       0x38 /Applications/SEGGER Embedded Studio 3.10i/lib/libc_v6m_t_le_eabi.a(libc2.o)
                0x00024e88                __putc
 .text.libc.__RAL_isctype
                0x00024ec0       0x14 /Applications/SEGGER Embedded Studio 3.10i/lib/libc_v6m_t_le_eabi.a(libc2.o)
                0x00024ec0                __RAL_isctype
 .text.libc.isupper
                0x00024ed4        0xc /Applications/SEGGER Embedded Studio 3.10i/lib/libc_v6m_t_le_eabi.a(libc2.o)
                0x00024ed4                isupper
 .text.libc.islower
                0x00024ee0        0xc /Applications/SEGGER Embedded Studio 3.10i/lib/libc_v6m_t_le_eabi.a(libc2.o)
                0x00024ee0                islower
 .text.libc.isdigit
                0x00024eec        0xc /Applications/SEGGER Embedded Studio 3.10i/lib/libc_v6m_t_le_eabi.a(libc2.o)
                0x00024eec                isdigit
 .text.libc.__digit
                0x00024ef8       0x44 /Applications/SEGGER Embedded Studio 3.10i/lib/libc_v6m_t_le_eabi.a(libc2.o)
                0x00024ef8                __digit
 .text.libc.isspace
                0x00024f3c        0xc /Applications/SEGGER Embedded Studio 3.10i/lib/libc_v6m_t_le_eabi.a(libc2.o)
                0x00024f3c                isspace
 .text.libc.isprint
                0x00024f48        0xc /Applications/SEGGER Embedded Studio 3.10i/lib/libc_v6m_t_le_eabi.a(libc2.o)
                0x00024f48                isprint
 .text.libc.memcmp
                0x00024f54       0x38 /Applications/SEGGER Embedded Studio 3.10i/lib/libc_v6m_t_le_eabi.a(libc2.o)
                0x00024f54                memcmp
 .text.libc.snprintf
                0x00024f8c       0x24 /Applications/SEGGER Embedded Studio 3.10i/lib/libc_v6m_t_le_eabi.a(libc2.o)
                0x00024f8c                snprintf
 .text.libc.sprintf
                0x00024fb0       0x28 /Applications/SEGGER Embedded Studio 3.10i/lib/libc_v6m_t_le_eabi.a(libc2.o)
                0x00024fb0                sprintf
 .text.libc.sscanf
                0x00024fd8       0x24 /Applications/SEGGER Embedded Studio 3.10i/lib/libc_v6m_t_le_eabi.a(libc2.o)
                0x00024fd8                sscanf
 .text.libc.strncmp
                0x00024ffc       0x40 /Applications/SEGGER Embedded Studio 3.10i/lib/libc_v6m_t_le_eabi.a(libc2.o)
                0x00024ffc                strncmp
 .text.libc.memcpy
                0x0002503c       0x18 /Applications/SEGGER Embedded Studio 3.10i/lib/libc_v6m_t_le_eabi.a(libc2_asm.o)
                0x0002503c                memcpy
                0x0002503c                __aeabi_memcpy
                0x0002503c                __aeabi_memcpy4
                0x0002503c                __aeabi_memcpy8
 .text.libc.memset
                0x00025054       0x14 /Applications/SEGGER Embedded Studio 3.10i/lib/libc_v6m_t_le_eabi.a(libc2_asm.o)
                0x00025054                memset
 .text.libc.strcpy
                0x00025068       0x10 /Applications/SEGGER Embedded Studio 3.10i/lib/libc_v6m_t_le_eabi.a(libc2_asm.o)
                0x00025068                strcpy
 .text.libc.strlen
                0x00025078       0x10 /Applications/SEGGER Embedded Studio 3.10i/lib/libc_v6m_t_le_eabi.a(libc2_asm.o)
                0x00025078                strlen
 .text.libc.__vfprintf_int_nwp
                0x00025088      0x33c /Applications/SEGGER Embedded Studio 3.10i/lib/libvfprintf_v6m_t_le_eabi.o
                0x00025088                __vfprintf_int_nwp
 .text.libc.__ungetc
                0x000253c4       0x20 /Applications/SEGGER Embedded Studio 3.10i/lib/libvfscanf_v6m_t_le_eabi.o
 .text.libc.rd_string
                0x000253e4       0xbc /Applications/SEGGER Embedded Studio 3.10i/lib/libvfscanf_v6m_t_le_eabi.o
 .text.libc.rd_string_map